###############################################################################
#
# IAR ELF Linker V9.50.2.385/W64 for ARM                  02/May/2024  09:44:24
# Copyright 2007-2024 IAR Systems AB.
#
#    Output file  =
#        C:\Users\Trinidad\Documents\Edge Power
#        Meter\DemoMeterApp_PIC32CXMTx-DB_v2.1.3\thirdparty\metrology\demo_meter\pic32cx2051mtc128_pic32cxmtc_db\iar\Debug\Exe\metrology_demometer_flash.out
#    Map file     =
#        C:\Users\Trinidad\Documents\Edge Power
#        Meter\DemoMeterApp_PIC32CXMTx-DB_v2.1.3\thirdparty\metrology\demo_meter\pic32cx2051mtc128_pic32cxmtc_db\iar\Debug\List\metrology_demometer_flash.map
#    Command line =
#        -f "C:\Users\Trinidad\Documents\Edge Power
#        Meter\DemoMeterApp_PIC32CXMTx-DB_v2.1.3\thirdparty\metrology\demo_meter\pic32cx2051mtc128_pic32cxmtc_db\iar\Debug\Exe\metrology_demometer_flash.out.rsp"
#        ("C:\Users\Trinidad\Documents\Edge Power
#        Meter\DemoMeterApp_PIC32CXMTx-DB_v2.1.3\thirdparty\metrology\demo_meter\pic32cx2051mtc128_pic32cxmtc_db\iar\Debug\Obj\basetimer_4936673974756582190.dir\basetime.o"
#        "C:\Users\Trinidad\Documents\Edge Power
#        Meter\DemoMeterApp_PIC32CXMTx-DB_v2.1.3\thirdparty\metrology\demo_meter\pic32cx2051mtc128_pic32cxmtc_db\iar\Debug\Obj\chipid_13066561950281449856.dir\chipid.o"
#        "C:\Users\Trinidad\Documents\Edge Power
#        Meter\DemoMeterApp_PIC32CXMTx-DB_v2.1.3\thirdparty\metrology\demo_meter\pic32cx2051mtc128_pic32cxmtc_db\iar\Debug\Obj\cl010_11579800423161132974.dir\cl010_slcdc.o"
#        "C:\Users\Trinidad\Documents\Edge Power
#        Meter\DemoMeterApp_PIC32CXMTx-DB_v2.1.3\thirdparty\metrology\demo_meter\pic32cx2051mtc128_pic32cxmtc_db\iar\Debug\Obj\cmcc_7489387026569200248.dir\cmcc.o"
#        "C:\Users\Trinidad\Documents\Edge Power
#        Meter\DemoMeterApp_PIC32CXMTx-DB_v2.1.3\thirdparty\metrology\demo_meter\pic32cx2051mtc128_pic32cxmtc_db\iar\Debug\Obj\command_8906228788617416980.dir\command.o"
#        "C:\Users\Trinidad\Documents\Edge Power
#        Meter\DemoMeterApp_PIC32CXMTx-DB_v2.1.3\thirdparty\metrology\demo_meter\pic32cx2051mtc128_pic32cxmtc_db\iar\Debug\Obj\coproc_9749331468082316160.dir\coproc.o"
#        "C:\Users\Trinidad\Documents\Edge Power
#        Meter\DemoMeterApp_PIC32CXMTx-DB_v2.1.3\thirdparty\metrology\demo_meter\pic32cx2051mtc128_pic32cxmtc_db\iar\Debug\Obj\sam_12540497443070241048.dir\cycle_counter.o"
#        "C:\Users\Trinidad\Documents\Edge Power
#        Meter\DemoMeterApp_PIC32CXMTx-DB_v2.1.3\thirdparty\metrology\demo_meter\pic32cx2051mtc128_pic32cxmtc_db\iar\Debug\Obj\demand_17355641823859620046.dir\demand.o"
#        "C:\Users\Trinidad\Documents\Edge Power
#        Meter\DemoMeterApp_PIC32CXMTx-DB_v2.1.3\thirdparty\metrology\demo_meter\pic32cx2051mtc128_pic32cxmtc_db\iar\Debug\Obj\display_17728295051085714797.dir\display.o"
#        "C:\Users\Trinidad\Documents\Edge Power
#        Meter\DemoMeterApp_PIC32CXMTx-DB_v2.1.3\thirdparty\metrology\demo_meter\pic32cx2051mtc128_pic32cxmtc_db\iar\Debug\Obj\dwdt_12470398042489126074.dir\dwdt.o"
#        "C:\Users\Trinidad\Documents\Edge Power
#        Meter\DemoMeterApp_PIC32CXMTx-DB_v2.1.3\thirdparty\metrology\demo_meter\pic32cx2051mtc128_pic32cxmtc_db\iar\Debug\Obj\efc_6270090437959664630.dir\efc.o"
#        "C:\Users\Trinidad\Documents\Edge Power
#        Meter\DemoMeterApp_PIC32CXMTx-DB_v2.1.3\thirdparty\metrology\demo_meter\pic32cx2051mtc128_pic32cxmtc_db\iar\Debug\Obj\energy_17222462974655821958.dir\energy.o"
#        "C:\Users\Trinidad\Documents\Edge Power
#        Meter\DemoMeterApp_PIC32CXMTx-DB_v2.1.3\thirdparty\metrology\demo_meter\pic32cx2051mtc128_pic32cxmtc_db\iar\Debug\Obj\event_11943493266707601799.dir\event.o"
#        "C:\Users\Trinidad\Documents\Edge Power
#        Meter\DemoMeterApp_PIC32CXMTx-DB_v2.1.3\thirdparty\metrology\demo_meter\pic32cx2051mtc128_pic32cxmtc_db\iar\Debug\Obj\extmem_6959264042228827857.dir\extmem.o"
#        "C:\Users\Trinidad\Documents\Edge Power
#        Meter\DemoMeterApp_PIC32CXMTx-DB_v2.1.3\thirdparty\metrology\demo_meter\pic32cx2051mtc128_pic32cxmtc_db\iar\Debug\Obj\flexcom_6888569455888393767.dir\flexcom.o"
#        "C:\Users\Trinidad\Documents\Edge Power
#        Meter\DemoMeterApp_PIC32CXMTx-DB_v2.1.3\thirdparty\metrology\demo_meter\pic32cx2051mtc128_pic32cxmtc_db\iar\Debug\Obj\gpbr_6572994327841527292.dir\gpbr.o"
#        "C:\Users\Trinidad\Documents\Edge Power
#        Meter\DemoMeterApp_PIC32CXMTx-DB_v2.1.3\thirdparty\metrology\demo_meter\pic32cx2051mtc128_pic32cxmtc_db\iar\Debug\Obj\history_6017328472732847341.dir\history.o"
#        "C:\Users\Trinidad\Documents\Edge Power
#        Meter\DemoMeterApp_PIC32CXMTx-DB_v2.1.3\thirdparty\metrology\demo_meter\pic32cx2051mtc128_pic32cxmtc_db\iar\Debug\Obj\icm_15745070383992474706.dir\icm.o"
#        "C:\Users\Trinidad\Documents\Edge Power
#        Meter\DemoMeterApp_PIC32CXMTx-DB_v2.1.3\thirdparty\metrology\demo_meter\pic32cx2051mtc128_pic32cxmtc_db\iar\Debug\Obj\pic32cxmtc_db_15326935369949177419.dir\init.o"
#        "C:\Users\Trinidad\Documents\Edge Power
#        Meter\DemoMeterApp_PIC32CXMTx-DB_v2.1.3\thirdparty\metrology\demo_meter\pic32cx2051mtc128_pic32cxmtc_db\iar\Debug\Obj\interrupt_17014432481494778935.dir\interrupt_sam_nvic.o"
#        "C:\Users\Trinidad\Documents\Edge Power
#        Meter\DemoMeterApp_PIC32CXMTx-DB_v2.1.3\thirdparty\metrology\demo_meter\pic32cx2051mtc128_pic32cxmtc_db\iar\Debug\Obj\ipc_5619749694703802938.dir\ipc.o"
#        "C:\Users\Trinidad\Documents\Edge Power
#        Meter\DemoMeterApp_PIC32CXMTx-DB_v2.1.3\thirdparty\metrology\demo_meter\pic32cx2051mtc128_pic32cxmtc_db\iar\Debug\Obj\demo_meter_5572793459405541382.dir\main.o"
#        "C:\Users\Trinidad\Documents\Edge Power
#        Meter\DemoMeterApp_PIC32CXMTx-DB_v2.1.3\thirdparty\metrology\demo_meter\pic32cx2051mtc128_pic32cxmtc_db\iar\Debug\Obj\pic32cx_10721819307376783235.dir\matrix.o"
#        "C:\Users\Trinidad\Documents\Edge Power
#        Meter\DemoMeterApp_PIC32CXMTx-DB_v2.1.3\thirdparty\metrology\demo_meter\pic32cx2051mtc128_pic32cxmtc_db\iar\Debug\Obj\metrology_8079378378844777797.dir\metrology.o"
#        "C:\Users\Trinidad\Documents\Edge Power
#        Meter\DemoMeterApp_PIC32CXMTx-DB_v2.1.3\thirdparty\metrology\demo_meter\pic32cx2051mtc128_pic32cxmtc_db\iar\Debug\Obj\pdc_9659333879650592204.dir\pdc.o"
#        "C:\Users\Trinidad\Documents\Edge Power
#        Meter\DemoMeterApp_PIC32CXMTx-DB_v2.1.3\thirdparty\metrology\demo_meter\pic32cx2051mtc128_pic32cxmtc_db\iar\Debug\Obj\pic32cx_11649012628071203076.dir\pio.o"
#        "C:\Users\Trinidad\Documents\Edge Power
#        Meter\DemoMeterApp_PIC32CXMTx-DB_v2.1.3\thirdparty\metrology\demo_meter\pic32cx2051mtc128_pic32cxmtc_db\iar\Debug\Obj\pic32cx_11649012628071203076.dir\pio_handler.o"
#        "C:\Users\Trinidad\Documents\Edge Power
#        Meter\DemoMeterApp_PIC32CXMTx-DB_v2.1.3\thirdparty\metrology\demo_meter\pic32cx2051mtc128_pic32cxmtc_db\iar\Debug\Obj\pic32cx_634910764530157841.dir\pmc.o"
#        "C:\Users\Trinidad\Documents\Edge Power
#        Meter\DemoMeterApp_PIC32CXMTx-DB_v2.1.3\thirdparty\metrology\demo_meter\pic32cx2051mtc128_pic32cxmtc_db\iar\Debug\Obj\presskey_10794399148976416360.dir\presskey.o"
#        "C:\Users\Trinidad\Documents\Edge Power
#        Meter\DemoMeterApp_PIC32CXMTx-DB_v2.1.3\thirdparty\metrology\demo_meter\pic32cx2051mtc128_pic32cxmtc_db\iar\Debug\Obj\pic32cx_13603347718158513638.dir\qspi.o"
#        "C:\Users\Trinidad\Documents\Edge Power
#        Meter\DemoMeterApp_PIC32CXMTx-DB_v2.1.3\thirdparty\metrology\demo_meter\pic32cx2051mtc128_pic32cxmtc_db\iar\Debug\Obj\stdio_5455814441982807288.dir\read.o"
#        "C:\Users\Trinidad\Documents\Edge Power
#        Meter\DemoMeterApp_PIC32CXMTx-DB_v2.1.3\thirdparty\metrology\demo_meter\pic32cx2051mtc128_pic32cxmtc_db\iar\Debug\Obj\rstc_15885853018164111619.dir\rstc.o"
#        "C:\Users\Trinidad\Documents\Edge Power
#        Meter\DemoMeterApp_PIC32CXMTx-DB_v2.1.3\thirdparty\metrology\demo_meter\pic32cx2051mtc128_pic32cxmtc_db\iar\Debug\Obj\rtc_8534214779885698296.dir\rtc.o"
#        "C:\Users\Trinidad\Documents\Edge Power
#        Meter\DemoMeterApp_PIC32CXMTx-DB_v2.1.3\thirdparty\metrology\demo_meter\pic32cx2051mtc128_pic32cxmtc_db\iar\Debug\Obj\rtcproc_3244680199167186646.dir\rtcproc.o"
#        "C:\Users\Trinidad\Documents\Edge Power
#        Meter\DemoMeterApp_PIC32CXMTx-DB_v2.1.3\thirdparty\metrology\demo_meter\pic32cx2051mtc128_pic32cxmtc_db\iar\Debug\Obj\rtt_16311937672687947566.dir\rtt.o"
#        "C:\Users\Trinidad\Documents\Edge Power
#        Meter\DemoMeterApp_PIC32CXMTx-DB_v2.1.3\thirdparty\metrology\demo_meter\pic32cx2051mtc128_pic32cxmtc_db\iar\Debug\Obj\sfr_7047017103419163853.dir\sfr.o"
#        "C:\Users\Trinidad\Documents\Edge Power
#        Meter\DemoMeterApp_PIC32CXMTx-DB_v2.1.3\thirdparty\metrology\demo_meter\pic32cx2051mtc128_pic32cxmtc_db\iar\Debug\Obj\slcdc_873949449722968577.dir\slcdc.o"
#        "C:\Users\Trinidad\Documents\Edge Power
#        Meter\DemoMeterApp_PIC32CXMTx-DB_v2.1.3\thirdparty\metrology\demo_meter\pic32cx2051mtc128_pic32cxmtc_db\iar\Debug\Obj\pic32cx_634910764530157841.dir\sleep.o"
#        "C:\Users\Trinidad\Documents\Edge Power
#        Meter\DemoMeterApp_PIC32CXMTx-DB_v2.1.3\thirdparty\metrology\demo_meter\pic32cx2051mtc128_pic32cxmtc_db\iar\Debug\Obj\sam_3596523682536596269.dir\sleepmgr.o"
#        "C:\Users\Trinidad\Documents\Edge Power
#        Meter\DemoMeterApp_PIC32CXMTx-DB_v2.1.3\thirdparty\metrology\demo_meter\pic32cx2051mtc128_pic32cxmtc_db\iar\Debug\Obj\sst26vfxxx_5837435984781979122.dir\sst26vfxxx.o"
#        "C:\Users\Trinidad\Documents\Edge Power
#        Meter\DemoMeterApp_PIC32CXMTx-DB_v2.1.3\thirdparty\metrology\demo_meter\pic32cx2051mtc128_pic32cxmtc_db\iar\Debug\Obj\iar_4832482394000501318.dir\startup_pic32cxmt.o"
#        "C:\Users\Trinidad\Documents\Edge Power
#        Meter\DemoMeterApp_PIC32CXMTx-DB_v2.1.3\thirdparty\metrology\demo_meter\pic32cx2051mtc128_pic32cxmtc_db\iar\Debug\Obj\pic32cx_15128000982733294162.dir\supc.o"
#        "C:\Users\Trinidad\Documents\Edge Power
#        Meter\DemoMeterApp_PIC32CXMTx-DB_v2.1.3\thirdparty\metrology\demo_meter\pic32cx2051mtc128_pic32cxmtc_db\iar\Debug\Obj\pic32cx_17052947085646343767.dir\sysclk.o"
#        "C:\Users\Trinidad\Documents\Edge Power
#        Meter\DemoMeterApp_PIC32CXMTx-DB_v2.1.3\thirdparty\metrology\demo_meter\pic32cx2051mtc128_pic32cxmtc_db\iar\Debug\Obj\templates_16553508189581584325.dir\system_pic32cxmt.o"
#        "C:\Users\Trinidad\Documents\Edge Power
#        Meter\DemoMeterApp_PIC32CXMTx-DB_v2.1.3\thirdparty\metrology\demo_meter\pic32cx2051mtc128_pic32cxmtc_db\iar\Debug\Obj\kenerl_17057865948722818158.dir\task.o"
#        "C:\Users\Trinidad\Documents\Edge Power
#        Meter\DemoMeterApp_PIC32CXMTx-DB_v2.1.3\thirdparty\metrology\demo_meter\pic32cx2051mtc128_pic32cxmtc_db\iar\Debug\Obj\tou_17325662007959550489.dir\tou.o"
#        "C:\Users\Trinidad\Documents\Edge Power
#        Meter\DemoMeterApp_PIC32CXMTx-DB_v2.1.3\thirdparty\metrology\demo_meter\pic32cx2051mtc128_pic32cxmtc_db\iar\Debug\Obj\uart_9721864324678920132.dir\uart.o"
#        "C:\Users\Trinidad\Documents\Edge Power
#        Meter\DemoMeterApp_PIC32CXMTx-DB_v2.1.3\thirdparty\metrology\demo_meter\pic32cx2051mtc128_pic32cxmtc_db\iar\Debug\Obj\usart_8294822555315349871.dir\usart.o"
#        "C:\Users\Trinidad\Documents\Edge Power
#        Meter\DemoMeterApp_PIC32CXMTx-DB_v2.1.3\thirdparty\metrology\demo_meter\pic32cx2051mtc128_pic32cxmtc_db\iar\Debug\Obj\serial_1807546217111395596.dir\usart_serial.o"
#        "C:\Users\Trinidad\Documents\Edge Power
#        Meter\DemoMeterApp_PIC32CXMTx-DB_v2.1.3\thirdparty\metrology\demo_meter\pic32cx2051mtc128_pic32cxmtc_db\iar\Debug\Obj\utils_14378979707904112178.dir\utils.o"
#        "C:\Users\Trinidad\Documents\Edge Power
#        Meter\DemoMeterApp_PIC32CXMTx-DB_v2.1.3\thirdparty\metrology\demo_meter\pic32cx2051mtc128_pic32cxmtc_db\iar\Debug\Obj\stdio_5455814441982807288.dir\write.o"
#        --no_out_extension -o "C:\Users\Trinidad\Documents\Edge Power
#        Meter\DemoMeterApp_PIC32CXMTx-DB_v2.1.3\thirdparty\metrology\demo_meter\pic32cx2051mtc128_pic32cxmtc_db\iar\Debug\Exe\metrology_demometer_flash.out"
#        --redirect _Printf=_PrintfLarge --redirect _Scanf=_ScanfSmall --map
#        "C:\Users\Trinidad\Documents\Edge Power
#        Meter\DemoMeterApp_PIC32CXMTx-DB_v2.1.3\thirdparty\metrology\demo_meter\pic32cx2051mtc128_pic32cxmtc_db\iar\Debug\List\metrology_demometer_flash.map"
#        --config "C:\Users\Trinidad\Documents\Edge Power
#        Meter\DemoMeterApp_PIC32CXMTx-DB_v2.1.3\thirdparty\metrology\demo_meter\pic32cx2051mtc128_pic32cxmtc_db\iar\..\..\..\..\..\sam\utils\linker_scripts\pic32cx\iar\pic32cx2051mtxx_0_flash.icf"
#        --remarks --image_input "C:\Users\Trinidad\Documents\Edge Power
#        Meter\DemoMeterApp_PIC32CXMTx-DB_v2.1.3\thirdparty\metrology\demo_meter\pic32cx2051mtc128_pic32cxmtc_db\iar\..\..\..\metrology_lib\core1_metlib.bin,core1_metlib,P_core1_metlib,8"
#        --entry __iar_program_start --no_exceptions "C:\Program Files\IAR
#        Systems\Embedded Workbench
#        9.2_2\arm\CMSIS\Lib\IAR\iar_cortexM4lf_math.a" --vfe --text_out locale
#        --cpu=Cortex-M4 --fpu=VFPv4_sp) --dependencies=n
#        "C:\Users\Trinidad\Documents\Edge Power
#        Meter\DemoMeterApp_PIC32CXMTx-DB_v2.1.3\thirdparty\metrology\demo_meter\pic32cx2051mtc128_pic32cxmtc_db\iar\Debug\Exe\metrology_demometer_flash.out.iar_deps"
#
###############################################################################

*******************************************************************************
*** RUNTIME MODEL ATTRIBUTES
***

CppFlavor       = *
__CPP_Runtime   = 1
__Heap_Handler  = NoFree
__SystemLibrary = DLib
__dlib_version  = 6


*******************************************************************************
*** HEAP SELECTION
***

The no free heap was selected because no calls to memory
deallocation functions were found in the application.


*******************************************************************************
*** PLACEMENT SUMMARY
***

"A0":  place at address 0x100'0000 { ro section .intvec };
define block ITCMInRom with alignment = 8 { section code_TCM_init };
define block DTCMInRom with alignment = 8 { section data_TCM_init };
"P1":  place in [from 0x100'0000 to 0x11f'ffff] {
          ro, block ITCMInRom, block DTCMInRom };
define block CSTACK with size = 8K, alignment = 8 { };
define block HEAP with size = 512, alignment = 8 { };
"P2":  place in [from 0x2000'0000 to 0x2007'ffff] {
          rw, block CSTACK, block HEAP };
initialize by copy { rw };

No sections matched the following patterns:

  section code_TCM       in "P3"
  section code_TCM_init  in block ITCMInRom
  section data_TCM       in "P4"
  section data_TCM_init  in block DTCMInRom


  Section            Kind         Address  Aligment      Size  Object
  -------            ----         -------  --------      ----  ------
"A0":                                                   0x1c4
  .intvec                      0x100'0000               0x1c4  <Block>
    .intvec          const     0x100'0000         4     0x1c4  startup_pic32cxmt.o [19]
                             - 0x100'01c4               0x1c4

"P1":                                                0x1'5f9f
  P_core1_metlib               0x100'01c8              0x496f  <Block>
    P_core1_metlib   const     0x100'01c8         8    0x496f  core1_metlib.bin [1]
  .rodata            const     0x100'4b37                 0x1  xlocale_c.o [50]
  Veneer             ro code   0x100'4b38         4       0x8  - Linker created -
  .text              ro code   0x100'4b40         4    0x3bc0  command.o [6]
  .text              ro code   0x100'8700         4     0x734  sysclk.o [30]
  .text              ro code   0x100'8e34         4     0x18a  usart.o [48]
  .text              ro code   0x100'8fbe         2      0x7e  lz77_init_single.o [52]
  .text              ro code   0x100'903c         4      0x5c  uart.o [47]
  .text              ro code   0x100'9098         4      0x34  pdc.o [25]
  .text              ro code   0x100'90cc         4      0x76  ABImemcpy_unaligned.o [52]
  .text              ro code   0x100'9142         2       0xa  xsprout.o [50]
  .text              ro code   0x100'914c         4      0x62  memcmp_unaligned.o [52]
  .rodata            const     0x100'91ae         2       0x2  cl010_slcdc.o [4]
  .text              ro code   0x100'91b0         4      0x22  S32ToDbl.o [51]
  .rodata            const     0x100'91d2         2       0x2  xlocale_c.o [50]
  .text              ro code   0x100'91d4         4      0x26  math_wrappers64.o [51]
  .rodata            const     0x100'91fa         2       0x2  xlocale_c.o [50]
  .text              ro code   0x100'91fc         4      0x22  DblToU32.o [51]
  .text              ro code   0x100'921e         2      0x2a  strstr.o [50]
  .text              ro code   0x100'9248         4      0x40  sprintf.o [50]
  .text              ro code   0x100'9288         4    0x2048  metrology.o [24]
  .text              ro code   0x100'b2d0         4     0x1b0  dwdt.o [11]
  .text              ro code   0x100'b480         4      0xa0  task.o [23]
  .text              ro code   0x100'b520         4     0x274  I64DivMod.o [52]
  .text              ro code   0x100'b794         4      0x38  rstc.o [34]
  .text              ro code   0x100'b7cc         4     0x5a0  pmc.o [31]
  .text              ro code   0x100'bd6c         4     0x65c  coproc.o [7]
  .text              ro code   0x100'c3c8         4      0xb8  utils.o [49]
  .text              ro code   0x100'c480         4      0xf8  energy.o [13]
  .text              ro code   0x100'c578         4     0x2ac  history.o [18]
  .text              ro code   0x100'c824         4      0x66  ABImemset.o [52]
  .text              ro code   0x100'c88c         4      0x48  U64ToFlt.o [51]
  .text              ro code   0x100'c8d4         4      0x48  FltToDbl.o [51]
  .text              ro code   0x100'c91c         4     0x648  event.o [14]
  .text              ro code   0x100'cf64         4     0x258  extmem.o [15]
  .text              ro code   0x100'd1bc         4     0x224  demand.o [8]
  .text              ro code   0x100'd3e0         4     0x600  rtcproc.o [36]
  .text              ro code   0x100'd9e0         4      0xe4  tou.o [46]
  .text              ro code   0x100'dac4         4      0x6e  supc.o [29]
  Veneer             ro code   0x100'db34         4       0x8  - Linker created -
  .text              ro code   0x100'db3c         4     0x318  system_pic32cxmt.o [45]
  .text              ro code   0x100'de54         4     0x170  atan2_64.o [51]
  .text              ro code   0x100'dfc4         4     0x68c  pow64.o [51]
  .text              ro code   0x100'e650         4      0x16  strchr.o [52]
  .text              ro code   0x100'e668         4     0xd36  xprintflarge.o [50]
  .text              ro code   0x100'f3a0         4      0x46  U64ToDbl.o [51]
  .text              ro code   0x100'f3e8         4     0x246  DblDiv.o [51]
  .text              ro code   0x100'f630         4      0x1c  U32ToDbl.o [51]
  .text              ro code   0x100'f64c         4     0x102  sqrt.o [51]
  .text              ro code   0x100'f750         4     0x1aa  DblMul.o [51]
  .text              ro code   0x100'f8fc         4      0x54  S64ToDbl.o [51]
  .text              ro code   0x100'f950         4      0x36  DblToS32.o [51]
  .text              ro code   0x100'f986         2       0x8  abs.o [50]
  .text              ro code   0x100'f990         4     0x25e  DblAddSub.o [51]
  .text              ro code   0x100'fbf0         4       0x2  I64DivZer.o [52]
  .text              ro code   0x100'fbf4         4     0x356  icm.o [20]
  .text              ro code   0x100'ff4c         4     0x114  ipc.o [22]
  .text              ro code   0x101'0060         4      0x70  matrix.o [26]
  .text              ro code   0x101'00d0         4     0x5d0  sst26vfxxx.o [43]
  .text              ro code   0x101'06a0         4     0x696  rtc.o [35]
  .text              ro code   0x101'0d38         4      0x34  DblCmpLe.o [51]
  .text              ro code   0x101'0d6c         4     0x1c8  iar_Atan64.o [51]
  .text              ro code   0x101'0f34         4      0x20  DblCmpEq.o [51]
  .text              ro code   0x101'0f54         4      0x70  frexp.o [51]
  .text              ro code   0x101'0fc4         4      0x34  DblCmpGe.o [51]
  .text              ro code   0x101'0ff8         4     0x348  iar_Exp64.o [51]
  .text              ro code   0x101'1340         4      0x70  xlocale_c.o [50]
  .text              ro code   0x101'13b0         4      0x40  xfail_s.o [50]
  .text              ro code   0x101'13f0         4      0x36  strlen.o [52]
  .text              ro code   0x101'1428         4      0x58  memchr.o [52]
  .text              ro code   0x101'1480         4      0x50  no_free_heap0.o [50]
  .text              ro code   0x101'14d0         4     0x5e8  qspi.o [28]
  .text              ro code   0x101'1ab8         4     0x13a  ldexp.o [51]
  .text              ro code   0x101'1bf2         2       0x6  abort.o [50]
  .text              ro code   0x101'1bf8         4      0x2c  xgetmemchunk.o [50]
  .text              ro code   0x101'1c24         4       0xc  XXexit.o [52]
  .text              ro code   0x101'1c30         4     0xb80  display.o [10]
  .text              ro code   0x101'27b0         4     0x284  cl010_slcdc.o [4]
  .text              ro code   0x101'2a34         4      0xe8  slcdc.o [42]
  .text              ro code   0x101'2b1c         4     0x9cc  main.o [9]
  .text              ro code   0x101'34e8         4     0x17c  sleep.o [31]
  .text              ro code   0x101'3664         4     0x138  flexcom.o [16]
  .text              ro code   0x101'379c         4      0x1c  gpbr.o [17]
  .text              ro code   0x101'37b8         4      0xe0  basetime.o [2]
  .text              ro code   0x101'3898         4     0x3e0  init.o [32]
  .text              ro code   0x101'3c78         2       0x8  chipid.o [3]
  .text              ro code   0x101'3c80         4     0x298  presskey.o [33]
  .text              ro code   0x101'3f18         4      0xd8  pio.o [27]
  .text              ro code   0x101'3ff0         4      0x28  printf.o [50]
  .text              ro code   0x101'4018         4     0x130  pio_handler.o [27]
  .rodata            const     0x101'4148         8     0x420  pow64.o [51]
  .rodata            const     0x101'4568         4      0x6c  cl010_slcdc.o [4]
  .rodata            const     0x101'45d4         4      0x54  command.o [6]
  .rodata            const     0x101'4628         4      0x54  command.o [6]
  .text              ro code   0x101'467c         4      0x50  write.o [44]
  .rodata            const     0x101'46cc         4      0x4c  command.o [6]
  .rodata            const     0x101'4718         4      0x4c  command.o [6]
  .text              ro code   0x101'4764         4      0x44  putchar.o [50]
  .rodata            const     0x101'47a8         4      0x40  command.o [6]
  .rodata            const     0x101'47e8         8      0x40  iar_Atan64.o [51]
  .rodata            const     0x101'4828         4      0x3c  command.o [6]
  .rodata            const     0x101'4864         4      0x38  cl010_slcdc.o [4]
  .rodata            const     0x101'489c         4      0x38  command.o [6]
  .text              ro code   0x101'48d4         2      0x38  zero_init3.o [52]
  .rodata            const     0x101'490c         4      0x34  cl010_slcdc.o [4]
  .rodata            const     0x101'4940         4      0x34  command.o [6]
  .text              ro code   0x101'4974         4      0x32  startup_pic32cxmt.o [19]
  .text              ro code   0x101'49a8         4      0x1c  cstartup_M.o [52]
  .text              ro code   0x101'49c4         4      0x22  fpinit_M.o [51]
  .text              ro code   0x101'49e8         4      0x1e  cmain.o [52]
  .text              ro code   0x101'4a08         4      0x2a  data_init.o [52]
  .text              ro code   0x101'4a32         2       0x4  exit.o [50]
  .text              ro code   0x101'4a38         4       0xa  cexit.o [52]
  .rodata            const     0x101'4a44         4      0x30  command.o [6]
  .rodata            const     0x101'4a74         4      0x30  command.o [6]
  .rodata            const     0x101'4aa4         4      0x30  command.o [6]
  .rodata            const     0x101'4ad4         4      0x2c  command.o [6]
  .rodata            const     0x101'4b00         4      0x2c  command.o [6]
  .rodata            const     0x101'4b2c         4      0x2c  command.o [6]
  .rodata            const     0x101'4b58         4      0x28  command.o [6]
  .rodata            const     0x101'4b80         4      0x28  command.o [6]
  .rodata            const     0x101'4ba8         4      0x28  command.o [6]
  .rodata            const     0x101'4bd0         4      0x24  command.o [6]
  .rodata            const     0x101'4bf4         4      0x24  command.o [6]
  .rodata            const     0x101'4c18         4      0x24  rtcproc.o [36]
  .iar.init_table    const     0x101'4c3c         4      0x20  - Linker created -
  .rodata            const     0x101'4c5c         4      0x20  command.o [6]
  .rodata            const     0x101'4c7c         4      0x20  command.o [6]
  .rodata            const     0x101'4c9c         4      0x20  command.o [6]
  .rodata            const     0x101'4cbc         4      0x20  command.o [6]
  .rodata            const     0x101'4cdc         4      0x20  command.o [6]
  .rodata            const     0x101'4cfc         4      0x20  command.o [6]
  .rodata            const     0x101'4d1c         4      0x20  command.o [6]
  .rodata            const     0x101'4d3c         4      0x20  command.o [6]
  .rodata            const     0x101'4d5c         4      0x20  command.o [6]
  .rodata            const     0x101'4d7c         4      0x20  command.o [6]
  .rodata            const     0x101'4d9c         4      0x20  presskey.o [33]
  .rodata            const     0x101'4dbc         4      0x1c  command.o [6]
  .rodata            const     0x101'4dd8         4      0x1c  command.o [6]
  .rodata            const     0x101'4df4         4      0x1c  command.o [6]
  .rodata            const     0x101'4e10         4      0x1c  command.o [6]
  .rodata            const     0x101'4e2c         4      0x1c  command.o [6]
  .rodata            const     0x101'4e48         4      0x1c  command.o [6]
  .rodata            const     0x101'4e64         4      0x1c  command.o [6]
  .rodata            const     0x101'4e80         4      0x1c  command.o [6]
  .rodata            const     0x101'4e9c         4      0x1c  command.o [6]
  .rodata            const     0x101'4eb8         4      0x1c  command.o [6]
  .rodata            const     0x101'4ed4         4      0x1c  command.o [6]
  .rodata            const     0x101'4ef0         4      0x1c  command.o [6]
  .rodata            const     0x101'4f0c         4      0x1c  command.o [6]
  .rodata            const     0x101'4f28         4      0x1c  command.o [6]
  .rodata            const     0x101'4f44         4      0x1c  command.o [6]
  .rodata            const     0x101'4f60         4      0x1c  command.o [6]
  .rodata            const     0x101'4f7c         4      0x18  command.o [6]
  .rodata            const     0x101'4f94         4      0x18  command.o [6]
  .rodata            const     0x101'4fac         4      0x18  command.o [6]
  .rodata            const     0x101'4fc4         4      0x18  command.o [6]
  .rodata            const     0x101'4fdc         4      0x18  command.o [6]
  .rodata            const     0x101'4ff4         4      0x18  command.o [6]
  .rodata            const     0x101'500c         4      0x18  command.o [6]
  .rodata            const     0x101'5024         4      0x18  command.o [6]
  .rodata            const     0x101'503c         4      0x18  command.o [6]
  .rodata            const     0x101'5054         4      0x18  command.o [6]
  .text              ro code   0x101'506c         2      0x16  xprout.o [50]
  .rodata            const     0x101'5084         4      0x14  cl010_slcdc.o [4]
  .rodata            const     0x101'5098         4      0x14  cl010_slcdc.o [4]
  .rodata            const     0x101'50ac         4      0x14  cl010_slcdc.o [4]
  .rodata            const     0x101'50c0         4      0x14  cl010_slcdc.o [4]
  .rodata            const     0x101'50d4         4      0x14  cl010_slcdc.o [4]
  .rodata            const     0x101'50e8         4      0x14  cl010_slcdc.o [4]
  .rodata            const     0x101'50fc         4      0x14  cl010_slcdc.o [4]
  .rodata            const     0x101'5110         4      0x14  command.o [6]
  .rodata            const     0x101'5124         4      0x14  command.o [6]
  .rodata            const     0x101'5138         4      0x14  command.o [6]
  .rodata            const     0x101'514c         4      0x14  command.o [6]
  .rodata            const     0x101'5160         4      0x14  command.o [6]
  .rodata            const     0x101'5174         4      0x14  command.o [6]
  .rodata            const     0x101'5188         4      0x14  command.o [6]
  .rodata            const     0x101'519c         4      0x14  command.o [6]
  .rodata            const     0x101'51b0         4      0x14  command.o [6]
  .rodata            const     0x101'51c4         4      0x14  metrology.o [24]
  .rodata            const     0x101'51d8         4      0x14  metrology.o [24]
  .rodata            const     0x101'51ec         4      0x14  metrology.o [24]
  .rodata            const     0x101'5200         4      0x14  metrology.o [24]
  .rodata            const     0x101'5214         4      0x14  metrology.o [24]
  .rodata            const     0x101'5228         4      0x14  metrology.o [24]
  .rodata            const     0x101'523c         4      0x14  metrology.o [24]
  .rodata            const     0x101'5250         4      0x14  metrology.o [24]
  .rodata            const     0x101'5264         4      0x14  metrology.o [24]
  .rodata            const     0x101'5278         4      0x14  metrology.o [24]
  .rodata            const     0x101'528c         4      0x14  metrology.o [24]
  .rodata            const     0x101'52a0         4      0x14  metrology.o [24]
  .rodata            const     0x101'52b4         4      0x14  metrology.o [24]
  .rodata            const     0x101'52c8         4      0x10  cl010_slcdc.o [4]
  .rodata            const     0x101'52d8         4      0x10  cl010_slcdc.o [4]
  .rodata            const     0x101'52e8         4      0x10  display.o [10]
  .rodata            const     0x101'52f8         4      0x10  main.o [9]
  .rodata            const     0x101'5308         4      0x10  main.o [9]
  .rodata            const     0x101'5318         4      0x10  main.o [9]
  .rodata            const     0x101'5328         4      0x10  main.o [9]
  .rodata            const     0x101'5338         4      0x10  metrology.o [24]
  .rodata            const     0x101'5348         4      0x10  metrology.o [24]
  .rodata            const     0x101'5358         4      0x10  metrology.o [24]
  .rodata            const     0x101'5368         4      0x10  metrology.o [24]
  .rodata            const     0x101'5378         4      0x10  metrology.o [24]
  .rodata            const     0x101'5388         4      0x10  metrology.o [24]
  .rodata            const     0x101'5398         4      0x10  metrology.o [24]
  .rodata            const     0x101'53a8         4      0x10  metrology.o [24]
  .rodata            const     0x101'53b8         4      0x10  metrology.o [24]
  .rodata            const     0x101'53c8         4      0x10  metrology.o [24]
  .rodata            const     0x101'53d8         4      0x10  metrology.o [24]
  .rodata            const     0x101'53e8         4      0x10  metrology.o [24]
  .rodata            const     0x101'53f8         4      0x10  metrology.o [24]
  .rodata            const     0x101'5408         4      0x10  metrology.o [24]
  .rodata            const     0x101'5418         4      0x10  metrology.o [24]
  .rodata            const     0x101'5428         4      0x10  metrology.o [24]
  .rodata            const     0x101'5438         4      0x10  metrology.o [24]
  .rodata            const     0x101'5448         4      0x10  metrology.o [24]
  .rodata            const     0x101'5458         4      0x10  metrology.o [24]
  .rodata            const     0x101'5468         4      0x10  metrology.o [24]
  .rodata            const     0x101'5478         4      0x10  metrology.o [24]
  .rodata            const     0x101'5488         4      0x10  metrology.o [24]
  .rodata            const     0x101'5498         4      0x10  metrology.o [24]
  .rodata            const     0x101'54a8         4      0x10  metrology.o [24]
  .rodata            const     0x101'54b8         4      0x10  metrology.o [24]
  .rodata            const     0x101'54c8         4      0x10  metrology.o [24]
  .rodata            const     0x101'54d8         4      0x10  metrology.o [24]
  .rodata            const     0x101'54e8         4      0x10  metrology.o [24]
  .rodata            const     0x101'54f8         4      0x10  metrology.o [24]
  .rodata            const     0x101'5508         4      0x10  metrology.o [24]
  .rodata            const     0x101'5518         4      0x10  metrology.o [24]
  .rodata            const     0x101'5528         4      0x10  metrology.o [24]
  .rodata            const     0x101'5538         4      0x10  metrology.o [24]
  .rodata            const     0x101'5548         4      0x10  metrology.o [24]
  .rodata            const     0x101'5558         4      0x10  metrology.o [24]
  .rodata            const     0x101'5568         4      0x10  metrology.o [24]
  .rodata            const     0x101'5578         4      0x10  metrology.o [24]
  .rodata            const     0x101'5588         4      0x10  metrology.o [24]
  .rodata            const     0x101'5598         4      0x10  metrology.o [24]
  .rodata            const     0x101'55a8         4      0x10  metrology.o [24]
  .rodata            const     0x101'55b8         4      0x10  metrology.o [24]
  .rodata            const     0x101'55c8         4      0x10  metrology.o [24]
  .rodata            const     0x101'55d8         4      0x10  metrology.o [24]
  .rodata            const     0x101'55e8         4      0x10  metrology.o [24]
  .rodata            const     0x101'55f8         4      0x10  metrology.o [24]
  .rodata            const     0x101'5608         4      0x10  metrology.o [24]
  .rodata            const     0x101'5618         4      0x10  metrology.o [24]
  .rodata            const     0x101'5628         4      0x10  metrology.o [24]
  .rodata            const     0x101'5638         4      0x10  metrology.o [24]
  .rodata            const     0x101'5648         4      0x10  metrology.o [24]
  .rodata            const     0x101'5658         4      0x10  metrology.o [24]
  .rodata            const     0x101'5668         4      0x10  metrology.o [24]
  .rodata            const     0x101'5678         4      0x10  metrology.o [24]
  .rodata            const     0x101'5688         4      0x10  metrology.o [24]
  .rodata            const     0x101'5698         4      0x10  metrology.o [24]
  .rodata            const     0x101'56a8         4      0x10  metrology.o [24]
  .rodata            const     0x101'56b8         4      0x10  metrology.o [24]
  .rodata            const     0x101'56c8         4      0x10  metrology.o [24]
  .rodata            const     0x101'56d8         4      0x10  metrology.o [24]
  .rodata            const     0x101'56e8         4      0x10  metrology.o [24]
  .rodata            const     0x101'56f8         4      0x10  metrology.o [24]
  .rodata            const     0x101'5708         4      0x10  metrology.o [24]
  .rodata            const     0x101'5718         4      0x10  metrology.o [24]
  .rodata            const     0x101'5728         4      0x10  metrology.o [24]
  .rodata            const     0x101'5738         4      0x10  metrology.o [24]
  .rodata            const     0x101'5748         4      0x10  metrology.o [24]
  .rodata            const     0x101'5758         4       0xc  cl010_slcdc.o [4]
  .rodata            const     0x101'5764         4       0xc  cl010_slcdc.o [4]
  .rodata            const     0x101'5770         4       0xc  cl010_slcdc.o [4]
  .rodata            const     0x101'577c         4       0xc  cl010_slcdc.o [4]
  .rodata            const     0x101'5788         4       0xc  cl010_slcdc.o [4]
  .rodata            const     0x101'5794         4       0xc  cl010_slcdc.o [4]
  .rodata            const     0x101'57a0         4       0xc  cl010_slcdc.o [4]
  .rodata            const     0x101'57ac         4       0xc  command.o [6]
  .rodata            const     0x101'57b8         4       0xc  command.o [6]
  .rodata            const     0x101'57c4         4       0xc  command.o [6]
  .rodata            const     0x101'57d0         4       0xc  metrology.o [24]
  .rodata            const     0x101'57dc         4       0xc  metrology.o [24]
  .rodata            const     0x101'57e8         4       0xc  metrology.o [24]
  .rodata            const     0x101'57f4         4       0xc  metrology.o [24]
  .rodata            const     0x101'5800         4       0xc  metrology.o [24]
  .rodata            const     0x101'580c         4       0xc  metrology.o [24]
  .rodata            const     0x101'5818         4       0xc  metrology.o [24]
  .rodata            const     0x101'5824         4       0xc  metrology.o [24]
  .rodata            const     0x101'5830         4       0xc  metrology.o [24]
  .rodata            const     0x101'583c         4       0xc  metrology.o [24]
  .rodata            const     0x101'5848         4       0xc  metrology.o [24]
  .rodata            const     0x101'5854         4       0xc  metrology.o [24]
  .rodata            const     0x101'5860         4       0xc  metrology.o [24]
  .rodata            const     0x101'586c         4       0xc  metrology.o [24]
  .rodata            const     0x101'5878         4       0xc  metrology.o [24]
  .rodata            const     0x101'5884         4       0xc  metrology.o [24]
  .rodata            const     0x101'5890         4       0xc  metrology.o [24]
  .rodata            const     0x101'589c         4       0xc  metrology.o [24]
  .rodata            const     0x101'58a8         4       0xc  metrology.o [24]
  .rodata            const     0x101'58b4         4       0xc  metrology.o [24]
  .rodata            const     0x101'58c0         4       0xc  metrology.o [24]
  .rodata            const     0x101'58cc         4       0xc  metrology.o [24]
  .rodata            const     0x101'58d8         4       0xc  metrology.o [24]
  .rodata            const     0x101'58e4         4       0xc  metrology.o [24]
  .rodata            const     0x101'58f0         4       0xc  metrology.o [24]
  .rodata            const     0x101'58fc         4       0xc  metrology.o [24]
  .rodata            const     0x101'5908         4       0xc  metrology.o [24]
  .rodata            const     0x101'5914         4       0xc  metrology.o [24]
  .rodata            const     0x101'5920         4       0xc  metrology.o [24]
  .rodata            const     0x101'592c         4       0xc  metrology.o [24]
  .rodata            const     0x101'5938         4       0xc  metrology.o [24]
  .rodata            const     0x101'5944         4       0xc  metrology.o [24]
  .rodata            const     0x101'5950         4       0xc  metrology.o [24]
  .rodata            const     0x101'595c         4       0xc  metrology.o [24]
  .rodata            const     0x101'5968         4       0xc  metrology.o [24]
  .rodata            const     0x101'5974         4       0xc  metrology.o [24]
  .rodata            const     0x101'5980         4       0xc  metrology.o [24]
  .rodata            const     0x101'598c         4       0xc  metrology.o [24]
  .rodata            const     0x101'5998         4       0xc  metrology.o [24]
  .rodata            const     0x101'59a4         4       0xc  metrology.o [24]
  .rodata            const     0x101'59b0         4       0xc  metrology.o [24]
  .rodata            const     0x101'59bc         4       0xc  metrology.o [24]
  .rodata            const     0x101'59c8         4       0xc  metrology.o [24]
  .rodata            const     0x101'59d4         4       0xc  metrology.o [24]
  .rodata            const     0x101'59e0         4       0xc  metrology.o [24]
  .rodata            const     0x101'59ec         4       0xc  metrology.o [24]
  .rodata            const     0x101'59f8         4       0xc  metrology.o [24]
  .rodata            const     0x101'5a04         4       0xc  metrology.o [24]
  .rodata            const     0x101'5a10         4       0xc  metrology.o [24]
  .rodata            const     0x101'5a1c         4       0xc  metrology.o [24]
  .rodata            const     0x101'5a28         4       0xc  metrology.o [24]
  .rodata            const     0x101'5a34         4       0xc  metrology.o [24]
  .rodata            const     0x101'5a40         4       0xc  metrology.o [24]
  .rodata            const     0x101'5a4c         4       0xc  metrology.o [24]
  .rodata            const     0x101'5a58         4       0xc  metrology.o [24]
  .rodata            const     0x101'5a64         4       0xc  metrology.o [24]
  .rodata            const     0x101'5a70         4       0xc  metrology.o [24]
  .rodata            const     0x101'5a7c         4       0xc  metrology.o [24]
  .rodata            const     0x101'5a88         4       0xc  metrology.o [24]
  .rodata            const     0x101'5a94         4       0xc  metrology.o [24]
  .rodata            const     0x101'5aa0         4       0xc  metrology.o [24]
  .rodata            const     0x101'5aac         4       0xc  metrology.o [24]
  .rodata            const     0x101'5ab8         4       0xc  metrology.o [24]
  .rodata            const     0x101'5ac4         4       0xc  metrology.o [24]
  .rodata            const     0x101'5ad0         4       0xc  rtcproc.o [36]
  .rodata            const     0x101'5adc         4       0xc  rtcproc.o [36]
  .rodata            const     0x101'5ae8         4       0xc  rtcproc.o [36]
  .text              ro code   0x101'5af4         2       0xc  xencoding_8859_1.o [50]
  .rodata            const     0x101'5b00         4       0x8  cl010_slcdc.o [4]
  .rodata            const     0x101'5b08         4       0x8  cl010_slcdc.o [4]
  .rodata            const     0x101'5b10         4       0x8  cl010_slcdc.o [4]
  .rodata            const     0x101'5b18         4       0x8  cl010_slcdc.o [4]
  .rodata            const     0x101'5b20         4       0x8  command.o [6]
  .rodata            const     0x101'5b28         4       0x8  command.o [6]
  .rodata            const     0x101'5b30         4       0x8  display.o [10]
  .rodata            const     0x101'5b38         4       0x8  display.o [10]
  .rodata            const     0x101'5b40         4       0x8  display.o [10]
  .rodata            const     0x101'5b48         4       0x8  display.o [10]
  .rodata            const     0x101'5b50         4       0x8  display.o [10]
  .rodata            const     0x101'5b58         4       0x8  display.o [10]
  .rodata            const     0x101'5b60         4       0x8  display.o [10]
  .rodata            const     0x101'5b68         4       0x8  display.o [10]
  .rodata            const     0x101'5b70         4       0x8  display.o [10]
  .rodata            const     0x101'5b78         4       0x8  display.o [10]
  .rodata            const     0x101'5b80         4       0x8  display.o [10]
  .rodata            const     0x101'5b88         4       0x8  display.o [10]
  .rodata            const     0x101'5b90         4       0x8  metrology.o [24]
  .rodata            const     0x101'5b98         4       0x8  metrology.o [24]
  .rodata            const     0x101'5ba0         4       0x8  metrology.o [24]
  .rodata            const     0x101'5ba8         4       0x8  metrology.o [24]
  .rodata            const     0x101'5bb0         4       0x8  metrology.o [24]
  .rodata            const     0x101'5bb8         4       0x8  metrology.o [24]
  .rodata            const     0x101'5bc0         4       0x8  metrology.o [24]
  .rodata            const     0x101'5bc8         4       0x8  metrology.o [24]
  .rodata            const     0x101'5bd0         4       0x8  metrology.o [24]
  .rodata            const     0x101'5bd8         4       0x8  metrology.o [24]
  .rodata            const     0x101'5be0         4       0x8  metrology.o [24]
  .rodata            const     0x101'5be8         4       0x8  metrology.o [24]
  .rodata            const     0x101'5bf0         4       0x8  metrology.o [24]
  .rodata            const     0x101'5bf8         4       0x8  metrology.o [24]
  .rodata            const     0x101'5c00         4       0x8  metrology.o [24]
  .rodata            const     0x101'5c08         4       0x8  metrology.o [24]
  .rodata            const     0x101'5c10         4       0x8  metrology.o [24]
  .rodata            const     0x101'5c18         4       0x8  metrology.o [24]
  .rodata            const     0x101'5c20         4       0x8  metrology.o [24]
  .rodata            const     0x101'5c28         4       0x8  metrology.o [24]
  .rodata            const     0x101'5c30         4       0x8  metrology.o [24]
  .rodata            const     0x101'5c38         4       0x8  metrology.o [24]
  .rodata            const     0x101'5c40         4       0x8  metrology.o [24]
  .rodata            const     0x101'5c48         4       0x8  metrology.o [24]
  .rodata            const     0x101'5c50         4       0x8  metrology.o [24]
  .rodata            const     0x101'5c58         4       0x8  metrology.o [24]
  .rodata            const     0x101'5c60         4       0x8  metrology.o [24]
  .rodata            const     0x101'5c68         4       0x8  metrology.o [24]
  .rodata            const     0x101'5c70         4       0x8  metrology.o [24]
  .rodata            const     0x101'5c78         4       0x4  cl010_slcdc.o [4]
  .rodata            const     0x101'5c7c         4       0x4  command.o [6]
  .rodata            const     0x101'5c80                 0x0  zero_init3.o [52]
  .rodata            const     0x101'5c80                 0x0  lz77_init_single.o [52]
  Initializer bytes  const     0x101'5c80               0x4e7  <for P2-1>
                             - 0x101'6167            0x1'5f9f

"P2", part 1 of 3:                                      0x7ba
  P2-1                        0x2000'0000               0x7ba  <Init block>
    .data            inited   0x2000'0000         4       0x4  command.o [6]
    .data            inited   0x2000'0004         4      0x1c  extmem.o [15]
    .data            inited   0x2000'0020         4      0x24  extmem.o [15]
    .data            inited   0x2000'0044         4       0x4  extmem.o [15]
    .data            inited   0x2000'0048         4      0xf4  metrology.o [24]
    .data            inited   0x2000'013c         4     0x100  metrology.o [24]
    .data            inited   0x2000'023c         4     0x100  metrology.o [24]
    .data            inited   0x2000'033c         4      0x90  metrology.o [24]
    .data            inited   0x2000'03cc         4      0x90  metrology.o [24]
    .data            inited   0x2000'045c         4      0xe0  metrology.o [24]
    .data            inited   0x2000'053c         4      0xe0  metrology.o [24]
    .data            inited   0x2000'061c         4      0x40  metrology.o [24]
    .data            inited   0x2000'065c         4      0x40  metrology.o [24]
    .data            inited   0x2000'069c         4      0x1c  metrology.o [24]
    .data            inited   0x2000'06b8         4       0x4  pmc.o [31]
    .data            inited   0x2000'06bc         4       0x4  system_pic32cxmt.o [45]
    .data            inited   0x2000'06c0         4      0x1c  tou.o [46]
    .data            inited   0x2000'06dc         4      0x38  xlocale_c.o [50]
    .data            inited   0x2000'0714         4      0x48  xlocale_c.o [50]
    .data            inited   0x2000'075c         4      0x48  xfiles.o [50]
    .textrw          inited   0x2000'07a4         4       0xa  cycle_counter.o [38]
    .textrw          inited   0x2000'07b0         4       0x8  efc.o [12]
    .data            inited   0x2000'07b8                 0x1  interrupt_sam_nvic.o [21]
    .data            inited   0x2000'07b9                 0x1  rtcproc.o [36]
                            - 0x2000'07ba               0x7ba

"P2", part 2 of 3:                                     0xd19c
  .bss               zero     0x2000'07bc         4    0x7d00  metrology.o [24]
  .bss               zero     0x2000'84c0         8    0x2e88  history.o [18]
  .bss               zero     0x2000'b348         4     0xe28  event.o [14]
  .bss               zero     0x2000'c170         4     0x7ec  command.o [6]
  .bss               zero     0x2000'c95c         4     0x3d4  demand.o [8]
  .bss               zero     0x2000'cd30         8     0x378  metrology.o [24]
  .bss               zero     0x2000'd0a8         4     0x200  ipc.o [22]
  .bss               zero     0x2000'd2a8         4     0x100  command.o [6]
  .bss               zero     0x2000'd3a8         8      0xc8  metrology.o [24]
  .bss               zero     0x2000'd480       128      0x80  coproc.o [7]
  .bss               zero     0x2000'd500       128      0x80  coproc.o [7]
  .bss               zero     0x2000'd580         4      0x7c  task.o [23]
  .bss               zero     0x2000'd5fc         4      0x74  metrology.o [24]
  .bss               zero     0x2000'd670         4      0x70  pio_handler.o [27]
  .bss               zero     0x2000'd6e0         4      0x50  xfiles.o [50]
  .bss               zero     0x2000'd730         4      0x3c  metrology.o [24]
  .bss               zero     0x2000'd76c         4      0x1c  icm.o [20]
  .bss               zero     0x2000'd788         8      0x38  metrology.o [24]
  .bss               zero     0x2000'd7c0         4      0x28  main.o [9]
  .bss               zero     0x2000'd7e8         8      0x20  energy.o [13]
  .bss               zero     0x2000'd808         4      0x20  rtcproc.o [36]
  .bss               zero     0x2000'd828         4      0x1c  tou.o [46]
  .bss               zero     0x2000'd844         4      0x18  display.o [10]
  .bss               zero     0x2000'd880        64      0x10  coproc.o [7]
  .bss               zero     0x2000'd890         4      0x10  display.o [10]
  .bss               zero     0x2000'd8a0         4      0x10  extmem.o [15]
  .bss               zero     0x2000'd8b0         4      0x10  main.o [9]
  .bss               zero     0x2000'd8c0         4       0xc  main.o [9]
  .bss               zero     0x2000'd8cc         4       0x8  display.o [10]
  .bss               zero     0x2000'd8d4         4       0x4  basetime.o [2]
  .bss               zero     0x2000'd8d8         8       0x8  metrology.o [24]
  .bss               zero     0x2000'd8e0         4       0x8  sleepmgr.o [39]
  .bss               zero     0x2000'd8e8         4       0x4  basetime.o [2]
  .bss               zero     0x2000'd8ec         4       0x4  basetime.o [2]
  .bss               zero     0x2000'd8f0         4       0x4  basetime.o [2]
  .bss               zero     0x2000'd8f4         4       0x4  command.o [6]
  .bss               zero     0x2000'd8f8         4       0x4  command.o [6]
  .bss               zero     0x2000'd8fc         4       0x4  command.o [6]
  .bss               zero     0x2000'd900         4       0x4  coproc.o [7]
  .bss               zero     0x2000'd904         4       0x4  coproc.o [7]
  .bss               zero     0x2000'd908         4       0x4  coproc.o [7]
  .bss               zero     0x2000'd90c         4       0x4  coproc.o [7]
  .bss               zero     0x2000'd910         4       0x4  coproc.o [7]
  .bss               zero     0x2000'd914         4       0x4  metrology.o [24]
  .bss               zero     0x2000'd918         4       0x4  metrology.o [24]
  .bss               zero     0x2000'd91c         4       0x4  pio_handler.o [27]
  .bss               zero     0x2000'd920         4       0x4  slcdc.o [42]
  .bss               zero     0x2000'd924         4       0x4  sleep.o [31]
  .bss               zero     0x2000'd928         4       0x4  sst26vfxxx.o [43]
  .bss               zero     0x2000'd92c         4       0x4  sst26vfxxx.o [43]
  .bss               zero     0x2000'd930         4       0x4  system_pic32cxmt.o [45]
  .bss               zero     0x2000'd934         4       0x4  usart.o [48]
  .bss               zero     0x2000'd938         4       0x4  write.o [44]
  .bss               zero     0x2000'd93c         4       0x4  write.o [44]
  .bss               zero     0x2000'd940         4       0x4  xfail_s.o [50]
  .bss               zero     0x2000'd944         4       0x4  no_free_heap0.o [50]
  .bss               zero     0x2000'd948         4       0x4  xgetmemchunk.o [50]
  .bss               zero     0x2000'd94c         2       0x2  presskey.o [33]
  .bss               zero     0x2000'd94e                 0x1  command.o [6]
  .bss               zero     0x2000'd94f                 0x1  display.o [10]
  .bss               zero     0x2000'd950                 0x1  display.o [10]
  .bss               zero     0x2000'd951                 0x1  energy.o [13]
  .bss               zero     0x2000'd952                 0x1  main.o [9]
  .bss               zero     0x2000'd953                 0x1  qspi.o [28]
  .bss               zero     0x2000'd954                 0x1  sleep.o [31]
                            - 0x2000'd955              0xd199

"P2", part 3 of 3:                                     0x2200
  CSTACK                      0x2000'd958         8    0x2000  <Block>
    CSTACK           uninit   0x2000'd958              0x2000  <Block tail>
  HEAP                        0x2000'f958         8     0x200  <Block>
    HEAP             uninit   0x2000'f958               0x200  <Block tail>
                            - 0x2000'fb58              0x2200

Unused ranges:

         From           To       Size
         ----           --       ----
   0x100'01c4   0x100'01c7        0x4
   0x101'6167   0x11f'ffff  0x1e'9e99
  0x2000'07ba  0x2000'07bb        0x2
  0x2000'fb58  0x2007'ffff   0x7'04a8


*******************************************************************************
*** INIT TABLE
***

          Address      Size
          -------      ----
Zero (__iar_zero_init3)
    1 destination range, total size 0xd199:
          0x2000'07bc  0xd199

Copy/lz77 (__iar_lz77_init_single3)
    1 source range, total size 0x4e7 (63% of destination):
           0x101'5c80   0x4e7
    1 destination range, total size 0x7ba:
          0x2000'0000   0x7ba



*******************************************************************************
*** MODULE SUMMARY
***

    Module                 ro code  rw code  ro data  rw data
    ------                 -------  -------  -------  -------
command line/config:
    ---------------------------------------------------------
    Total:

C:\Users\Trinidad\Documents\Edge Power Meter\DemoMeterApp_PIC32CXMTx-DB_v2.1.3\thirdparty\metrology\demo_meter\pic32cx2051mtc128_pic32cxmtc_db\iar\..\..\..\metrology_lib: [1]
    core1_metlib.bin                          18'799
    ---------------------------------------------------------
    Total:                                    18'799

C:\Users\Trinidad\Documents\Edge Power Meter\DemoMeterApp_PIC32CXMTx-DB_v2.1.3\thirdparty\metrology\demo_meter\pic32cx2051mtc128_pic32cxmtc_db\iar\Debug\Obj\basetimer_4936673974756582190.dir: [2]
    basetime.o                 224                         16
    ---------------------------------------------------------
    Total:                     224                         16

C:\Users\Trinidad\Documents\Edge Power Meter\DemoMeterApp_PIC32CXMTx-DB_v2.1.3\thirdparty\metrology\demo_meter\pic32cx2051mtc128_pic32cxmtc_db\iar\Debug\Obj\chipid_13066561950281449856.dir: [3]
    chipid.o                     8
    ---------------------------------------------------------
    Total:                       8

C:\Users\Trinidad\Documents\Edge Power Meter\DemoMeterApp_PIC32CXMTx-DB_v2.1.3\thirdparty\metrology\demo_meter\pic32cx2051mtc128_pic32cxmtc_db\iar\Debug\Obj\cl010_11579800423161132974.dir: [4]
    cl010_slcdc.o              644               510
    ---------------------------------------------------------
    Total:                     644               510

C:\Users\Trinidad\Documents\Edge Power Meter\DemoMeterApp_PIC32CXMTx-DB_v2.1.3\thirdparty\metrology\demo_meter\pic32cx2051mtc128_pic32cxmtc_db\iar\Debug\Obj\cmcc_7489387026569200248.dir: [5]
    ---------------------------------------------------------
    Total:

C:\Users\Trinidad\Documents\Edge Power Meter\DemoMeterApp_PIC32CXMTx-DB_v2.1.3\thirdparty\metrology\demo_meter\pic32cx2051mtc128_pic32cxmtc_db\iar\Debug\Obj\command_8906228788617416980.dir: [6]
    command.o               15'296             2'266    2'301
    ---------------------------------------------------------
    Total:                  15'296             2'266    2'301

C:\Users\Trinidad\Documents\Edge Power Meter\DemoMeterApp_PIC32CXMTx-DB_v2.1.3\thirdparty\metrology\demo_meter\pic32cx2051mtc128_pic32cxmtc_db\iar\Debug\Obj\coproc_9749331468082316160.dir: [7]
    coproc.o                 1'628                        292
    ---------------------------------------------------------
    Total:                   1'628                        292

C:\Users\Trinidad\Documents\Edge Power Meter\DemoMeterApp_PIC32CXMTx-DB_v2.1.3\thirdparty\metrology\demo_meter\pic32cx2051mtc128_pic32cxmtc_db\iar\Debug\Obj\demand_17355641823859620046.dir: [8]
    demand.o                   548                        980
    ---------------------------------------------------------
    Total:                     548                        980

C:\Users\Trinidad\Documents\Edge Power Meter\DemoMeterApp_PIC32CXMTx-DB_v2.1.3\thirdparty\metrology\demo_meter\pic32cx2051mtc128_pic32cxmtc_db\iar\Debug\Obj\demo_meter_5572793459405541382.dir: [9]
    main.o                   2'508                64       69
    ---------------------------------------------------------
    Total:                   2'508                64       69

C:\Users\Trinidad\Documents\Edge Power Meter\DemoMeterApp_PIC32CXMTx-DB_v2.1.3\thirdparty\metrology\demo_meter\pic32cx2051mtc128_pic32cxmtc_db\iar\Debug\Obj\display_17728295051085714797.dir: [10]
    display.o                2'944               112       50
    ---------------------------------------------------------
    Total:                   2'944               112       50

C:\Users\Trinidad\Documents\Edge Power Meter\DemoMeterApp_PIC32CXMTx-DB_v2.1.3\thirdparty\metrology\demo_meter\pic32cx2051mtc128_pic32cxmtc_db\iar\Debug\Obj\dwdt_12470398042489126074.dir: [11]
    dwdt.o                     432
    ---------------------------------------------------------
    Total:                     432

C:\Users\Trinidad\Documents\Edge Power Meter\DemoMeterApp_PIC32CXMTx-DB_v2.1.3\thirdparty\metrology\demo_meter\pic32cx2051mtc128_pic32cxmtc_db\iar\Debug\Obj\efc_6270090437959664630.dir: [12]
    efc.o                                 8        6
    ---------------------------------------------------------
    Total:                                8        6

C:\Users\Trinidad\Documents\Edge Power Meter\DemoMeterApp_PIC32CXMTx-DB_v2.1.3\thirdparty\metrology\demo_meter\pic32cx2051mtc128_pic32cxmtc_db\iar\Debug\Obj\energy_17222462974655821958.dir: [13]
    energy.o                   248                         33
    ---------------------------------------------------------
    Total:                     248                         33

C:\Users\Trinidad\Documents\Edge Power Meter\DemoMeterApp_PIC32CXMTx-DB_v2.1.3\thirdparty\metrology\demo_meter\pic32cx2051mtc128_pic32cxmtc_db\iar\Debug\Obj\event_11943493266707601799.dir: [14]
    event.o                  1'608                      3'624
    ---------------------------------------------------------
    Total:                   1'608                      3'624

C:\Users\Trinidad\Documents\Edge Power Meter\DemoMeterApp_PIC32CXMTx-DB_v2.1.3\thirdparty\metrology\demo_meter\pic32cx2051mtc128_pic32cxmtc_db\iar\Debug\Obj\extmem_6959264042228827857.dir: [15]
    extmem.o                   600                43       84
    ---------------------------------------------------------
    Total:                     600                43       84

C:\Users\Trinidad\Documents\Edge Power Meter\DemoMeterApp_PIC32CXMTx-DB_v2.1.3\thirdparty\metrology\demo_meter\pic32cx2051mtc128_pic32cxmtc_db\iar\Debug\Obj\flexcom_6888569455888393767.dir: [16]
    flexcom.o                  312
    ---------------------------------------------------------
    Total:                     312

C:\Users\Trinidad\Documents\Edge Power Meter\DemoMeterApp_PIC32CXMTx-DB_v2.1.3\thirdparty\metrology\demo_meter\pic32cx2051mtc128_pic32cxmtc_db\iar\Debug\Obj\gpbr_6572994327841527292.dir: [17]
    gpbr.o                      28
    ---------------------------------------------------------
    Total:                      28

C:\Users\Trinidad\Documents\Edge Power Meter\DemoMeterApp_PIC32CXMTx-DB_v2.1.3\thirdparty\metrology\demo_meter\pic32cx2051mtc128_pic32cxmtc_db\iar\Debug\Obj\history_6017328472732847341.dir: [18]
    history.o                  684                     11'912
    ---------------------------------------------------------
    Total:                     684                     11'912

C:\Users\Trinidad\Documents\Edge Power Meter\DemoMeterApp_PIC32CXMTx-DB_v2.1.3\thirdparty\metrology\demo_meter\pic32cx2051mtc128_pic32cxmtc_db\iar\Debug\Obj\iar_4832482394000501318.dir: [19]
    startup_pic32cxmt.o         50               452
    ---------------------------------------------------------
    Total:                      50               452

C:\Users\Trinidad\Documents\Edge Power Meter\DemoMeterApp_PIC32CXMTx-DB_v2.1.3\thirdparty\metrology\demo_meter\pic32cx2051mtc128_pic32cxmtc_db\iar\Debug\Obj\icm_15745070383992474706.dir: [20]
    icm.o                      854                         28
    ---------------------------------------------------------
    Total:                     854                         28

C:\Users\Trinidad\Documents\Edge Power Meter\DemoMeterApp_PIC32CXMTx-DB_v2.1.3\thirdparty\metrology\demo_meter\pic32cx2051mtc128_pic32cxmtc_db\iar\Debug\Obj\interrupt_17014432481494778935.dir: [21]
    interrupt_sam_nvic.o                           1        1
    ---------------------------------------------------------
    Total:                                         1        1

C:\Users\Trinidad\Documents\Edge Power Meter\DemoMeterApp_PIC32CXMTx-DB_v2.1.3\thirdparty\metrology\demo_meter\pic32cx2051mtc128_pic32cxmtc_db\iar\Debug\Obj\ipc_5619749694703802938.dir: [22]
    ipc.o                      276                        512
    ---------------------------------------------------------
    Total:                     276                        512

C:\Users\Trinidad\Documents\Edge Power Meter\DemoMeterApp_PIC32CXMTx-DB_v2.1.3\thirdparty\metrology\demo_meter\pic32cx2051mtc128_pic32cxmtc_db\iar\Debug\Obj\kenerl_17057865948722818158.dir: [23]
    task.o                     160                        124
    ---------------------------------------------------------
    Total:                     160                        124

C:\Users\Trinidad\Documents\Edge Power Meter\DemoMeterApp_PIC32CXMTx-DB_v2.1.3\thirdparty\metrology\demo_meter\pic32cx2051mtc128_pic32cxmtc_db\iar\Debug\Obj\metrology_8079378378844777797.dir: [24]
    metrology.o              8'264             3'362   34'984
    ---------------------------------------------------------
    Total:                   8'264             3'362   34'984

C:\Users\Trinidad\Documents\Edge Power Meter\DemoMeterApp_PIC32CXMTx-DB_v2.1.3\thirdparty\metrology\demo_meter\pic32cx2051mtc128_pic32cxmtc_db\iar\Debug\Obj\pdc_9659333879650592204.dir: [25]
    pdc.o                       52
    ---------------------------------------------------------
    Total:                      52

C:\Users\Trinidad\Documents\Edge Power Meter\DemoMeterApp_PIC32CXMTx-DB_v2.1.3\thirdparty\metrology\demo_meter\pic32cx2051mtc128_pic32cxmtc_db\iar\Debug\Obj\pic32cx_10721819307376783235.dir: [26]
    matrix.o                   112
    ---------------------------------------------------------
    Total:                     112

C:\Users\Trinidad\Documents\Edge Power Meter\DemoMeterApp_PIC32CXMTx-DB_v2.1.3\thirdparty\metrology\demo_meter\pic32cx2051mtc128_pic32cxmtc_db\iar\Debug\Obj\pic32cx_11649012628071203076.dir: [27]
    pio.o                      216
    pio_handler.o              304                        116
    ---------------------------------------------------------
    Total:                     520                        116

C:\Users\Trinidad\Documents\Edge Power Meter\DemoMeterApp_PIC32CXMTx-DB_v2.1.3\thirdparty\metrology\demo_meter\pic32cx2051mtc128_pic32cxmtc_db\iar\Debug\Obj\pic32cx_13603347718158513638.dir: [28]
    qspi.o                   1'512                          1
    ---------------------------------------------------------
    Total:                   1'512                          1

C:\Users\Trinidad\Documents\Edge Power Meter\DemoMeterApp_PIC32CXMTx-DB_v2.1.3\thirdparty\metrology\demo_meter\pic32cx2051mtc128_pic32cxmtc_db\iar\Debug\Obj\pic32cx_15128000982733294162.dir: [29]
    supc.o                     110
    ---------------------------------------------------------
    Total:                     110

C:\Users\Trinidad\Documents\Edge Power Meter\DemoMeterApp_PIC32CXMTx-DB_v2.1.3\thirdparty\metrology\demo_meter\pic32cx2051mtc128_pic32cxmtc_db\iar\Debug\Obj\pic32cx_17052947085646343767.dir: [30]
    sysclk.o                 1'844
    ---------------------------------------------------------
    Total:                   1'844

C:\Users\Trinidad\Documents\Edge Power Meter\DemoMeterApp_PIC32CXMTx-DB_v2.1.3\thirdparty\metrology\demo_meter\pic32cx2051mtc128_pic32cxmtc_db\iar\Debug\Obj\pic32cx_634910764530157841.dir: [31]
    pmc.o                    1'440                 2        4
    sleep.o                    380                          5
    ---------------------------------------------------------
    Total:                   1'820                 2        9

C:\Users\Trinidad\Documents\Edge Power Meter\DemoMeterApp_PIC32CXMTx-DB_v2.1.3\thirdparty\metrology\demo_meter\pic32cx2051mtc128_pic32cxmtc_db\iar\Debug\Obj\pic32cxmtc_db_15326935369949177419.dir: [32]
    init.o                     992
    ---------------------------------------------------------
    Total:                     992

C:\Users\Trinidad\Documents\Edge Power Meter\DemoMeterApp_PIC32CXMTx-DB_v2.1.3\thirdparty\metrology\demo_meter\pic32cx2051mtc128_pic32cxmtc_db\iar\Debug\Obj\presskey_10794399148976416360.dir: [33]
    presskey.o                 664                32        2
    ---------------------------------------------------------
    Total:                     664                32        2

C:\Users\Trinidad\Documents\Edge Power Meter\DemoMeterApp_PIC32CXMTx-DB_v2.1.3\thirdparty\metrology\demo_meter\pic32cx2051mtc128_pic32cxmtc_db\iar\Debug\Obj\rstc_15885853018164111619.dir: [34]
    rstc.o                      56
    ---------------------------------------------------------
    Total:                      56

C:\Users\Trinidad\Documents\Edge Power Meter\DemoMeterApp_PIC32CXMTx-DB_v2.1.3\thirdparty\metrology\demo_meter\pic32cx2051mtc128_pic32cxmtc_db\iar\Debug\Obj\rtc_8534214779885698296.dir: [35]
    rtc.o                    1'686
    ---------------------------------------------------------
    Total:                   1'686

C:\Users\Trinidad\Documents\Edge Power Meter\DemoMeterApp_PIC32CXMTx-DB_v2.1.3\thirdparty\metrology\demo_meter\pic32cx2051mtc128_pic32cxmtc_db\iar\Debug\Obj\rtcproc_3244680199167186646.dir: [36]
    rtcproc.o                1'536                73       33
    ---------------------------------------------------------
    Total:                   1'536                73       33

C:\Users\Trinidad\Documents\Edge Power Meter\DemoMeterApp_PIC32CXMTx-DB_v2.1.3\thirdparty\metrology\demo_meter\pic32cx2051mtc128_pic32cxmtc_db\iar\Debug\Obj\rtt_16311937672687947566.dir: [37]
    ---------------------------------------------------------
    Total:

C:\Users\Trinidad\Documents\Edge Power Meter\DemoMeterApp_PIC32CXMTx-DB_v2.1.3\thirdparty\metrology\demo_meter\pic32cx2051mtc128_pic32cxmtc_db\iar\Debug\Obj\sam_12540497443070241048.dir: [38]
    cycle_counter.o                      10        6
    ---------------------------------------------------------
    Total:                               10        6

C:\Users\Trinidad\Documents\Edge Power Meter\DemoMeterApp_PIC32CXMTx-DB_v2.1.3\thirdparty\metrology\demo_meter\pic32cx2051mtc128_pic32cxmtc_db\iar\Debug\Obj\sam_3596523682536596269.dir: [39]
    sleepmgr.o                                              8
    ---------------------------------------------------------
    Total:                                                  8

C:\Users\Trinidad\Documents\Edge Power Meter\DemoMeterApp_PIC32CXMTx-DB_v2.1.3\thirdparty\metrology\demo_meter\pic32cx2051mtc128_pic32cxmtc_db\iar\Debug\Obj\serial_1807546217111395596.dir: [40]
    ---------------------------------------------------------
    Total:

C:\Users\Trinidad\Documents\Edge Power Meter\DemoMeterApp_PIC32CXMTx-DB_v2.1.3\thirdparty\metrology\demo_meter\pic32cx2051mtc128_pic32cxmtc_db\iar\Debug\Obj\sfr_7047017103419163853.dir: [41]
    ---------------------------------------------------------
    Total:

C:\Users\Trinidad\Documents\Edge Power Meter\DemoMeterApp_PIC32CXMTx-DB_v2.1.3\thirdparty\metrology\demo_meter\pic32cx2051mtc128_pic32cxmtc_db\iar\Debug\Obj\slcdc_873949449722968577.dir: [42]
    slcdc.o                    232                          4
    ---------------------------------------------------------
    Total:                     232                          4

C:\Users\Trinidad\Documents\Edge Power Meter\DemoMeterApp_PIC32CXMTx-DB_v2.1.3\thirdparty\metrology\demo_meter\pic32cx2051mtc128_pic32cxmtc_db\iar\Debug\Obj\sst26vfxxx_5837435984781979122.dir: [43]
    sst26vfxxx.o             1'488                          8
    ---------------------------------------------------------
    Total:                   1'488                          8

C:\Users\Trinidad\Documents\Edge Power Meter\DemoMeterApp_PIC32CXMTx-DB_v2.1.3\thirdparty\metrology\demo_meter\pic32cx2051mtc128_pic32cxmtc_db\iar\Debug\Obj\stdio_5455814441982807288.dir: [44]
    write.o                     80                          8
    ---------------------------------------------------------
    Total:                      80                          8

C:\Users\Trinidad\Documents\Edge Power Meter\DemoMeterApp_PIC32CXMTx-DB_v2.1.3\thirdparty\metrology\demo_meter\pic32cx2051mtc128_pic32cxmtc_db\iar\Debug\Obj\templates_16553508189581584325.dir: [45]
    system_pic32cxmt.o         792                 3        8
    ---------------------------------------------------------
    Total:                     792                 3        8

C:\Users\Trinidad\Documents\Edge Power Meter\DemoMeterApp_PIC32CXMTx-DB_v2.1.3\thirdparty\metrology\demo_meter\pic32cx2051mtc128_pic32cxmtc_db\iar\Debug\Obj\tou_17325662007959550489.dir: [46]
    tou.o                      228                18       56
    ---------------------------------------------------------
    Total:                     228                18       56

C:\Users\Trinidad\Documents\Edge Power Meter\DemoMeterApp_PIC32CXMTx-DB_v2.1.3\thirdparty\metrology\demo_meter\pic32cx2051mtc128_pic32cxmtc_db\iar\Debug\Obj\uart_9721864324678920132.dir: [47]
    uart.o                      92
    ---------------------------------------------------------
    Total:                      92

C:\Users\Trinidad\Documents\Edge Power Meter\DemoMeterApp_PIC32CXMTx-DB_v2.1.3\thirdparty\metrology\demo_meter\pic32cx2051mtc128_pic32cxmtc_db\iar\Debug\Obj\usart_8294822555315349871.dir: [48]
    usart.o                    394                          4
    ---------------------------------------------------------
    Total:                     394                          4

C:\Users\Trinidad\Documents\Edge Power Meter\DemoMeterApp_PIC32CXMTx-DB_v2.1.3\thirdparty\metrology\demo_meter\pic32cx2051mtc128_pic32cxmtc_db\iar\Debug\Obj\utils_14378979707904112178.dir: [49]
    utils.o                    184
    ---------------------------------------------------------
    Total:                     184

dl7M_tlf.a: [50]
    abort.o                      6
    abs.o                        8
    exit.o                       4
    no_free_heap0.o             80                          4
    printf.o                    40
    putchar.o                   68
    sprintf.o                   64
    strstr.o                    42
    xencoding_8859_1.o          12
    xfail_s.o                   64                          4
    xfiles.o                                      46      152
    xgetmemchunk.o              44                          4
    xlocale_c.o                112                86      128
    xprintflarge.o           3'382
    xprout.o                    22
    xsprout.o                   10
    ---------------------------------------------------------
    Total:                   3'958               132      292

m7M_tls.a: [51]
    DblAddSub.o                606
    DblCmpEq.o                  32
    DblCmpGe.o                  52
    DblCmpLe.o                  52
    DblDiv.o                   582
    DblMul.o                   426
    DblToS32.o                  54
    DblToU32.o                  34
    FltToDbl.o                  72
    S32ToDbl.o                  34
    S64ToDbl.o                  84
    U32ToDbl.o                  28
    U64ToDbl.o                  70
    U64ToFlt.o                  72
    atan2_64.o                 368
    fpinit_M.o                  34
    frexp.o                    112
    iar_Atan64.o               456                64
    iar_Exp64.o                840
    ldexp.o                    314
    math_wrappers64.o           38
    pow64.o                  1'676             1'056
    sqrt.o                     258
    ---------------------------------------------------------
    Total:                   6'294             1'120

rt7M_tl.a: [52]
    ABImemcpy_unaligned.o      118
    ABImemset.o                102
    I64DivMod.o                628
    I64DivZer.o                  2
    XXexit.o                    12
    cexit.o                     10
    cmain.o                     30
    cstartup_M.o                28
    data_init.o                 42
    lz77_init_single.o         126
    memchr.o                    88
    memcmp_unaligned.o          98
    strchr.o                    22
    strlen.o                    54
    zero_init3.o                56
    ---------------------------------------------------------
    Total:                   1'416

    Gaps                        36        2        4       56
    Linker created              16                32    8'704
-------------------------------------------------------------
    Grand Total:            63'430       20   27'037   64'319


*******************************************************************************
*** ENTRY LIST
***

Entry                       Address    Size  Type      Object
-----                       -------    ----  ----      ------
.iar.init_table$$Base    0x101'4c3c           --   Gb  - Linker created -
.iar.init_table$$Limit   0x101'4c5c           --   Gb  - Linker created -
.intvec$$Base            0x100'0000           --   Gb  - Linker created -
.intvec$$Limit           0x100'01c4           --   Gb  - Linker created -
?main                    0x101'49e9          Code  Gb  cmain.o [52]
ACC_Handler              0x101'49a5     0x2  Code  Wk  startup_pic32cxmt.o [19]
ADC_Handler              0x101'49a5     0x2  Code  Wk  startup_pic32cxmt.o [19]
AESB_AESBSEC_Handler     0x101'49a5     0x2  Code  Wk  startup_pic32cxmt.o [19]
AESB_Handler             0x101'49a5     0x2  Code  Wk  startup_pic32cxmt.o [19]
AES_AESSEC_Handler       0x101'49a5     0x2  Code  Wk  startup_pic32cxmt.o [19]
AES_Handler              0x101'49a5     0x2  Code  Wk  startup_pic32cxmt.o [19]
ARM0_FPU_Handler         0x101'49a5     0x2  Code  Wk  startup_pic32cxmt.o [19]
ARM0_IXC_Handler         0x101'49a5     0x2  Code  Wk  startup_pic32cxmt.o [19]
ARM1_FPU_Handler         0x101'49a5     0x2  Code  Wk  startup_pic32cxmt.o [19]
ARM1_IXC_Handler         0x101'49a5     0x2  Code  Wk  startup_pic32cxmt.o [19]
BaseTimerInit            0x101'3833    0x12  Code  Gb  basetime.o [2]
BaseTimerProcess         0x101'3845    0x2c  Code  Gb  basetime.o [2]
BusFault_Handler         0x101'49a5     0x2  Code  Wk  startup_pic32cxmt.o [19]
CPKCC_Handler            0x101'49a5     0x2  Code  Wk  startup_pic32cxmt.o [19]
CSTACK$$Base            0x2000'd958           --   Gb  - Linker created -
CSTACK$$Limit           0x2000'f958           --   Gb  - Linker created -
CacheMore                0x101'1341    0x28  Code  Lc  xlocale_c.o [50]
CommandConsoleProcess    0x100'825d   0x220  Code  Gb  command.o [6]
CommandEspProcess        0x100'85b9    0xd6  Code  Gb  command.o [6]
CommandInit              0x100'812f   0x10c  Code  Gb  command.o [6]
CommandOptoProcess       0x100'8259     0x2  Code  Gb  command.o [6]
CommandSendEspMsg        0x100'8695    0x22  Code  Gb  command.o [6]
CommandZwProcess         0x100'84c5    0xea  Code  Gb  command.o [6]
CoprocInit               0x100'c259    0xe8  Code  Gb  coproc.o [7]
DWDT0_Handler            0x101'49a5     0x2  Code  Wk  startup_pic32cxmt.o [19]
DWDT1_Handler            0x101'49a5     0x2  Code  Wk  startup_pic32cxmt.o [19]
DebugMon_Handler         0x101'49a5     0x2  Code  Wk  startup_pic32cxmt.o [19]
DemandClear              0x100'd321    0x20  Code  Gb  demand.o [8]
DemandClearMonth         0x100'd341    0x2e  Code  Gb  demand.o [8]
DemandInit               0x100'd2c1    0x60  Code  Gb  demand.o [8]
DemandProcess            0x100'd397    0x38  Code  Gb  demand.o [8]
DemandUpdate             0x100'd36f    0x28  Code  Gb  demand.o [8]
DisplayChangeInfo        0x101'1c31    0x6c  Code  Gb  display.o [10]
DisplayProcess           0x101'1c9d   0xaa2  Code  Gb  display.o [10]
Dummy_Handler            0x101'49a5     0x2  Code  Gb  startup_pic32cxmt.o [19]
EnergyClear              0x100'c53d    0x1e  Code  Gb  energy.o [13]
EnergyInit               0x100'c481    0x4e  Code  Gb  energy.o [13]
EnergyProcess            0x100'c4cf    0x6e  Code  Gb  energy.o [13]
EventClear               0x100'ce29    0x30  Code  Gb  event.o [14]
EventGetData             0x100'ce59    0xe8  Code  Gb  event.o [14]
EventInit                0x100'cc6d    0x92  Code  Gb  event.o [14]
EventProcess             0x100'ccff   0x12a  Code  Gb  event.o [14]
ExtMemFullErase          0x100'd1a3     0xa  Code  Gb  extmem.o [15]
ExtMemGetUniqueId        0x100'd079    0x56  Code  Gb  extmem.o [15]
ExtMemInit               0x100'cf9f    0xda  Code  Gb  extmem.o [15]
ExtMemRead               0x100'd0cf    0x32  Code  Gb  extmem.o [15]
ExtMemReadSize           0x100'd101    0x2a  Code  Gb  extmem.o [15]
ExtMemWrite              0x100'd12b    0x78  Code  Gb  extmem.o [15]
FLEXCOM0_Handler         0x100'8091    0x20  Code  Gb  command.o [6]
FLEXCOM1_Handler         0x100'80b1    0x20  Code  Gb  command.o [6]
FLEXCOM2_Handler         0x101'49a5     0x2  Code  Wk  startup_pic32cxmt.o [19]
[...]
rtc_get_tamper_time      0x101'0b81    0xd0  Code  Gb  rtc.o [35]
rtc_get_time             0x101'06c1    0x78  Code  Gb  rtc.o [35]
rtc_set_date             0x101'090d    0xcc  Code  Gb  rtc.o [35]
rtc_set_hour_mode        0x101'06a1    0x18  Code  Gb  rtc.o [35]
rtc_set_time             0x101'0739    0x96  Code  Gb  rtc.o [35]
rtc_set_time_alarm       0x101'07cf    0x9c  Code  Gb  rtc.o [35]
rtc_set_time_event       0x101'09eb    0x16  Code  Gb  rtc.o [35]
rtc_set_waveform         0x101'0a01   0x158  Code  Gb  rtc.o [35]
s_jedec_id              0x2000'0044     0x4  Data  Lc  extmem.o [15]
s_mode_config           0x2000'0020    0x24  Data  Lc  extmem.o [15]
s_qspid                 0x2000'0004    0x1c  Data  Lc  extmem.o [15]
sb_scramble_en          0x2000'd953     0x1  Data  Lc  qspi.o [28]
scalbln                  0x101'1ab9          Code  Gb  ldexp.o [51]
scalblnl                 0x101'1ab9          Code  Gb  ldexp.o [51]
scalbn                   0x101'1ab9          Code  Gb  ldexp.o [51]
scalbnl                  0x101'1ab9          Code  Gb  ldexp.o [51]
scale                    0x100'f2a9    0x46  Code  Lc  xprintflarge.o [50]
sec_hand                0x2000'd940     0x4  Data  Lc  xfail_s.o [50]
slcdc_callback_pointer  0x2000'd920     0x4  Data  Gb  slcdc.o [42]
slcdc_clear_display_memory
                         0x101'2adb    0x22  Code  Gb  slcdc.o [42]
slcdc_clear_lsb_memory   0x101'27c9    0x18  Code  Lc  cl010_slcdc.o [4]
slcdc_clear_lsb_memory   0x101'2a85    0x18  Code  Lc  slcdc.o [42]
slcdc_disable            0x101'2acb    0x10  Code  Gb  slcdc.o [42]
slcdc_set_lsb_memory     0x101'27b1    0x18  Code  Lc  cl010_slcdc.o [4]
sleepmgr_enter_sleep     0x101'2e53    0x34  Code  Lc  main.o [9]
sleepmgr_get_sleep_mode
                         0x101'2e3d    0x16  Code  Lc  main.o [9]
sleepmgr_init            0x101'2de9    0x24  Code  Lc  main.o [9]
sleepmgr_is_lock         0x100'fd31    0x16  Code  Lc  icm.o [20]
sleepmgr_lock_mode       0x101'36cb    0x2e  Code  Lc  flexcom.o [16]
sleepmgr_lock_mode       0x100'fcd5    0x2e  Code  Lc  icm.o [20]
sleepmgr_lock_mode       0x101'2e0d    0x30  Code  Lc  main.o [9]
sleepmgr_locks          0x2000'd8e0     0x8  Data  Gb  sleepmgr.o [39]
sleepmgr_sleep           0x101'2dcd    0x1c  Code  Lc  main.o [9]
sleepmgr_unlock_mode     0x100'fd03    0x2e  Code  Lc  icm.o [20]
sleepmgr_unlock_mode     0x101'2a9d    0x2e  Code  Lc  slcdc.o [42]
sprintf                  0x100'9249    0x40  Code  Gb  sprintf.o [50]
spuc_app_info           0x2000'd8cc     0x8  Data  Lc  display.o [10]
spuc_app_loop_idx       0x2000'd950     0x1  Data  Lc  display.o [10]
spuc_app_loop_info      0x2000'd844    0x18  Data  Lc  display.o [10]
spuc_app_loop_max       0x2000'd94f     0x1  Data  Lc  display.o [10]
spuc_pdc_buff           0x2000'd2a8   0x100  Data  Lc  command.o [6]
sqrt                     0x100'f65d          Code  Gb  sqrt.o [51]
sqrtl                    0x100'f65d          Code  Gb  sqrt.o [51]
sst26vfxxx_disable_quad_mode
                         0x101'0371    0x1a  Code  Gb  sst26vfxxx.o [43]
sst26vfxxx_enable_quad_mode
                         0x101'0357    0x1a  Code  Gb  sst26vfxxx.o [43]
sst26vfxxx_erase_chip    0x101'04d1    0x5e  Code  Gb  sst26vfxxx.o [43]
sst26vfxxx_erase_sector
                         0x101'044f    0x82  Code  Gb  sst26vfxxx.o [43]
sst26vfxxx_exec_command
                         0x101'01a9    0xe2  Code  Lc  sst26vfxxx.o [43]
sst26vfxxx_global_protection_unlock
                         0x101'0625    0x20  Code  Gb  sst26vfxxx.o [43]
sst26vfxxx_initialize    0x101'0123    0x86  Code  Gb  sst26vfxxx.o [43]
sst26vfxxx_memory_access
                         0x101'028b    0x9e  Code  Lc  sst26vfxxx.o [43]
sst26vfxxx_read_jedec_id
                         0x101'03d1    0x1c  Code  Gb  sst26vfxxx.o [43]
sst26vfxxx_read_quad     0x101'05c9    0x5c  Code  Gb  sst26vfxxx.o [43]
sst26vfxxx_read_quad_jedec_id
                         0x101'03ed    0x38  Code  Gb  sst26vfxxx.o [43]
sst26vfxxx_read_status   0x101'038b    0x20  Code  Gb  sst26vfxxx.o [43]
sst26vfxxx_read_unique_id
                         0x101'0645    0x52  Code  Gb  sst26vfxxx.o [43]
sst26vfxxx_reset         0x101'0329    0x2e  Code  Gb  sst26vfxxx.o [43]
sst26vfxxx_write_configuration
                         0x101'03ab    0x26  Code  Gb  sst26vfxxx.o [43]
sst26vfxxx_write_enable
                         0x101'0425    0x2a  Code  Gb  sst26vfxxx.o [43]
sst26vfxxx_write_quad    0x101'052f    0x9a  Code  Gb  sst26vfxxx.o [43]
stdio_base              0x2000'd938     0x4  Data  Gb  write.o [44]
strchr                   0x100'e651          Code  Gb  strchr.o [52]
strlen                   0x101'13f1          Code  Gb  strlen.o [52]
strstr                   0x100'921f    0x2a  Code  Gb  strstr.o [50]
suc_rtc_save_min_counter
                        0x2000'07b9     0x1  Data  Lc  rtcproc.o [36]
sulAppTimer             0x2000'd8e8     0x4  Data  Lc  basetime.o [2]
sulMetUpdTimer          0x2000'd8d4     0x4  Data  Lc  basetime.o [2]
supc_disable_core_monitor
                         0x100'daf5     0xe  Code  Gb  supc.o [29]
supc_get_interrupt_status
                         0x100'daed     0x4  Code  Gb  supc.o [29]
supc_get_status          0x100'db1d     0x4  Code  Gb  supc.o [29]
supc_get_wkup_status     0x100'daf1     0x4  Code  Gb  supc.o [29]
supc_monitor_voltage_is_invalid
                         0x100'db21     0xa  Code  Gb  supc.o [29]
supc_set_backup_mode     0x100'db2b     0x8  Code  Gb  supc.o [29]
supc_set_wakeup_inputs   0x100'db15     0x8  Code  Gb  supc.o [29]
supc_set_wakeup_mode     0x100'db11     0x4  Code  Gb  supc.o [29]
supc_switch_sclk_to_32kxtal
                         0x100'dac5    0x28  Code  Gb  supc.o [29]
sus_mem_reg_size        0x2000'd8a0    0x10  Data  Lc  extmem.o [15]
symbol_down              0x101'490c    0x34  Data  Gb  cl010_slcdc.o [4]
symbol_units             0x101'4568    0x6c  Data  Gb  cl010_slcdc.o [4]
symbol_up                0x101'4864    0x38  Data  Gb  cl010_slcdc.o [4]
sysclk_configure_cpclk   0x100'87f5    0xaa  Code  Lc  sysclk.o [30]
sysclk_disable_peripheral_clock
                         0x100'c3df     0xc  Code  Lc  utils.o [49]
sysclk_enable_peripheral_clock
                         0x101'36b5    0x16  Code  Lc  flexcom.o [16]
sysclk_enable_peripheral_clock
                         0x100'fcbf    0x16  Code  Lc  icm.o [20]
sysclk_enable_peripheral_clock
                         0x101'3899    0x16  Code  Lc  init.o [32]
sysclk_enable_peripheral_clock
                         0x100'ff55    0x16  Code  Lc  ipc.o [22]
sysclk_enable_peripheral_clock
                         0x101'2c31    0x16  Code  Lc  main.o [9]
sysclk_enable_peripheral_clock
                         0x100'c3c9    0x16  Code  Lc  utils.o [49]
sysclk_get_coproc_peripheral_hz
                         0x101'2bef    0x1a  Code  Lc  main.o [9]
sysclk_get_cpu_hz        0x100'4bb1     0xe  Code  Lc  command.o [6]
sysclk_get_cpu_hz        0x101'2bc7     0xe  Code  Lc  main.o [9]
sysclk_get_cpu_hz        0x100'9291     0xe  Code  Lc  metrology.o [24]
sysclk_get_cpu_hz        0x101'00d9     0xe  Code  Lc  sst26vfxxx.o [43]
sysclk_get_cpu_hz        0x100'87e7     0xe  Code  Lc  sysclk.o [30]
sysclk_get_main_hz       0x100'4ba9     0x8  Code  Lc  command.o [6]
sysclk_get_main_hz       0x101'2bbf     0x8  Code  Lc  main.o [9]
sysclk_get_main_hz       0x100'9289     0x8  Code  Lc  metrology.o [24]
sysclk_get_main_hz       0x101'00d1     0x8  Code  Lc  sst26vfxxx.o [43]
sysclk_get_main_hz       0x100'87df     0x8  Code  Lc  sysclk.o [30]
sysclk_get_main_hz_core0
                         0x100'8a11   0x1ba  Code  Gb  sysclk.o [30]
sysclk_get_main_hz_core1
                         0x100'8bcb   0x236  Code  Gb  sysclk.o [30]
sysclk_get_peripheral_bus_hz
                         0x101'2c09    0x28  Code  Lc  main.o [9]
sysclk_get_peripheral_hz
                         0x101'2bd5    0x1a  Code  Lc  main.o [9]
sysclk_init              0x100'889f    0xda  Code  Gb  sysclk.o [30]
sysclk_restart_core0     0x100'8979    0x98  Code  Gb  sysclk.o [30]
system_init_flash        0x100'dd85    0x82  Code  Gb  system_pic32cxmt.o [45]
tamper_date             0x2000'd8b0    0x10  Data  Lc  main.o [9]
tamper_time             0x2000'd8c0     0xc  Data  Lc  main.o [9]
tcm_empty_init           0x101'4975     0x4  Code  Lc  startup_pic32cxmt.o [19]
uart_get_pdc_base        0x100'9081    0x10  Code  Gb  uart.o [47]
uart_init                0x100'903d    0x3a  Code  Gb  uart.o [47]
uart_is_tx_empty         0x100'9077     0xa  Code  Gb  uart.o [47]
ul_cnt                  0x2000'd8fc     0x4  Data  Gb  command.o [6]
ul_flash_in_wait_mode   0x2000'06b8     0x4  Data  Lc  pmc.o [31]
usart_disable_writeprotect_all_regs
                         0x100'8e35     0x8  Code  Lc  usart.o [48]
usart_drive_RTS_pin_high
                         0x100'8f43     0x8  Code  Gb  usart.o [48]
usart_enable_interrupt   0x100'8f37     0x4  Code  Gb  usart.o [48]
usart_enable_rx          0x100'8f2b     0x6  Code  Gb  usart.o [48]
usart_enable_tx          0x100'8f1f     0x6  Code  Gb  usart.o [48]
usart_get_pdc_base       0x100'8fb5     0xa  Code  Gb  usart.o [48]
usart_init_rs232         0x100'8ebd    0x4e  Code  Gb  usart.o [48]
usart_init_rs232::ul_reg_val
                        0x2000'd934     0x4  Data  Lc  usart.o [48]
usart_is_tx_buf_empty    0x100'8f15     0xa  Code  Gb  usart.o [48]
usart_putchar            0x100'8f61    0x22  Code  Gb  usart.o [48]
usart_read               0x100'8f9d    0x18  Code  Gb  usart.o [48]
usart_reset              0x100'8e8d    0x30  Code  Gb  usart.o [48]
usart_reset_rx           0x100'8f31     0x6  Code  Gb  usart.o [48]
usart_reset_status       0x100'8f3b     0x8  Code  Gb  usart.o [48]
usart_reset_tx           0x100'8f25     0x6  Code  Gb  usart.o [48]
usart_serial_init        0x101'2e87   0x1f4  Code  Lc  main.o [9]
usart_set_async_baudrate
                         0x100'8e3d    0x50  Code  Gb  usart.o [48]
usart_write              0x100'8f4b    0x16  Code  Gb  usart.o [48]
usart_write_line         0x100'8f83    0x1a  Code  Gb  usart.o [48]
wait_mode                0x101'31af     0x2  Code  Lc  main.o [9]


[1] = C:\Users\Trinidad\Documents\Edge Power Meter\DemoMeterApp_PIC32CXMTx-DB_v2.1.3\thirdparty\metrology\demo_meter\pic32cx2051mtc128_pic32cxmtc_db\iar\..\..\..\metrology_lib
[2] = C:\Users\Trinidad\Documents\Edge Power Meter\DemoMeterApp_PIC32CXMTx-DB_v2.1.3\thirdparty\metrology\demo_meter\pic32cx2051mtc128_pic32cxmtc_db\iar\Debug\Obj\basetimer_4936673974756582190.dir
[3] = C:\Users\Trinidad\Documents\Edge Power Meter\DemoMeterApp_PIC32CXMTx-DB_v2.1.3\thirdparty\metrology\demo_meter\pic32cx2051mtc128_pic32cxmtc_db\iar\Debug\Obj\chipid_13066561950281449856.dir
[4] = C:\Users\Trinidad\Documents\Edge Power Meter\DemoMeterApp_PIC32CXMTx-DB_v2.1.3\thirdparty\metrology\demo_meter\pic32cx2051mtc128_pic32cxmtc_db\iar\Debug\Obj\cl010_11579800423161132974.dir
[5] = C:\Users\Trinidad\Documents\Edge Power Meter\DemoMeterApp_PIC32CXMTx-DB_v2.1.3\thirdparty\metrology\demo_meter\pic32cx2051mtc128_pic32cxmtc_db\iar\Debug\Obj\cmcc_7489387026569200248.dir
[6] = C:\Users\Trinidad\Documents\Edge Power Meter\DemoMeterApp_PIC32CXMTx-DB_v2.1.3\thirdparty\metrology\demo_meter\pic32cx2051mtc128_pic32cxmtc_db\iar\Debug\Obj\command_8906228788617416980.dir
[7] = C:\Users\Trinidad\Documents\Edge Power Meter\DemoMeterApp_PIC32CXMTx-DB_v2.1.3\thirdparty\metrology\demo_meter\pic32cx2051mtc128_pic32cxmtc_db\iar\Debug\Obj\coproc_9749331468082316160.dir
[8] = C:\Users\Trinidad\Documents\Edge Power Meter\DemoMeterApp_PIC32CXMTx-DB_v2.1.3\thirdparty\metrology\demo_meter\pic32cx2051mtc128_pic32cxmtc_db\iar\Debug\Obj\demand_17355641823859620046.dir
[9] = C:\Users\Trinidad\Documents\Edge Power Meter\DemoMeterApp_PIC32CXMTx-DB_v2.1.3\thirdparty\metrology\demo_meter\pic32cx2051mtc128_pic32cxmtc_db\iar\Debug\Obj\demo_meter_5572793459405541382.dir
[10] = C:\Users\Trinidad\Documents\Edge Power Meter\DemoMeterApp_PIC32CXMTx-DB_v2.1.3\thirdparty\metrology\demo_meter\pic32cx2051mtc128_pic32cxmtc_db\iar\Debug\Obj\display_17728295051085714797.dir
[11] = C:\Users\Trinidad\Documents\Edge Power Meter\DemoMeterApp_PIC32CXMTx-DB_v2.1.3\thirdparty\metrology\demo_meter\pic32cx2051mtc128_pic32cxmtc_db\iar\Debug\Obj\dwdt_12470398042489126074.dir
[12] = C:\Users\Trinidad\Documents\Edge Power Meter\DemoMeterApp_PIC32CXMTx-DB_v2.1.3\thirdparty\metrology\demo_meter\pic32cx2051mtc128_pic32cxmtc_db\iar\Debug\Obj\efc_6270090437959664630.dir
[13] = C:\Users\Trinidad\Documents\Edge Power Meter\DemoMeterApp_PIC32CXMTx-DB_v2.1.3\thirdparty\metrology\demo_meter\pic32cx2051mtc128_pic32cxmtc_db\iar\Debug\Obj\energy_17222462974655821958.dir
[14] = C:\Users\Trinidad\Documents\Edge Power Meter\DemoMeterApp_PIC32CXMTx-DB_v2.1.3\thirdparty\metrology\demo_meter\pic32cx2051mtc128_pic32cxmtc_db\iar\Debug\Obj\event_11943493266707601799.dir
[15] = C:\Users\Trinidad\Documents\Edge Power Meter\DemoMeterApp_PIC32CXMTx-DB_v2.1.3\thirdparty\metrology\demo_meter\pic32cx2051mtc128_pic32cxmtc_db\iar\Debug\Obj\extmem_6959264042228827857.dir
[16] = C:\Users\Trinidad\Documents\Edge Power Meter\DemoMeterApp_PIC32CXMTx-DB_v2.1.3\thirdparty\metrology\demo_meter\pic32cx2051mtc128_pic32cxmtc_db\iar\Debug\Obj\flexcom_6888569455888393767.dir
[17] = C:\Users\Trinidad\Documents\Edge Power Meter\DemoMeterApp_PIC32CXMTx-DB_v2.1.3\thirdparty\metrology\demo_meter\pic32cx2051mtc128_pic32cxmtc_db\iar\Debug\Obj\gpbr_6572994327841527292.dir
[18] = C:\Users\Trinidad\Documents\Edge Power Meter\DemoMeterApp_PIC32CXMTx-DB_v2.1.3\thirdparty\metrology\demo_meter\pic32cx2051mtc128_pic32cxmtc_db\iar\Debug\Obj\history_6017328472732847341.dir
[19] = C:\Users\Trinidad\Documents\Edge Power Meter\DemoMeterApp_PIC32CXMTx-DB_v2.1.3\thirdparty\metrology\demo_meter\pic32cx2051mtc128_pic32cxmtc_db\iar\Debug\Obj\iar_4832482394000501318.dir
[20] = C:\Users\Trinidad\Documents\Edge Power Meter\DemoMeterApp_PIC32CXMTx-DB_v2.1.3\thirdparty\metrology\demo_meter\pic32cx2051mtc128_pic32cxmtc_db\iar\Debug\Obj\icm_15745070383992474706.dir
[21] = C:\Users\Trinidad\Documents\Edge Power Meter\DemoMeterApp_PIC32CXMTx-DB_v2.1.3\thirdparty\metrology\demo_meter\pic32cx2051mtc128_pic32cxmtc_db\iar\Debug\Obj\interrupt_17014432481494778935.dir
[22] = C:\Users\Trinidad\Documents\Edge Power Meter\DemoMeterApp_PIC32CXMTx-DB_v2.1.3\thirdparty\metrology\demo_meter\pic32cx2051mtc128_pic32cxmtc_db\iar\Debug\Obj\ipc_5619749694703802938.dir
[23] = C:\Users\Trinidad\Documents\Edge Power Meter\DemoMeterApp_PIC32CXMTx-DB_v2.1.3\thirdparty\metrology\demo_meter\pic32cx2051mtc128_pic32cxmtc_db\iar\Debug\Obj\kenerl_17057865948722818158.dir
[24] = C:\Users\Trinidad\Documents\Edge Power Meter\DemoMeterApp_PIC32CXMTx-DB_v2.1.3\thirdparty\metrology\demo_meter\pic32cx2051mtc128_pic32cxmtc_db\iar\Debug\Obj\metrology_8079378378844777797.dir
[25] = C:\Users\Trinidad\Documents\Edge Power Meter\DemoMeterApp_PIC32CXMTx-DB_v2.1.3\thirdparty\metrology\demo_meter\pic32cx2051mtc128_pic32cxmtc_db\iar\Debug\Obj\pdc_9659333879650592204.dir
[26] = C:\Users\Trinidad\Documents\Edge Power Meter\DemoMeterApp_PIC32CXMTx-DB_v2.1.3\thirdparty\metrology\demo_meter\pic32cx2051mtc128_pic32cxmtc_db\iar\Debug\Obj\pic32cx_10721819307376783235.dir
[27] = C:\Users\Trinidad\Documents\Edge Power Meter\DemoMeterApp_PIC32CXMTx-DB_v2.1.3\thirdparty\metrology\demo_meter\pic32cx2051mtc128_pic32cxmtc_db\iar\Debug\Obj\pic32cx_11649012628071203076.dir
[28] = C:\Users\Trinidad\Documents\Edge Power Meter\DemoMeterApp_PIC32CXMTx-DB_v2.1.3\thirdparty\metrology\demo_meter\pic32cx2051mtc128_pic32cxmtc_db\iar\Debug\Obj\pic32cx_13603347718158513638.dir
[29] = C:\Users\Trinidad\Documents\Edge Power Meter\DemoMeterApp_PIC32CXMTx-DB_v2.1.3\thirdparty\metrology\demo_meter\pic32cx2051mtc128_pic32cxmtc_db\iar\Debug\Obj\pic32cx_15128000982733294162.dir
[30] = C:\Users\Trinidad\Documents\Edge Power Meter\DemoMeterApp_PIC32CXMTx-DB_v2.1.3\thirdparty\metrology\demo_meter\pic32cx2051mtc128_pic32cxmtc_db\iar\Debug\Obj\pic32cx_17052947085646343767.dir
[31] = C:\Users\Trinidad\Documents\Edge Power Meter\DemoMeterApp_PIC32CXMTx-DB_v2.1.3\thirdparty\metrology\demo_meter\pic32cx2051mtc128_pic32cxmtc_db\iar\Debug\Obj\pic32cx_634910764530157841.dir
[32] = C:\Users\Trinidad\Documents\Edge Power Meter\DemoMeterApp_PIC32CXMTx-DB_v2.1.3\thirdparty\metrology\demo_meter\pic32cx2051mtc128_pic32cxmtc_db\iar\Debug\Obj\pic32cxmtc_db_15326935369949177419.dir
[33] = C:\Users\Trinidad\Documents\Edge Power Meter\DemoMeterApp_PIC32CXMTx-DB_v2.1.3\thirdparty\metrology\demo_meter\pic32cx2051mtc128_pic32cxmtc_db\iar\Debug\Obj\presskey_10794399148976416360.dir
[34] = C:\Users\Trinidad\Documents\Edge Power Meter\DemoMeterApp_PIC32CXMTx-DB_v2.1.3\thirdparty\metrology\demo_meter\pic32cx2051mtc128_pic32cxmtc_db\iar\Debug\Obj\rstc_15885853018164111619.dir
[35] = C:\Users\Trinidad\Documents\Edge Power Meter\DemoMeterApp_PIC32CXMTx-DB_v2.1.3\thirdparty\metrology\demo_meter\pic32cx2051mtc128_pic32cxmtc_db\iar\Debug\Obj\rtc_8534214779885698296.dir
[36] = C:\Users\Trinidad\Documents\Edge Power Meter\DemoMeterApp_PIC32CXMTx-DB_v2.1.3\thirdparty\metrology\demo_meter\pic32cx2051mtc128_pic32cxmtc_db\iar\Debug\Obj\rtcproc_3244680199167186646.dir
[37] = C:\Users\Trinidad\Documents\Edge Power Meter\DemoMeterApp_PIC32CXMTx-DB_v2.1.3\thirdparty\metrology\demo_meter\pic32cx2051mtc128_pic32cxmtc_db\iar\Debug\Obj\rtt_16311937672687947566.dir
[38] = C:\Users\Trinidad\Documents\Edge Power Meter\DemoMeterApp_PIC32CXMTx-DB_v2.1.3\thirdparty\metrology\demo_meter\pic32cx2051mtc128_pic32cxmtc_db\iar\Debug\Obj\sam_12540497443070241048.dir
[39] = C:\Users\Trinidad\Documents\Edge Power Meter\DemoMeterApp_PIC32CXMTx-DB_v2.1.3\thirdparty\metrology\demo_meter\pic32cx2051mtc128_pic32cxmtc_db\iar\Debug\Obj\sam_3596523682536596269.dir
[40] = C:\Users\Trinidad\Documents\Edge Power Meter\DemoMeterApp_PIC32CXMTx-DB_v2.1.3\thirdparty\metrology\demo_meter\pic32cx2051mtc128_pic32cxmtc_db\iar\Debug\Obj\serial_1807546217111395596.dir
[41] = C:\Users\Trinidad\Documents\Edge Power Meter\DemoMeterApp_PIC32CXMTx-DB_v2.1.3\thirdparty\metrology\demo_meter\pic32cx2051mtc128_pic32cxmtc_db\iar\Debug\Obj\sfr_7047017103419163853.dir
[42] = C:\Users\Trinidad\Documents\Edge Power Meter\DemoMeterApp_PIC32CXMTx-DB_v2.1.3\thirdparty\metrology\demo_meter\pic32cx2051mtc128_pic32cxmtc_db\iar\Debug\Obj\slcdc_873949449722968577.dir
[43] = C:\Users\Trinidad\Documents\Edge Power Meter\DemoMeterApp_PIC32CXMTx-DB_v2.1.3\thirdparty\metrology\demo_meter\pic32cx2051mtc128_pic32cxmtc_db\iar\Debug\Obj\sst26vfxxx_5837435984781979122.dir
[44] = C:\Users\Trinidad\Documents\Edge Power Meter\DemoMeterApp_PIC32CXMTx-DB_v2.1.3\thirdparty\metrology\demo_meter\pic32cx2051mtc128_pic32cxmtc_db\iar\Debug\Obj\stdio_5455814441982807288.dir
[45] = C:\Users\Trinidad\Documents\Edge Power Meter\DemoMeterApp_PIC32CXMTx-DB_v2.1.3\thirdparty\metrology\demo_meter\pic32cx2051mtc128_pic32cxmtc_db\iar\Debug\Obj\templates_16553508189581584325.dir
[46] = C:\Users\Trinidad\Documents\Edge Power Meter\DemoMeterApp_PIC32CXMTx-DB_v2.1.3\thirdparty\metrology\demo_meter\pic32cx2051mtc128_pic32cxmtc_db\iar\Debug\Obj\tou_17325662007959550489.dir
[47] = C:\Users\Trinidad\Documents\Edge Power Meter\DemoMeterApp_PIC32CXMTx-DB_v2.1.3\thirdparty\metrology\demo_meter\pic32cx2051mtc128_pic32cxmtc_db\iar\Debug\Obj\uart_9721864324678920132.dir
[48] = C:\Users\Trinidad\Documents\Edge Power Meter\DemoMeterApp_PIC32CXMTx-DB_v2.1.3\thirdparty\metrology\demo_meter\pic32cx2051mtc128_pic32cxmtc_db\iar\Debug\Obj\usart_8294822555315349871.dir
[49] = C:\Users\Trinidad\Documents\Edge Power Meter\DemoMeterApp_PIC32CXMTx-DB_v2.1.3\thirdparty\metrology\demo_meter\pic32cx2051mtc128_pic32cxmtc_db\iar\Debug\Obj\utils_14378979707904112178.dir
[50] = dl7M_tlf.a
[51] = m7M_tls.a
[52] = rt7M_tl.a

  63'430 bytes of readonly  code memory
      20 bytes of readwrite code memory
  27'037 bytes of readonly  data memory
  64'319 bytes of readwrite data memory

Errors: none
Warnings: none
