###############################################################################
#
# IAR ELF Linker V9.50.2.385/W64 for ARM                  27/May/2024  10:28:30
# Copyright 2007-2024 IAR Systems AB.
#
#    Output file  =
#        C:\Users\Trinidad\Documents\Edge Power
#        Meter\DemoMeterApp_PIC32CXMTx-DB_v2.1.3\thirdparty\metrology\demo_meter\pic32cx2051mtc128_pic32cxmtc_db\iar\Debug\Exe\metrology_demometer_flash.out
#    Map file     =
#        C:\Users\Trinidad\Documents\Edge Power
#        Meter\DemoMeterApp_PIC32CXMTx-DB_v2.1.3\thirdparty\metrology\demo_meter\pic32cx2051mtc128_pic32cxmtc_db\iar\Debug\List\metrology_demometer_flash.map
#    Command line =
#        -f "C:\Users\Trinidad\Documents\Edge Power
#        Meter\DemoMeterApp_PIC32CXMTx-DB_v2.1.3\thirdparty\metrology\demo_meter\pic32cx2051mtc128_pic32cxmtc_db\iar\Debug\Exe\metrology_demometer_flash.out.rsp"
#        ("C:\Users\Trinidad\Documents\Edge Power
#        Meter\DemoMeterApp_PIC32CXMTx-DB_v2.1.3\thirdparty\metrology\demo_meter\pic32cx2051mtc128_pic32cxmtc_db\iar\Debug\Obj\basetimer_4936673974756582190.dir\basetime.o"
#        "C:\Users\Trinidad\Documents\Edge Power
#        Meter\DemoMeterApp_PIC32CXMTx-DB_v2.1.3\thirdparty\metrology\demo_meter\pic32cx2051mtc128_pic32cxmtc_db\iar\Debug\Obj\chipid_13066561950281449856.dir\chipid.o"
#        "C:\Users\Trinidad\Documents\Edge Power
#        Meter\DemoMeterApp_PIC32CXMTx-DB_v2.1.3\thirdparty\metrology\demo_meter\pic32cx2051mtc128_pic32cxmtc_db\iar\Debug\Obj\cl010_11579800423161132974.dir\cl010_slcdc.o"
#        "C:\Users\Trinidad\Documents\Edge Power
#        Meter\DemoMeterApp_PIC32CXMTx-DB_v2.1.3\thirdparty\metrology\demo_meter\pic32cx2051mtc128_pic32cxmtc_db\iar\Debug\Obj\cmcc_7489387026569200248.dir\cmcc.o"
#        "C:\Users\Trinidad\Documents\Edge Power
#        Meter\DemoMeterApp_PIC32CXMTx-DB_v2.1.3\thirdparty\metrology\demo_meter\pic32cx2051mtc128_pic32cxmtc_db\iar\Debug\Obj\command_8906228788617416980.dir\command.o"
#        "C:\Users\Trinidad\Documents\Edge Power
#        Meter\DemoMeterApp_PIC32CXMTx-DB_v2.1.3\thirdparty\metrology\demo_meter\pic32cx2051mtc128_pic32cxmtc_db\iar\Debug\Obj\coproc_9749331468082316160.dir\coproc.o"
#        "C:\Users\Trinidad\Documents\Edge Power
#        Meter\DemoMeterApp_PIC32CXMTx-DB_v2.1.3\thirdparty\metrology\demo_meter\pic32cx2051mtc128_pic32cxmtc_db\iar\Debug\Obj\sam_12540497443070241048.dir\cycle_counter.o"
#        "C:\Users\Trinidad\Documents\Edge Power
#        Meter\DemoMeterApp_PIC32CXMTx-DB_v2.1.3\thirdparty\metrology\demo_meter\pic32cx2051mtc128_pic32cxmtc_db\iar\Debug\Obj\demand_17355641823859620046.dir\demand.o"
#        "C:\Users\Trinidad\Documents\Edge Power
#        Meter\DemoMeterApp_PIC32CXMTx-DB_v2.1.3\thirdparty\metrology\demo_meter\pic32cx2051mtc128_pic32cxmtc_db\iar\Debug\Obj\display_17728295051085714797.dir\display.o"
#        "C:\Users\Trinidad\Documents\Edge Power
#        Meter\DemoMeterApp_PIC32CXMTx-DB_v2.1.3\thirdparty\metrology\demo_meter\pic32cx2051mtc128_pic32cxmtc_db\iar\Debug\Obj\dwdt_12470398042489126074.dir\dwdt.o"
#        "C:\Users\Trinidad\Documents\Edge Power
#        Meter\DemoMeterApp_PIC32CXMTx-DB_v2.1.3\thirdparty\metrology\demo_meter\pic32cx2051mtc128_pic32cxmtc_db\iar\Debug\Obj\efc_6270090437959664630.dir\efc.o"
#        "C:\Users\Trinidad\Documents\Edge Power
#        Meter\DemoMeterApp_PIC32CXMTx-DB_v2.1.3\thirdparty\metrology\demo_meter\pic32cx2051mtc128_pic32cxmtc_db\iar\Debug\Obj\energy_17222462974655821958.dir\energy.o"
#        "C:\Users\Trinidad\Documents\Edge Power
#        Meter\DemoMeterApp_PIC32CXMTx-DB_v2.1.3\thirdparty\metrology\demo_meter\pic32cx2051mtc128_pic32cxmtc_db\iar\Debug\Obj\event_11943493266707601799.dir\event.o"
#        "C:\Users\Trinidad\Documents\Edge Power
#        Meter\DemoMeterApp_PIC32CXMTx-DB_v2.1.3\thirdparty\metrology\demo_meter\pic32cx2051mtc128_pic32cxmtc_db\iar\Debug\Obj\extmem_6959264042228827857.dir\extmem.o"
#        "C:\Users\Trinidad\Documents\Edge Power
#        Meter\DemoMeterApp_PIC32CXMTx-DB_v2.1.3\thirdparty\metrology\demo_meter\pic32cx2051mtc128_pic32cxmtc_db\iar\Debug\Obj\flexcom_6888569455888393767.dir\flexcom.o"
#        "C:\Users\Trinidad\Documents\Edge Power
#        Meter\DemoMeterApp_PIC32CXMTx-DB_v2.1.3\thirdparty\metrology\demo_meter\pic32cx2051mtc128_pic32cxmtc_db\iar\Debug\Obj\gpbr_6572994327841527292.dir\gpbr.o"
#        "C:\Users\Trinidad\Documents\Edge Power
#        Meter\DemoMeterApp_PIC32CXMTx-DB_v2.1.3\thirdparty\metrology\demo_meter\pic32cx2051mtc128_pic32cxmtc_db\iar\Debug\Obj\history_6017328472732847341.dir\history.o"
#        "C:\Users\Trinidad\Documents\Edge Power
#        Meter\DemoMeterApp_PIC32CXMTx-DB_v2.1.3\thirdparty\metrology\demo_meter\pic32cx2051mtc128_pic32cxmtc_db\iar\Debug\Obj\icm_15745070383992474706.dir\icm.o"
#        "C:\Users\Trinidad\Documents\Edge Power
#        Meter\DemoMeterApp_PIC32CXMTx-DB_v2.1.3\thirdparty\metrology\demo_meter\pic32cx2051mtc128_pic32cxmtc_db\iar\Debug\Obj\pic32cxmtc_db_15326935369949177419.dir\init.o"
#        "C:\Users\Trinidad\Documents\Edge Power
#        Meter\DemoMeterApp_PIC32CXMTx-DB_v2.1.3\thirdparty\metrology\demo_meter\pic32cx2051mtc128_pic32cxmtc_db\iar\Debug\Obj\interrupt_17014432481494778935.dir\interrupt_sam_nvic.o"
#        "C:\Users\Trinidad\Documents\Edge Power
#        Meter\DemoMeterApp_PIC32CXMTx-DB_v2.1.3\thirdparty\metrology\demo_meter\pic32cx2051mtc128_pic32cxmtc_db\iar\Debug\Obj\ipc_5619749694703802938.dir\ipc.o"
#        "C:\Users\Trinidad\Documents\Edge Power
#        Meter\DemoMeterApp_PIC32CXMTx-DB_v2.1.3\thirdparty\metrology\demo_meter\pic32cx2051mtc128_pic32cxmtc_db\iar\Debug\Obj\demo_meter_5572793459405541382.dir\main.o"
#        "C:\Users\Trinidad\Documents\Edge Power
#        Meter\DemoMeterApp_PIC32CXMTx-DB_v2.1.3\thirdparty\metrology\demo_meter\pic32cx2051mtc128_pic32cxmtc_db\iar\Debug\Obj\pic32cx_10721819307376783235.dir\matrix.o"
#        "C:\Users\Trinidad\Documents\Edge Power
#        Meter\DemoMeterApp_PIC32CXMTx-DB_v2.1.3\thirdparty\metrology\demo_meter\pic32cx2051mtc128_pic32cxmtc_db\iar\Debug\Obj\metrology_8079378378844777797.dir\metrology.o"
#        "C:\Users\Trinidad\Documents\Edge Power
#        Meter\DemoMeterApp_PIC32CXMTx-DB_v2.1.3\thirdparty\metrology\demo_meter\pic32cx2051mtc128_pic32cxmtc_db\iar\Debug\Obj\pdc_9659333879650592204.dir\pdc.o"
#        "C:\Users\Trinidad\Documents\Edge Power
#        Meter\DemoMeterApp_PIC32CXMTx-DB_v2.1.3\thirdparty\metrology\demo_meter\pic32cx2051mtc128_pic32cxmtc_db\iar\Debug\Obj\pic32cx_11649012628071203076.dir\pio.o"
#        "C:\Users\Trinidad\Documents\Edge Power
#        Meter\DemoMeterApp_PIC32CXMTx-DB_v2.1.3\thirdparty\metrology\demo_meter\pic32cx2051mtc128_pic32cxmtc_db\iar\Debug\Obj\pic32cx_11649012628071203076.dir\pio_handler.o"
#        "C:\Users\Trinidad\Documents\Edge Power
#        Meter\DemoMeterApp_PIC32CXMTx-DB_v2.1.3\thirdparty\metrology\demo_meter\pic32cx2051mtc128_pic32cxmtc_db\iar\Debug\Obj\pic32cx_634910764530157841.dir\pmc.o"
#        "C:\Users\Trinidad\Documents\Edge Power
#        Meter\DemoMeterApp_PIC32CXMTx-DB_v2.1.3\thirdparty\metrology\demo_meter\pic32cx2051mtc128_pic32cxmtc_db\iar\Debug\Obj\presskey_10794399148976416360.dir\presskey.o"
#        "C:\Users\Trinidad\Documents\Edge Power
#        Meter\DemoMeterApp_PIC32CXMTx-DB_v2.1.3\thirdparty\metrology\demo_meter\pic32cx2051mtc128_pic32cxmtc_db\iar\Debug\Obj\pic32cx_13603347718158513638.dir\qspi.o"
#        "C:\Users\Trinidad\Documents\Edge Power
#        Meter\DemoMeterApp_PIC32CXMTx-DB_v2.1.3\thirdparty\metrology\demo_meter\pic32cx2051mtc128_pic32cxmtc_db\iar\Debug\Obj\stdio_5455814441982807288.dir\read.o"
#        "C:\Users\Trinidad\Documents\Edge Power
#        Meter\DemoMeterApp_PIC32CXMTx-DB_v2.1.3\thirdparty\metrology\demo_meter\pic32cx2051mtc128_pic32cxmtc_db\iar\Debug\Obj\rstc_15885853018164111619.dir\rstc.o"
#        "C:\Users\Trinidad\Documents\Edge Power
#        Meter\DemoMeterApp_PIC32CXMTx-DB_v2.1.3\thirdparty\metrology\demo_meter\pic32cx2051mtc128_pic32cxmtc_db\iar\Debug\Obj\rtc_8534214779885698296.dir\rtc.o"
#        "C:\Users\Trinidad\Documents\Edge Power
#        Meter\DemoMeterApp_PIC32CXMTx-DB_v2.1.3\thirdparty\metrology\demo_meter\pic32cx2051mtc128_pic32cxmtc_db\iar\Debug\Obj\rtcproc_3244680199167186646.dir\rtcproc.o"
#        "C:\Users\Trinidad\Documents\Edge Power
#        Meter\DemoMeterApp_PIC32CXMTx-DB_v2.1.3\thirdparty\metrology\demo_meter\pic32cx2051mtc128_pic32cxmtc_db\iar\Debug\Obj\rtt_16311937672687947566.dir\rtt.o"
#        "C:\Users\Trinidad\Documents\Edge Power
#        Meter\DemoMeterApp_PIC32CXMTx-DB_v2.1.3\thirdparty\metrology\demo_meter\pic32cx2051mtc128_pic32cxmtc_db\iar\Debug\Obj\sfr_7047017103419163853.dir\sfr.o"
#        "C:\Users\Trinidad\Documents\Edge Power
#        Meter\DemoMeterApp_PIC32CXMTx-DB_v2.1.3\thirdparty\metrology\demo_meter\pic32cx2051mtc128_pic32cxmtc_db\iar\Debug\Obj\slcdc_873949449722968577.dir\slcdc.o"
#        "C:\Users\Trinidad\Documents\Edge Power
#        Meter\DemoMeterApp_PIC32CXMTx-DB_v2.1.3\thirdparty\metrology\demo_meter\pic32cx2051mtc128_pic32cxmtc_db\iar\Debug\Obj\pic32cx_634910764530157841.dir\sleep.o"
#        "C:\Users\Trinidad\Documents\Edge Power
#        Meter\DemoMeterApp_PIC32CXMTx-DB_v2.1.3\thirdparty\metrology\demo_meter\pic32cx2051mtc128_pic32cxmtc_db\iar\Debug\Obj\sam_3596523682536596269.dir\sleepmgr.o"
#        "C:\Users\Trinidad\Documents\Edge Power
#        Meter\DemoMeterApp_PIC32CXMTx-DB_v2.1.3\thirdparty\metrology\demo_meter\pic32cx2051mtc128_pic32cxmtc_db\iar\Debug\Obj\sst26vfxxx_5837435984781979122.dir\sst26vfxxx.o"
#        "C:\Users\Trinidad\Documents\Edge Power
#        Meter\DemoMeterApp_PIC32CXMTx-DB_v2.1.3\thirdparty\metrology\demo_meter\pic32cx2051mtc128_pic32cxmtc_db\iar\Debug\Obj\iar_4832482394000501318.dir\startup_pic32cxmt.o"
#        "C:\Users\Trinidad\Documents\Edge Power
#        Meter\DemoMeterApp_PIC32CXMTx-DB_v2.1.3\thirdparty\metrology\demo_meter\pic32cx2051mtc128_pic32cxmtc_db\iar\Debug\Obj\pic32cx_15128000982733294162.dir\supc.o"
#        "C:\Users\Trinidad\Documents\Edge Power
#        Meter\DemoMeterApp_PIC32CXMTx-DB_v2.1.3\thirdparty\metrology\demo_meter\pic32cx2051mtc128_pic32cxmtc_db\iar\Debug\Obj\pic32cx_17052947085646343767.dir\sysclk.o"
#        "C:\Users\Trinidad\Documents\Edge Power
#        Meter\DemoMeterApp_PIC32CXMTx-DB_v2.1.3\thirdparty\metrology\demo_meter\pic32cx2051mtc128_pic32cxmtc_db\iar\Debug\Obj\templates_16553508189581584325.dir\system_pic32cxmt.o"
#        "C:\Users\Trinidad\Documents\Edge Power
#        Meter\DemoMeterApp_PIC32CXMTx-DB_v2.1.3\thirdparty\metrology\demo_meter\pic32cx2051mtc128_pic32cxmtc_db\iar\Debug\Obj\kenerl_17057865948722818158.dir\task.o"
#        "C:\Users\Trinidad\Documents\Edge Power
#        Meter\DemoMeterApp_PIC32CXMTx-DB_v2.1.3\thirdparty\metrology\demo_meter\pic32cx2051mtc128_pic32cxmtc_db\iar\Debug\Obj\tou_17325662007959550489.dir\tou.o"
#        "C:\Users\Trinidad\Documents\Edge Power
#        Meter\DemoMeterApp_PIC32CXMTx-DB_v2.1.3\thirdparty\metrology\demo_meter\pic32cx2051mtc128_pic32cxmtc_db\iar\Debug\Obj\uart_9721864324678920132.dir\uart.o"
#        "C:\Users\Trinidad\Documents\Edge Power
#        Meter\DemoMeterApp_PIC32CXMTx-DB_v2.1.3\thirdparty\metrology\demo_meter\pic32cx2051mtc128_pic32cxmtc_db\iar\Debug\Obj\usart_8294822555315349871.dir\usart.o"
#        "C:\Users\Trinidad\Documents\Edge Power
#        Meter\DemoMeterApp_PIC32CXMTx-DB_v2.1.3\thirdparty\metrology\demo_meter\pic32cx2051mtc128_pic32cxmtc_db\iar\Debug\Obj\serial_1807546217111395596.dir\usart_serial.o"
#        "C:\Users\Trinidad\Documents\Edge Power
#        Meter\DemoMeterApp_PIC32CXMTx-DB_v2.1.3\thirdparty\metrology\demo_meter\pic32cx2051mtc128_pic32cxmtc_db\iar\Debug\Obj\utils_14378979707904112178.dir\utils.o"
#        "C:\Users\Trinidad\Documents\Edge Power
#        Meter\DemoMeterApp_PIC32CXMTx-DB_v2.1.3\thirdparty\metrology\demo_meter\pic32cx2051mtc128_pic32cxmtc_db\iar\Debug\Obj\stdio_5455814441982807288.dir\write.o"
#        --no_out_extension -o "C:\Users\Trinidad\Documents\Edge Power
#        Meter\DemoMeterApp_PIC32CXMTx-DB_v2.1.3\thirdparty\metrology\demo_meter\pic32cx2051mtc128_pic32cxmtc_db\iar\Debug\Exe\metrology_demometer_flash.out"
#        --redirect _Printf=_PrintfLarge --redirect _Scanf=_ScanfSmall --map
#        "C:\Users\Trinidad\Documents\Edge Power
#        Meter\DemoMeterApp_PIC32CXMTx-DB_v2.1.3\thirdparty\metrology\demo_meter\pic32cx2051mtc128_pic32cxmtc_db\iar\Debug\List\metrology_demometer_flash.map"
#        --config "C:\Users\Trinidad\Documents\Edge Power
#        Meter\DemoMeterApp_PIC32CXMTx-DB_v2.1.3\thirdparty\metrology\demo_meter\pic32cx2051mtc128_pic32cxmtc_db\iar\..\..\..\..\..\sam\utils\linker_scripts\pic32cx\iar\pic32cx2051mtxx_0_flash.icf"
#        --remarks --image_input "C:\Users\Trinidad\Documents\Edge Power
#        Meter\DemoMeterApp_PIC32CXMTx-DB_v2.1.3\thirdparty\metrology\demo_meter\pic32cx2051mtc128_pic32cxmtc_db\iar\..\..\..\metrology_lib\core1_metlib.bin,core1_metlib,P_core1_metlib,8"
#        --entry __iar_program_start --no_exceptions "C:\Program Files\IAR
#        Systems\Embedded Workbench
#        9.2_2\arm\CMSIS\Lib\IAR\iar_cortexM4lf_math.a" --vfe --text_out locale
#        --cpu=Cortex-M4 --fpu=VFPv4_sp) --dependencies=n
#        "C:\Users\Trinidad\Documents\Edge Power
#        Meter\DemoMeterApp_PIC32CXMTx-DB_v2.1.3\thirdparty\metrology\demo_meter\pic32cx2051mtc128_pic32cxmtc_db\iar\Debug\Exe\metrology_demometer_flash.out.iar_deps"
#
###############################################################################

*******************************************************************************
*** RUNTIME MODEL ATTRIBUTES
***

CppFlavor       = *
__CPP_Runtime   = 1
__Heap_Handler  = NoFree
__SystemLibrary = DLib
__dlib_version  = 6


*******************************************************************************
*** HEAP SELECTION
***

The no free heap was selected because no calls to memory
deallocation functions were found in the application.


*******************************************************************************
*** PLACEMENT SUMMARY
***

"A0":  place at address 0x100'0000 { ro section .intvec };
define block ITCMInRom with alignment = 8 { section code_TCM_init };
define block DTCMInRom with alignment = 8 { section data_TCM_init };
"P1":  place in [from 0x100'0000 to 0x11f'ffff] {
          ro, block ITCMInRom, block DTCMInRom };
define block CSTACK with size = 8K, alignment = 8 { };
define block HEAP with size = 512, alignment = 8 { };
"P2":  place in [from 0x2000'0000 to 0x2007'ffff] {
          rw, block CSTACK, block HEAP };
initialize by copy { rw };

No sections matched the following patterns:

  section code_TCM       in "P3"
  section code_TCM_init  in block ITCMInRom
  section data_TCM       in "P4"
  section data_TCM_init  in block DTCMInRom


  Section            Kind         Address  Aligment      Size  Object
  -------            ----         -------  --------      ----  ------
"A0":                                                   0x1c4
  .intvec                      0x100'0000               0x1c4  <Block>
    .intvec          const     0x100'0000         4     0x1c4  startup_pic32cxmt.o [19]
                             - 0x100'01c4               0x1c4

"P1":                                                0x1'49c6
  P_core1_metlib               0x100'01c8              0x496f  <Block>
    P_core1_metlib   const     0x100'01c8         8    0x496f  core1_metlib.bin [1]
  .rodata            const     0x100'4b37                 0x1  xlocale_c.o [50]
  Veneer             ro code   0x100'4b38         4       0x8  - Linker created -
  .text              ro code   0x100'4b40         4    0x398c  command.o [6]
  .text              ro code   0x100'84cc         4     0x734  sysclk.o [30]
  .text              ro code   0x100'8c00         4     0x18a  usart.o [48]
  .text              ro code   0x100'8d8a         2      0x7e  lz77_init_single.o [52]
  .text              ro code   0x100'8e08         4      0x5c  uart.o [47]
  .text              ro code   0x100'8e64         4      0x34  pdc.o [25]
  .text              ro code   0x100'8e98         4      0x76  ABImemcpy_unaligned.o [52]
  .text              ro code   0x100'8f0e         2       0xa  xsprout.o [50]
  .text              ro code   0x100'8f18         4      0x62  memcmp_unaligned.o [52]
  .rodata            const     0x100'8f7a         2       0x2  cl010_slcdc.o [4]
  .text              ro code   0x100'8f7c         4      0x22  S32ToDbl.o [51]
  .rodata            const     0x100'8f9e         2       0x2  xlocale_c.o [50]
  .text              ro code   0x100'8fa0         4      0x26  math_wrappers64.o [51]
  .rodata            const     0x100'8fc6         2       0x2  xlocale_c.o [50]
  .text              ro code   0x100'8fc8         4      0x22  DblToU32.o [51]
  .text              ro code   0x100'8fea         2      0x2a  strstr.o [50]
  .text              ro code   0x100'9014         4      0x40  sprintf.o [50]
  .text              ro code   0x100'9054         4    0x2014  metrology.o [24]
  .text              ro code   0x100'b068         4     0x1b0  dwdt.o [11]
  .text              ro code   0x100'b218         4      0xa0  task.o [23]
  .text              ro code   0x100'b2b8         4     0x274  I64DivMod.o [52]
  .text              ro code   0x100'b52c         4      0x38  rstc.o [34]
  .text              ro code   0x100'b564         4     0x514  pmc.o [31]
  .text              ro code   0x100'ba78         4     0x65c  coproc.o [7]
  .text              ro code   0x100'c0d4         4      0xb8  utils.o [49]
  .text              ro code   0x100'c18c         4      0x24  energy.o [13]
  .text              ro code   0x100'c1b0         4     0x10c  history.o [18]
  .text              ro code   0x100'c2bc         4      0x66  ABImemset.o [52]
  .text              ro code   0x100'c324         4      0x48  U64ToFlt.o [51]
  .text              ro code   0x100'c36c         4      0x48  FltToDbl.o [51]
  .text              ro code   0x100'c3b4         4     0x230  event.o [14]
  .text              ro code   0x100'c5e4         4      0xbc  extmem.o [15]
  .text              ro code   0x100'c6a0         4      0x24  demand.o [8]
  .text              ro code   0x100'c6c4         4     0x490  rtcproc.o [36]
  .text              ro code   0x100'cb54         4      0xb8  tou.o [46]
  .text              ro code   0x100'cc0c         4      0x6e  supc.o [29]
  Veneer             ro code   0x100'cc7c         4       0x8  - Linker created -
  .text              ro code   0x100'cc84         4     0x318  system_pic32cxmt.o [45]
  .text              ro code   0x100'cf9c         4     0x170  atan2_64.o [51]
  .text              ro code   0x100'd10c         4     0x68c  pow64.o [51]
  .text              ro code   0x100'd798         4      0x16  strchr.o [52]
  .text              ro code   0x100'd7b0         4     0xd36  xprintflarge.o [50]
  .text              ro code   0x100'e4e8         4      0x46  U64ToDbl.o [51]
  .text              ro code   0x100'e530         4     0x246  DblDiv.o [51]
  .text              ro code   0x100'e778         4      0x1c  U32ToDbl.o [51]
  .text              ro code   0x100'e794         4     0x102  sqrt.o [51]
  .text              ro code   0x100'e898         4     0x1aa  DblMul.o [51]
  .text              ro code   0x100'ea44         4      0x54  S64ToDbl.o [51]
  .text              ro code   0x100'ea98         4      0x36  DblToS32.o [51]
  .text              ro code   0x100'eace         2       0x8  abs.o [50]
  .text              ro code   0x100'ead8         4     0x25e  DblAddSub.o [51]
  .text              ro code   0x100'ed38         4       0x2  I64DivZer.o [52]
  .text              ro code   0x100'ed3c         4     0x356  icm.o [20]
  .text              ro code   0x100'f094         4     0x114  ipc.o [22]
  .text              ro code   0x100'f1a8         4     0x340  sst26vfxxx.o [43]
  .text              ro code   0x100'f4e8         4     0x5e0  rtc.o [35]
  .text              ro code   0x100'fac8         4      0x34  DblCmpLe.o [51]
  .text              ro code   0x100'fafc         4     0x1c8  iar_Atan64.o [51]
  .text              ro code   0x100'fcc4         4      0x20  DblCmpEq.o [51]
  .text              ro code   0x100'fce4         4      0x70  frexp.o [51]
  .text              ro code   0x100'fd54         4      0x34  DblCmpGe.o [51]
  .text              ro code   0x100'fd88         4     0x348  iar_Exp64.o [51]
  .text              ro code   0x101'00d0         4      0x70  xlocale_c.o [50]
  .text              ro code   0x101'0140         4      0x40  xfail_s.o [50]
  .text              ro code   0x101'0180         4      0x36  strlen.o [52]
  .text              ro code   0x101'01b8         4      0x58  memchr.o [52]
  .text              ro code   0x101'0210         4     0x3f0  qspi.o [28]
  .text              ro code   0x101'0600         4     0x13a  ldexp.o [51]
  .text              ro code   0x101'073a         2       0x6  abort.o [50]
  .text              ro code   0x101'0740         4       0xc  XXexit.o [52]
  .text              ro code   0x101'074c         4     0xb80  display.o [10]
  .text              ro code   0x101'12cc         4     0x284  cl010_slcdc.o [4]
  .text              ro code   0x101'1550         4      0xe8  slcdc.o [42]
  .text              ro code   0x101'1638         4     0x97c  main.o [9]
  .text              ro code   0x101'1fb4         4     0x17c  sleep.o [31]
  .text              ro code   0x101'2130         4     0x138  flexcom.o [16]
  .text              ro code   0x101'2268         4      0x1c  gpbr.o [17]
  .text              ro code   0x101'2284         4      0xe0  basetime.o [2]
  .text              ro code   0x101'2364         4     0x360  init.o [32]
  .text              ro code   0x101'26c4         2       0x8  chipid.o [3]
  .text              ro code   0x101'26cc         4     0x298  presskey.o [33]
  .text              ro code   0x101'2964         4      0xd8  pio.o [27]
  .text              ro code   0x101'2a3c         4      0x28  printf.o [50]
  .text              ro code   0x101'2a64         4     0x130  pio_handler.o [27]
  .rodata            const     0x101'2b94         4      0x6c  cl010_slcdc.o [4]
  .rodata            const     0x101'2c00         8     0x420  pow64.o [51]
  .rodata            const     0x101'3020         4      0x54  command.o [6]
  .rodata            const     0x101'3074         4      0x54  command.o [6]
  .text              ro code   0x101'30c8         4      0x50  write.o [44]
  .rodata            const     0x101'3118         4      0x4c  command.o [6]
  .rodata            const     0x101'3164         4      0x4c  command.o [6]
  .text              ro code   0x101'31b0         4      0x44  putchar.o [50]
  .rodata            const     0x101'31f4         4      0x40  command.o [6]
  .rodata            const     0x101'3234         4      0x3c  command.o [6]
  .rodata            const     0x101'3270         8      0x40  iar_Atan64.o [51]
  .rodata            const     0x101'32b0         4      0x38  cl010_slcdc.o [4]
  .rodata            const     0x101'32e8         4      0x38  command.o [6]
  .text              ro code   0x101'3320         2      0x38  zero_init3.o [52]
  .rodata            const     0x101'3358         4      0x34  cl010_slcdc.o [4]
  .rodata            const     0x101'338c         4      0x34  command.o [6]
  .text              ro code   0x101'33c0         4      0x32  startup_pic32cxmt.o [19]
  .text              ro code   0x101'33f4         4      0x1c  cstartup_M.o [52]
  .text              ro code   0x101'3410         4      0x22  fpinit_M.o [51]
  .text              ro code   0x101'3434         4      0x1e  cmain.o [52]
  .text              ro code   0x101'3454         4      0x2a  data_init.o [52]
  .text              ro code   0x101'347e         2       0x4  exit.o [50]
  .text              ro code   0x101'3484         4       0xa  cexit.o [52]
  .rodata            const     0x101'3490         4      0x30  command.o [6]
  .rodata            const     0x101'34c0         4      0x30  command.o [6]
  .rodata            const     0x101'34f0         4      0x30  command.o [6]
  .rodata            const     0x101'3520         4      0x2c  command.o [6]
  .rodata            const     0x101'354c         4      0x2c  command.o [6]
  .rodata            const     0x101'3578         4      0x2c  command.o [6]
  .rodata            const     0x101'35a4         4      0x28  command.o [6]
  .rodata            const     0x101'35cc         4      0x28  command.o [6]
  .rodata            const     0x101'35f4         4      0x28  command.o [6]
  .rodata            const     0x101'361c         4      0x24  command.o [6]
  .rodata            const     0x101'3640         4      0x24  command.o [6]
  .rodata            const     0x101'3664         4      0x24  rtcproc.o [36]
  .iar.init_table    const     0x101'3688         4      0x20  - Linker created -
  .rodata            const     0x101'36a8         4      0x20  command.o [6]
  .rodata            const     0x101'36c8         4      0x20  command.o [6]
  .rodata            const     0x101'36e8         4      0x20  command.o [6]
  .rodata            const     0x101'3708         4      0x20  command.o [6]
  .rodata            const     0x101'3728         4      0x20  command.o [6]
  .rodata            const     0x101'3748         4      0x20  command.o [6]
  .rodata            const     0x101'3768         4      0x20  command.o [6]
  .rodata            const     0x101'3788         4      0x20  command.o [6]
  .rodata            const     0x101'37a8         4      0x20  command.o [6]
  .rodata            const     0x101'37c8         4      0x20  command.o [6]
  .rodata            const     0x101'37e8         4      0x20  presskey.o [33]
  .rodata            const     0x101'3808         4      0x1c  command.o [6]
  .rodata            const     0x101'3824         4      0x1c  command.o [6]
  .rodata            const     0x101'3840         4      0x1c  command.o [6]
  .rodata            const     0x101'385c         4      0x1c  command.o [6]
  .rodata            const     0x101'3878         4      0x1c  command.o [6]
  .rodata            const     0x101'3894         4      0x1c  command.o [6]
  .rodata            const     0x101'38b0         4      0x1c  command.o [6]
  .rodata            const     0x101'38cc         4      0x1c  command.o [6]
  .rodata            const     0x101'38e8         4      0x1c  command.o [6]
  .rodata            const     0x101'3904         4      0x1c  command.o [6]
  .rodata            const     0x101'3920         4      0x1c  command.o [6]
  .rodata            const     0x101'393c         4      0x1c  command.o [6]
  .rodata            const     0x101'3958         4      0x1c  command.o [6]
  .rodata            const     0x101'3974         4      0x1c  command.o [6]
  .rodata            const     0x101'3990         4      0x1c  command.o [6]
  .rodata            const     0x101'39ac         4      0x1c  command.o [6]
  .rodata            const     0x101'39c8         4      0x18  command.o [6]
  .rodata            const     0x101'39e0         4      0x18  command.o [6]
  .rodata            const     0x101'39f8         4      0x18  command.o [6]
  .rodata            const     0x101'3a10         4      0x18  command.o [6]
  .rodata            const     0x101'3a28         4      0x18  command.o [6]
  .rodata            const     0x101'3a40         4      0x18  command.o [6]
  .rodata            const     0x101'3a58         4      0x18  command.o [6]
  .rodata            const     0x101'3a70         4      0x18  command.o [6]
  .rodata            const     0x101'3a88         4      0x18  command.o [6]
  .rodata            const     0x101'3aa0         4      0x18  command.o [6]
  .text              ro code   0x101'3ab8         2      0x16  xprout.o [50]
  .rodata            const     0x101'3ad0         4      0x14  cl010_slcdc.o [4]
  .rodata            const     0x101'3ae4         4      0x14  cl010_slcdc.o [4]
  .rodata            const     0x101'3af8         4      0x14  cl010_slcdc.o [4]
  .rodata            const     0x101'3b0c         4      0x14  cl010_slcdc.o [4]
  .rodata            const     0x101'3b20         4      0x14  cl010_slcdc.o [4]
  .rodata            const     0x101'3b34         4      0x14  cl010_slcdc.o [4]
  .rodata            const     0x101'3b48         4      0x14  cl010_slcdc.o [4]
  .rodata            const     0x101'3b5c         4      0x14  command.o [6]
  .rodata            const     0x101'3b70         4      0x14  command.o [6]
  .rodata            const     0x101'3b84         4      0x14  command.o [6]
  .rodata            const     0x101'3b98         4      0x14  command.o [6]
  .rodata            const     0x101'3bac         4      0x14  command.o [6]
  .rodata            const     0x101'3bc0         4      0x14  command.o [6]
  .rodata            const     0x101'3bd4         4      0x14  command.o [6]
  .rodata            const     0x101'3be8         4      0x14  command.o [6]
  .rodata            const     0x101'3bfc         4      0x14  command.o [6]
  .rodata            const     0x101'3c10         4      0x14  metrology.o [24]
  .rodata            const     0x101'3c24         4      0x14  metrology.o [24]
  .rodata            const     0x101'3c38         4      0x14  metrology.o [24]
  .rodata            const     0x101'3c4c         4      0x14  metrology.o [24]
  .rodata            const     0x101'3c60         4      0x14  metrology.o [24]
  .rodata            const     0x101'3c74         4      0x14  metrology.o [24]
  .rodata            const     0x101'3c88         4      0x14  metrology.o [24]
  .rodata            const     0x101'3c9c         4      0x14  metrology.o [24]
  .rodata            const     0x101'3cb0         4      0x14  metrology.o [24]
  .rodata            const     0x101'3cc4         4      0x14  metrology.o [24]
  .rodata            const     0x101'3cd8         4      0x14  metrology.o [24]
  .rodata            const     0x101'3cec         4      0x14  metrology.o [24]
  .rodata            const     0x101'3d00         4      0x14  metrology.o [24]
  .rodata            const     0x101'3d14         4      0x10  cl010_slcdc.o [4]
  .rodata            const     0x101'3d24         4      0x10  cl010_slcdc.o [4]
  .rodata            const     0x101'3d34         4      0x10  display.o [10]
  .rodata            const     0x101'3d44         4      0x10  main.o [9]
  .rodata            const     0x101'3d54         4      0x10  main.o [9]
  .rodata            const     0x101'3d64         4      0x10  main.o [9]
  .rodata            const     0x101'3d74         4      0x10  metrology.o [24]
  .rodata            const     0x101'3d84         4      0x10  metrology.o [24]
  .rodata            const     0x101'3d94         4      0x10  metrology.o [24]
  .rodata            const     0x101'3da4         4      0x10  metrology.o [24]
  .rodata            const     0x101'3db4         4      0x10  metrology.o [24]
  .rodata            const     0x101'3dc4         4      0x10  metrology.o [24]
  .rodata            const     0x101'3dd4         4      0x10  metrology.o [24]
  .rodata            const     0x101'3de4         4      0x10  metrology.o [24]
  .rodata            const     0x101'3df4         4      0x10  metrology.o [24]
  .rodata            const     0x101'3e04         4      0x10  metrology.o [24]
  .rodata            const     0x101'3e14         4      0x10  metrology.o [24]
  .rodata            const     0x101'3e24         4      0x10  metrology.o [24]
  .rodata            const     0x101'3e34         4      0x10  metrology.o [24]
  .rodata            const     0x101'3e44         4      0x10  metrology.o [24]
  .rodata            const     0x101'3e54         4      0x10  metrology.o [24]
  .rodata            const     0x101'3e64         4      0x10  metrology.o [24]
  .rodata            const     0x101'3e74         4      0x10  metrology.o [24]
  .rodata            const     0x101'3e84         4      0x10  metrology.o [24]
  .rodata            const     0x101'3e94         4      0x10  metrology.o [24]
  .rodata            const     0x101'3ea4         4      0x10  metrology.o [24]
  .rodata            const     0x101'3eb4         4      0x10  metrology.o [24]
  .rodata            const     0x101'3ec4         4      0x10  metrology.o [24]
  .rodata            const     0x101'3ed4         4      0x10  metrology.o [24]
  .rodata            const     0x101'3ee4         4      0x10  metrology.o [24]
  .rodata            const     0x101'3ef4         4      0x10  metrology.o [24]
  .rodata            const     0x101'3f04         4      0x10  metrology.o [24]
  .rodata            const     0x101'3f14         4      0x10  metrology.o [24]
  .rodata            const     0x101'3f24         4      0x10  metrology.o [24]
  .rodata            const     0x101'3f34         4      0x10  metrology.o [24]
  .rodata            const     0x101'3f44         4      0x10  metrology.o [24]
  .rodata            const     0x101'3f54         4      0x10  metrology.o [24]
  .rodata            const     0x101'3f64         4      0x10  metrology.o [24]
  .rodata            const     0x101'3f74         4      0x10  metrology.o [24]
  .rodata            const     0x101'3f84         4      0x10  metrology.o [24]
  .rodata            const     0x101'3f94         4      0x10  metrology.o [24]
  .rodata            const     0x101'3fa4         4      0x10  metrology.o [24]
  .rodata            const     0x101'3fb4         4      0x10  metrology.o [24]
  .rodata            const     0x101'3fc4         4      0x10  metrology.o [24]
  .rodata            const     0x101'3fd4         4      0x10  metrology.o [24]
  .rodata            const     0x101'3fe4         4      0x10  metrology.o [24]
  .rodata            const     0x101'3ff4         4      0x10  metrology.o [24]
  .rodata            const     0x101'4004         4      0x10  metrology.o [24]
  .rodata            const     0x101'4014         4      0x10  metrology.o [24]
  .rodata            const     0x101'4024         4      0x10  metrology.o [24]
  .rodata            const     0x101'4034         4      0x10  metrology.o [24]
  .rodata            const     0x101'4044         4      0x10  metrology.o [24]
  .rodata            const     0x101'4054         4      0x10  metrology.o [24]
  .rodata            const     0x101'4064         4      0x10  metrology.o [24]
  .rodata            const     0x101'4074         4      0x10  metrology.o [24]
  .rodata            const     0x101'4084         4      0x10  metrology.o [24]
  .rodata            const     0x101'4094         4      0x10  metrology.o [24]
  .rodata            const     0x101'40a4         4      0x10  metrology.o [24]
  .rodata            const     0x101'40b4         4      0x10  metrology.o [24]
  .rodata            const     0x101'40c4         4      0x10  metrology.o [24]
  .rodata            const     0x101'40d4         4      0x10  metrology.o [24]
  .rodata            const     0x101'40e4         4      0x10  metrology.o [24]
  .rodata            const     0x101'40f4         4      0x10  metrology.o [24]
  .rodata            const     0x101'4104         4      0x10  metrology.o [24]
  .rodata            const     0x101'4114         4      0x10  metrology.o [24]
  .rodata            const     0x101'4124         4      0x10  metrology.o [24]
  .rodata            const     0x101'4134         4      0x10  metrology.o [24]
  .rodata            const     0x101'4144         4      0x10  metrology.o [24]
  .rodata            const     0x101'4154         4      0x10  metrology.o [24]
  .rodata            const     0x101'4164         4      0x10  metrology.o [24]
  .rodata            const     0x101'4174         4      0x10  metrology.o [24]
  .rodata            const     0x101'4184         4      0x10  metrology.o [24]
  .rodata            const     0x101'4194         4       0xc  cl010_slcdc.o [4]
  .rodata            const     0x101'41a0         4       0xc  cl010_slcdc.o [4]
  .rodata            const     0x101'41ac         4       0xc  cl010_slcdc.o [4]
  .rodata            const     0x101'41b8         4       0xc  cl010_slcdc.o [4]
  .rodata            const     0x101'41c4         4       0xc  cl010_slcdc.o [4]
  .rodata            const     0x101'41d0         4       0xc  cl010_slcdc.o [4]
  .rodata            const     0x101'41dc         4       0xc  cl010_slcdc.o [4]
  .rodata            const     0x101'41e8         4       0xc  command.o [6]
  .rodata            const     0x101'41f4         4       0xc  command.o [6]
  .rodata            const     0x101'4200         4       0xc  command.o [6]
  .rodata            const     0x101'420c         4       0xc  metrology.o [24]
  .rodata            const     0x101'4218         4       0xc  metrology.o [24]
  .rodata            const     0x101'4224         4       0xc  metrology.o [24]
  .rodata            const     0x101'4230         4       0xc  metrology.o [24]
  .rodata            const     0x101'423c         4       0xc  metrology.o [24]
  .rodata            const     0x101'4248         4       0xc  metrology.o [24]
  .rodata            const     0x101'4254         4       0xc  metrology.o [24]
  .rodata            const     0x101'4260         4       0xc  metrology.o [24]
  .rodata            const     0x101'426c         4       0xc  metrology.o [24]
  .rodata            const     0x101'4278         4       0xc  metrology.o [24]
  .rodata            const     0x101'4284         4       0xc  metrology.o [24]
  .rodata            const     0x101'4290         4       0xc  metrology.o [24]
  .rodata            const     0x101'429c         4       0xc  metrology.o [24]
  .rodata            const     0x101'42a8         4       0xc  metrology.o [24]
  .rodata            const     0x101'42b4         4       0xc  metrology.o [24]
  .rodata            const     0x101'42c0         4       0xc  metrology.o [24]
  .rodata            const     0x101'42cc         4       0xc  metrology.o [24]
  .rodata            const     0x101'42d8         4       0xc  metrology.o [24]
  .rodata            const     0x101'42e4         4       0xc  metrology.o [24]
  .rodata            const     0x101'42f0         4       0xc  metrology.o [24]
  .rodata            const     0x101'42fc         4       0xc  metrology.o [24]
  .rodata            const     0x101'4308         4       0xc  metrology.o [24]
  .rodata            const     0x101'4314         4       0xc  metrology.o [24]
  .rodata            const     0x101'4320         4       0xc  metrology.o [24]
  .rodata            const     0x101'432c         4       0xc  metrology.o [24]
  .rodata            const     0x101'4338         4       0xc  metrology.o [24]
  .rodata            const     0x101'4344         4       0xc  metrology.o [24]
  .rodata            const     0x101'4350         4       0xc  metrology.o [24]
  .rodata            const     0x101'435c         4       0xc  metrology.o [24]
  .rodata            const     0x101'4368         4       0xc  metrology.o [24]
  .rodata            const     0x101'4374         4       0xc  metrology.o [24]
  .rodata            const     0x101'4380         4       0xc  metrology.o [24]
  .rodata            const     0x101'438c         4       0xc  metrology.o [24]
  .rodata            const     0x101'4398         4       0xc  metrology.o [24]
  .rodata            const     0x101'43a4         4       0xc  metrology.o [24]
  .rodata            const     0x101'43b0         4       0xc  metrology.o [24]
  .rodata            const     0x101'43bc         4       0xc  metrology.o [24]
  .rodata            const     0x101'43c8         4       0xc  metrology.o [24]
  .rodata            const     0x101'43d4         4       0xc  metrology.o [24]
  .rodata            const     0x101'43e0         4       0xc  metrology.o [24]
  .rodata            const     0x101'43ec         4       0xc  metrology.o [24]
  .rodata            const     0x101'43f8         4       0xc  metrology.o [24]
  .rodata            const     0x101'4404         4       0xc  metrology.o [24]
  .rodata            const     0x101'4410         4       0xc  metrology.o [24]
  .rodata            const     0x101'441c         4       0xc  metrology.o [24]
  .rodata            const     0x101'4428         4       0xc  metrology.o [24]
  .rodata            const     0x101'4434         4       0xc  metrology.o [24]
  .rodata            const     0x101'4440         4       0xc  metrology.o [24]
  .rodata            const     0x101'444c         4       0xc  metrology.o [24]
  .rodata            const     0x101'4458         4       0xc  metrology.o [24]
  .rodata            const     0x101'4464         4       0xc  metrology.o [24]
  .rodata            const     0x101'4470         4       0xc  metrology.o [24]
  .rodata            const     0x101'447c         4       0xc  metrology.o [24]
  .rodata            const     0x101'4488         4       0xc  metrology.o [24]
  .rodata            const     0x101'4494         4       0xc  metrology.o [24]
  .rodata            const     0x101'44a0         4       0xc  metrology.o [24]
  .rodata            const     0x101'44ac         4       0xc  metrology.o [24]
  .rodata            const     0x101'44b8         4       0xc  metrology.o [24]
  .rodata            const     0x101'44c4         4       0xc  metrology.o [24]
  .rodata            const     0x101'44d0         4       0xc  metrology.o [24]
  .rodata            const     0x101'44dc         4       0xc  metrology.o [24]
  .rodata            const     0x101'44e8         4       0xc  metrology.o [24]
  .rodata            const     0x101'44f4         4       0xc  metrology.o [24]
  .rodata            const     0x101'4500         4       0xc  metrology.o [24]
  .rodata            const     0x101'450c         4       0xc  rtcproc.o [36]
  .rodata            const     0x101'4518         4       0xc  rtcproc.o [36]
  .rodata            const     0x101'4524         4       0xc  rtcproc.o [36]
  .text              ro code   0x101'4530         2       0xc  xencoding_8859_1.o [50]
  .rodata            const     0x101'453c         4       0x8  cl010_slcdc.o [4]
  .rodata            const     0x101'4544         4       0x8  cl010_slcdc.o [4]
  .rodata            const     0x101'454c         4       0x8  cl010_slcdc.o [4]
  .rodata            const     0x101'4554         4       0x8  cl010_slcdc.o [4]
  .rodata            const     0x101'455c         4       0x8  command.o [6]
  .rodata            const     0x101'4564         4       0x8  command.o [6]
  .rodata            const     0x101'456c         4       0x8  command.o [6]
  .rodata            const     0x101'4574         4       0x8  display.o [10]
  .rodata            const     0x101'457c         4       0x8  display.o [10]
  .rodata            const     0x101'4584         4       0x8  display.o [10]
  .rodata            const     0x101'458c         4       0x8  display.o [10]
  .rodata            const     0x101'4594         4       0x8  display.o [10]
  .rodata            const     0x101'459c         4       0x8  display.o [10]
  .rodata            const     0x101'45a4         4       0x8  display.o [10]
  .rodata            const     0x101'45ac         4       0x8  display.o [10]
  .rodata            const     0x101'45b4         4       0x8  display.o [10]
  .rodata            const     0x101'45bc         4       0x8  display.o [10]
  .rodata            const     0x101'45c4         4       0x8  display.o [10]
  .rodata            const     0x101'45cc         4       0x8  display.o [10]
  .rodata            const     0x101'45d4         4       0x8  metrology.o [24]
  .rodata            const     0x101'45dc         4       0x8  metrology.o [24]
  .rodata            const     0x101'45e4         4       0x8  metrology.o [24]
  .rodata            const     0x101'45ec         4       0x8  metrology.o [24]
  .rodata            const     0x101'45f4         4       0x8  metrology.o [24]
  .rodata            const     0x101'45fc         4       0x8  metrology.o [24]
  .rodata            const     0x101'4604         4       0x8  metrology.o [24]
  .rodata            const     0x101'460c         4       0x8  metrology.o [24]
  .rodata            const     0x101'4614         4       0x8  metrology.o [24]
  .rodata            const     0x101'461c         4       0x8  metrology.o [24]
  .rodata            const     0x101'4624         4       0x8  metrology.o [24]
  .rodata            const     0x101'462c         4       0x8  metrology.o [24]
  .rodata            const     0x101'4634         4       0x8  metrology.o [24]
  .rodata            const     0x101'463c         4       0x8  metrology.o [24]
  .rodata            const     0x101'4644         4       0x8  metrology.o [24]
  .rodata            const     0x101'464c         4       0x8  metrology.o [24]
  .rodata            const     0x101'4654         4       0x8  metrology.o [24]
  .rodata            const     0x101'465c         4       0x8  metrology.o [24]
  .rodata            const     0x101'4664         4       0x8  metrology.o [24]
  .rodata            const     0x101'466c         4       0x8  metrology.o [24]
  .rodata            const     0x101'4674         4       0x8  metrology.o [24]
  .rodata            const     0x101'467c         4       0x8  metrology.o [24]
  .rodata            const     0x101'4684         4       0x8  metrology.o [24]
  .rodata            const     0x101'468c         4       0x8  metrology.o [24]
  .rodata            const     0x101'4694         4       0x8  metrology.o [24]
  .rodata            const     0x101'469c         4       0x8  metrology.o [24]
  .rodata            const     0x101'46a4         4       0x8  metrology.o [24]
  .rodata            const     0x101'46ac         4       0x8  metrology.o [24]
  .rodata            const     0x101'46b4         4       0x8  metrology.o [24]
  .rodata            const     0x101'46bc         4       0x8  rtcproc.o [36]
  .rodata            const     0x101'46c4         4       0x4  cl010_slcdc.o [4]
  .rodata            const     0x101'46c8         4       0x4  command.o [6]
  .rodata            const     0x101'46cc                 0x0  zero_init3.o [52]
  .rodata            const     0x101'46cc                 0x0  lz77_init_single.o [52]
  Initializer bytes  const     0x101'46cc               0x4c2  <for P2-1>
                             - 0x101'4b8e            0x1'49c6

"P2", part 1 of 3:                                      0x775
  P2-1                        0x2000'0000               0x775  <Init block>
    .data            inited   0x2000'0000         4       0x4  command.o [6]
    .data            inited   0x2000'0004         4      0x1c  extmem.o [15]
    .data            inited   0x2000'0020         4      0xf4  metrology.o [24]
    .data            inited   0x2000'0114         4     0x100  metrology.o [24]
    .data            inited   0x2000'0214         4     0x100  metrology.o [24]
    .data            inited   0x2000'0314         4      0x90  metrology.o [24]
    .data            inited   0x2000'03a4         4      0x90  metrology.o [24]
    .data            inited   0x2000'0434         4      0xe0  metrology.o [24]
    .data            inited   0x2000'0514         4      0xe0  metrology.o [24]
    .data            inited   0x2000'05f4         4      0x40  metrology.o [24]
    .data            inited   0x2000'0634         4      0x40  metrology.o [24]
    .data            inited   0x2000'0674         4      0x1c  metrology.o [24]
    .data            inited   0x2000'0690         4       0x4  pmc.o [31]
    .data            inited   0x2000'0694         4       0x4  system_pic32cxmt.o [45]
    .data            inited   0x2000'0698         4      0x38  xlocale_c.o [50]
    .data            inited   0x2000'06d0         4      0x48  xlocale_c.o [50]
    .data            inited   0x2000'0718         4      0x48  xfiles.o [50]
    .textrw          inited   0x2000'0760         4       0xa  cycle_counter.o [38]
    .textrw          inited   0x2000'076c         4       0x8  efc.o [12]
    .data            inited   0x2000'0774                 0x1  interrupt_sam_nvic.o [21]
                            - 0x2000'0775               0x775

"P2", part 2 of 3:                                     0xcfd4
  .bss               zero     0x2000'0778         4    0x7d00  metrology.o [24]
  .bss               zero     0x2000'8478         8    0x2e88  history.o [18]
  .bss               zero     0x2000'b300         4     0xe28  event.o [14]
  .bss               zero     0x2000'c128         4     0x5f4  command.o [6]
  .bss               zero     0x2000'c71c         4     0x3d4  demand.o [8]
  .bss               zero     0x2000'caf0         8     0x378  metrology.o [24]
  .bss               zero     0x2000'ce68         4     0x200  ipc.o [22]
  .bss               zero     0x2000'd068         4     0x100  command.o [6]
  .bss               zero     0x2000'd168         8      0xc8  metrology.o [24]
  .bss               zero     0x2000'd280       128      0x80  coproc.o [7]
  .bss               zero     0x2000'd300       128      0x80  coproc.o [7]
  .bss               zero     0x2000'd380         4      0x7c  task.o [23]
  .bss               zero     0x2000'd3fc         4      0x74  metrology.o [24]
  .bss               zero     0x2000'd470         4      0x70  pio_handler.o [27]
  .bss               zero     0x2000'd4e0         4      0x50  xfiles.o [50]
  .bss               zero     0x2000'd530         4      0x3c  metrology.o [24]
  .bss               zero     0x2000'd56c         4      0x1c  icm.o [20]
  .bss               zero     0x2000'd588         8      0x38  metrology.o [24]
  .bss               zero     0x2000'd5c0         4      0x28  main.o [9]
  .bss               zero     0x2000'd5e8         8      0x20  energy.o [13]
  .bss               zero     0x2000'd608         4      0x20  rtcproc.o [36]
  .bss               zero     0x2000'd628         4      0x1c  tou.o [46]
  .bss               zero     0x2000'd644         4      0x18  display.o [10]
  .bss               zero     0x2000'd680        64      0x10  coproc.o [7]
  .bss               zero     0x2000'd690         4      0x10  display.o [10]
  .bss               zero     0x2000'd6a0         4      0x10  extmem.o [15]
  .bss               zero     0x2000'd6b0         4      0x10  main.o [9]
  .bss               zero     0x2000'd6c0         4       0xc  main.o [9]
  .bss               zero     0x2000'd6cc         4       0x8  display.o [10]
  .bss               zero     0x2000'd6d4         4       0x4  basetime.o [2]
  .bss               zero     0x2000'd6d8         8       0x8  metrology.o [24]
  .bss               zero     0x2000'd6e0         4       0x8  sleepmgr.o [39]
  .bss               zero     0x2000'd6e8         4       0x4  basetime.o [2]
  .bss               zero     0x2000'd6ec         4       0x4  basetime.o [2]
  .bss               zero     0x2000'd6f0         4       0x4  basetime.o [2]
  .bss               zero     0x2000'd6f4         4       0x4  command.o [6]
  .bss               zero     0x2000'd6f8         4       0x4  command.o [6]
  .bss               zero     0x2000'd6fc         4       0x4  command.o [6]
  .bss               zero     0x2000'd700         4       0x4  coproc.o [7]
  .bss               zero     0x2000'd704         4       0x4  coproc.o [7]
  .bss               zero     0x2000'd708         4       0x4  coproc.o [7]
  .bss               zero     0x2000'd70c         4       0x4  coproc.o [7]
  .bss               zero     0x2000'd710         4       0x4  coproc.o [7]
  .bss               zero     0x2000'd714         4       0x4  metrology.o [24]
  .bss               zero     0x2000'd718         4       0x4  metrology.o [24]
  .bss               zero     0x2000'd71c         4       0x4  pio_handler.o [27]
  .bss               zero     0x2000'd720         4       0x4  slcdc.o [42]
  .bss               zero     0x2000'd724         4       0x4  sleep.o [31]
  .bss               zero     0x2000'd728         4       0x4  sst26vfxxx.o [43]
  .bss               zero     0x2000'd72c         4       0x4  sst26vfxxx.o [43]
  .bss               zero     0x2000'd730         4       0x4  system_pic32cxmt.o [45]
  .bss               zero     0x2000'd734         4       0x4  usart.o [48]
  .bss               zero     0x2000'd738         4       0x4  write.o [44]
  .bss               zero     0x2000'd73c         4       0x4  write.o [44]
  .bss               zero     0x2000'd740         4       0x4  xfail_s.o [50]
  .bss               zero     0x2000'd744         2       0x2  presskey.o [33]
  .bss               zero     0x2000'd746                 0x1  command.o [6]
  .bss               zero     0x2000'd747                 0x1  display.o [10]
  .bss               zero     0x2000'd748                 0x1  display.o [10]
  .bss               zero     0x2000'd749                 0x1  main.o [9]
  .bss               zero     0x2000'd74a                 0x1  qspi.o [28]
  .bss               zero     0x2000'd74b                 0x1  sleep.o [31]
                            - 0x2000'd74c              0xcfd4

"P2", part 3 of 3:                                     0x2000
  CSTACK                      0x2000'd750         8    0x2000  <Block>
    CSTACK           uninit   0x2000'd750              0x2000  <Block tail>
                            - 0x2000'f750              0x2000

Unused ranges:

         From           To       Size
         ----           --       ----
   0x100'01c4   0x100'01c7        0x4
   0x101'4b8e   0x11f'ffff  0x1e'b472
  0x2000'0775  0x2000'0777        0x3
  0x2000'd74c  0x2000'd74f        0x4
  0x2000'f750  0x2007'ffff   0x7'08b0


*******************************************************************************
*** INIT TABLE
***

          Address      Size
          -------      ----
Zero (__iar_zero_init3)
    1 destination range, total size 0xcfd4:
          0x2000'0778  0xcfd4

Copy/lz77 (__iar_lz77_init_single3)
    1 source range, total size 0x4c2 (63% of destination):
           0x101'46cc   0x4c2
    1 destination range, total size 0x775:
          0x2000'0000   0x775



*******************************************************************************
*** MODULE SUMMARY
***

    Module                 ro code  rw code  ro data  rw data
    ------                 -------  -------  -------  -------
command line/config:
    ---------------------------------------------------------
    Total:

C:\Users\Trinidad\Documents\Edge Power Meter\DemoMeterApp_PIC32CXMTx-DB_v2.1.3\thirdparty\metrology\demo_meter\pic32cx2051mtc128_pic32cxmtc_db\iar\..\..\..\metrology_lib: [1]
    core1_metlib.bin                          18'799
    ---------------------------------------------------------
    Total:                                    18'799

C:\Users\Trinidad\Documents\Edge Power Meter\DemoMeterApp_PIC32CXMTx-DB_v2.1.3\thirdparty\metrology\demo_meter\pic32cx2051mtc128_pic32cxmtc_db\iar\Debug\Obj\basetimer_4936673974756582190.dir: [2]
    basetime.o                 224                         16
    ---------------------------------------------------------
    Total:                     224                         16

C:\Users\Trinidad\Documents\Edge Power Meter\DemoMeterApp_PIC32CXMTx-DB_v2.1.3\thirdparty\metrology\demo_meter\pic32cx2051mtc128_pic32cxmtc_db\iar\Debug\Obj\chipid_13066561950281449856.dir: [3]
    chipid.o                     8
    ---------------------------------------------------------
    Total:                       8

C:\Users\Trinidad\Documents\Edge Power Meter\DemoMeterApp_PIC32CXMTx-DB_v2.1.3\thirdparty\metrology\demo_meter\pic32cx2051mtc128_pic32cxmtc_db\iar\Debug\Obj\cl010_11579800423161132974.dir: [4]
    cl010_slcdc.o              644               510
    ---------------------------------------------------------
    Total:                     644               510

C:\Users\Trinidad\Documents\Edge Power Meter\DemoMeterApp_PIC32CXMTx-DB_v2.1.3\thirdparty\metrology\demo_meter\pic32cx2051mtc128_pic32cxmtc_db\iar\Debug\Obj\cmcc_7489387026569200248.dir: [5]
    ---------------------------------------------------------
    Total:

C:\Users\Trinidad\Documents\Edge Power Meter\DemoMeterApp_PIC32CXMTx-DB_v2.1.3\thirdparty\metrology\demo_meter\pic32cx2051mtc128_pic32cxmtc_db\iar\Debug\Obj\command_8906228788617416980.dir: [6]
    command.o               14'732             2'274    1'797
    ---------------------------------------------------------
    Total:                  14'732             2'274    1'797

C:\Users\Trinidad\Documents\Edge Power Meter\DemoMeterApp_PIC32CXMTx-DB_v2.1.3\thirdparty\metrology\demo_meter\pic32cx2051mtc128_pic32cxmtc_db\iar\Debug\Obj\coproc_9749331468082316160.dir: [7]
    coproc.o                 1'628                        292
    ---------------------------------------------------------
    Total:                   1'628                        292

C:\Users\Trinidad\Documents\Edge Power Meter\DemoMeterApp_PIC32CXMTx-DB_v2.1.3\thirdparty\metrology\demo_meter\pic32cx2051mtc128_pic32cxmtc_db\iar\Debug\Obj\demand_17355641823859620046.dir: [8]
    demand.o                    36                        980
    ---------------------------------------------------------
    Total:                      36                        980

C:\Users\Trinidad\Documents\Edge Power Meter\DemoMeterApp_PIC32CXMTx-DB_v2.1.3\thirdparty\metrology\demo_meter\pic32cx2051mtc128_pic32cxmtc_db\iar\Debug\Obj\demo_meter_5572793459405541382.dir: [9]
    main.o                   2'428                48       69
    ---------------------------------------------------------
    Total:                   2'428                48       69

C:\Users\Trinidad\Documents\Edge Power Meter\DemoMeterApp_PIC32CXMTx-DB_v2.1.3\thirdparty\metrology\demo_meter\pic32cx2051mtc128_pic32cxmtc_db\iar\Debug\Obj\display_17728295051085714797.dir: [10]
    display.o                2'944               112       50
    ---------------------------------------------------------
    Total:                   2'944               112       50

C:\Users\Trinidad\Documents\Edge Power Meter\DemoMeterApp_PIC32CXMTx-DB_v2.1.3\thirdparty\metrology\demo_meter\pic32cx2051mtc128_pic32cxmtc_db\iar\Debug\Obj\dwdt_12470398042489126074.dir: [11]
    dwdt.o                     432
    ---------------------------------------------------------
    Total:                     432

C:\Users\Trinidad\Documents\Edge Power Meter\DemoMeterApp_PIC32CXMTx-DB_v2.1.3\thirdparty\metrology\demo_meter\pic32cx2051mtc128_pic32cxmtc_db\iar\Debug\Obj\efc_6270090437959664630.dir: [12]
    efc.o                                 8        7
    ---------------------------------------------------------
    Total:                                8        7

C:\Users\Trinidad\Documents\Edge Power Meter\DemoMeterApp_PIC32CXMTx-DB_v2.1.3\thirdparty\metrology\demo_meter\pic32cx2051mtc128_pic32cxmtc_db\iar\Debug\Obj\energy_17222462974655821958.dir: [13]
    energy.o                    36                         32
    ---------------------------------------------------------
    Total:                      36                         32

C:\Users\Trinidad\Documents\Edge Power Meter\DemoMeterApp_PIC32CXMTx-DB_v2.1.3\thirdparty\metrology\demo_meter\pic32cx2051mtc128_pic32cxmtc_db\iar\Debug\Obj\event_11943493266707601799.dir: [14]
    event.o                    560                      3'624
    ---------------------------------------------------------
    Total:                     560                      3'624

C:\Users\Trinidad\Documents\Edge Power Meter\DemoMeterApp_PIC32CXMTx-DB_v2.1.3\thirdparty\metrology\demo_meter\pic32cx2051mtc128_pic32cxmtc_db\iar\Debug\Obj\extmem_6959264042228827857.dir: [15]
    extmem.o                   188                18       44
    ---------------------------------------------------------
    Total:                     188                18       44

C:\Users\Trinidad\Documents\Edge Power Meter\DemoMeterApp_PIC32CXMTx-DB_v2.1.3\thirdparty\metrology\demo_meter\pic32cx2051mtc128_pic32cxmtc_db\iar\Debug\Obj\flexcom_6888569455888393767.dir: [16]
    flexcom.o                  312
    ---------------------------------------------------------
    Total:                     312

C:\Users\Trinidad\Documents\Edge Power Meter\DemoMeterApp_PIC32CXMTx-DB_v2.1.3\thirdparty\metrology\demo_meter\pic32cx2051mtc128_pic32cxmtc_db\iar\Debug\Obj\gpbr_6572994327841527292.dir: [17]
    gpbr.o                      28
    ---------------------------------------------------------
    Total:                      28

C:\Users\Trinidad\Documents\Edge Power Meter\DemoMeterApp_PIC32CXMTx-DB_v2.1.3\thirdparty\metrology\demo_meter\pic32cx2051mtc128_pic32cxmtc_db\iar\Debug\Obj\history_6017328472732847341.dir: [18]
    history.o                  268                     11'912
    ---------------------------------------------------------
    Total:                     268                     11'912

C:\Users\Trinidad\Documents\Edge Power Meter\DemoMeterApp_PIC32CXMTx-DB_v2.1.3\thirdparty\metrology\demo_meter\pic32cx2051mtc128_pic32cxmtc_db\iar\Debug\Obj\iar_4832482394000501318.dir: [19]
    startup_pic32cxmt.o         50               452
    ---------------------------------------------------------
    Total:                      50               452

C:\Users\Trinidad\Documents\Edge Power Meter\DemoMeterApp_PIC32CXMTx-DB_v2.1.3\thirdparty\metrology\demo_meter\pic32cx2051mtc128_pic32cxmtc_db\iar\Debug\Obj\icm_15745070383992474706.dir: [20]
    icm.o                      854                         28
    ---------------------------------------------------------
    Total:                     854                         28

C:\Users\Trinidad\Documents\Edge Power Meter\DemoMeterApp_PIC32CXMTx-DB_v2.1.3\thirdparty\metrology\demo_meter\pic32cx2051mtc128_pic32cxmtc_db\iar\Debug\Obj\interrupt_17014432481494778935.dir: [21]
    interrupt_sam_nvic.o                           1        1
    ---------------------------------------------------------
    Total:                                         1        1

C:\Users\Trinidad\Documents\Edge Power Meter\DemoMeterApp_PIC32CXMTx-DB_v2.1.3\thirdparty\metrology\demo_meter\pic32cx2051mtc128_pic32cxmtc_db\iar\Debug\Obj\ipc_5619749694703802938.dir: [22]
    ipc.o                      276                        512
    ---------------------------------------------------------
    Total:                     276                        512

C:\Users\Trinidad\Documents\Edge Power Meter\DemoMeterApp_PIC32CXMTx-DB_v2.1.3\thirdparty\metrology\demo_meter\pic32cx2051mtc128_pic32cxmtc_db\iar\Debug\Obj\kenerl_17057865948722818158.dir: [23]
    task.o                     160                        124
    ---------------------------------------------------------
    Total:                     160                        124

C:\Users\Trinidad\Documents\Edge Power Meter\DemoMeterApp_PIC32CXMTx-DB_v2.1.3\thirdparty\metrology\demo_meter\pic32cx2051mtc128_pic32cxmtc_db\iar\Debug\Obj\metrology_8079378378844777797.dir: [24]
    metrology.o              8'212             3'367   34'984
    ---------------------------------------------------------
    Total:                   8'212             3'367   34'984

C:\Users\Trinidad\Documents\Edge Power Meter\DemoMeterApp_PIC32CXMTx-DB_v2.1.3\thirdparty\metrology\demo_meter\pic32cx2051mtc128_pic32cxmtc_db\iar\Debug\Obj\pdc_9659333879650592204.dir: [25]
    pdc.o                       52
    ---------------------------------------------------------
    Total:                      52

C:\Users\Trinidad\Documents\Edge Power Meter\DemoMeterApp_PIC32CXMTx-DB_v2.1.3\thirdparty\metrology\demo_meter\pic32cx2051mtc128_pic32cxmtc_db\iar\Debug\Obj\pic32cx_10721819307376783235.dir: [26]
    ---------------------------------------------------------
    Total:

C:\Users\Trinidad\Documents\Edge Power Meter\DemoMeterApp_PIC32CXMTx-DB_v2.1.3\thirdparty\metrology\demo_meter\pic32cx2051mtc128_pic32cxmtc_db\iar\Debug\Obj\pic32cx_11649012628071203076.dir: [27]
    pio.o                      216
    pio_handler.o              304                        116
    ---------------------------------------------------------
    Total:                     520                        116

C:\Users\Trinidad\Documents\Edge Power Meter\DemoMeterApp_PIC32CXMTx-DB_v2.1.3\thirdparty\metrology\demo_meter\pic32cx2051mtc128_pic32cxmtc_db\iar\Debug\Obj\pic32cx_13603347718158513638.dir: [28]
    qspi.o                   1'008                          1
    ---------------------------------------------------------
    Total:                   1'008                          1

C:\Users\Trinidad\Documents\Edge Power Meter\DemoMeterApp_PIC32CXMTx-DB_v2.1.3\thirdparty\metrology\demo_meter\pic32cx2051mtc128_pic32cxmtc_db\iar\Debug\Obj\pic32cx_15128000982733294162.dir: [29]
    supc.o                     110
    ---------------------------------------------------------
    Total:                     110

C:\Users\Trinidad\Documents\Edge Power Meter\DemoMeterApp_PIC32CXMTx-DB_v2.1.3\thirdparty\metrology\demo_meter\pic32cx2051mtc128_pic32cxmtc_db\iar\Debug\Obj\pic32cx_17052947085646343767.dir: [30]
    sysclk.o                 1'844
    ---------------------------------------------------------
    Total:                   1'844

C:\Users\Trinidad\Documents\Edge Power Meter\DemoMeterApp_PIC32CXMTx-DB_v2.1.3\thirdparty\metrology\demo_meter\pic32cx2051mtc128_pic32cxmtc_db\iar\Debug\Obj\pic32cx_634910764530157841.dir: [31]
    pmc.o                    1'300                 3        4
    sleep.o                    380                          5
    ---------------------------------------------------------
    Total:                   1'680                 3        9

C:\Users\Trinidad\Documents\Edge Power Meter\DemoMeterApp_PIC32CXMTx-DB_v2.1.3\thirdparty\metrology\demo_meter\pic32cx2051mtc128_pic32cxmtc_db\iar\Debug\Obj\pic32cxmtc_db_15326935369949177419.dir: [32]
    init.o                     864
    ---------------------------------------------------------
    Total:                     864

C:\Users\Trinidad\Documents\Edge Power Meter\DemoMeterApp_PIC32CXMTx-DB_v2.1.3\thirdparty\metrology\demo_meter\pic32cx2051mtc128_pic32cxmtc_db\iar\Debug\Obj\presskey_10794399148976416360.dir: [33]
    presskey.o                 664                32        2
    ---------------------------------------------------------
    Total:                     664                32        2

C:\Users\Trinidad\Documents\Edge Power Meter\DemoMeterApp_PIC32CXMTx-DB_v2.1.3\thirdparty\metrology\demo_meter\pic32cx2051mtc128_pic32cxmtc_db\iar\Debug\Obj\rstc_15885853018164111619.dir: [34]
    rstc.o                      56
    ---------------------------------------------------------
    Total:                      56

C:\Users\Trinidad\Documents\Edge Power Meter\DemoMeterApp_PIC32CXMTx-DB_v2.1.3\thirdparty\metrology\demo_meter\pic32cx2051mtc128_pic32cxmtc_db\iar\Debug\Obj\rtc_8534214779885698296.dir: [35]
    rtc.o                    1'504
    ---------------------------------------------------------
    Total:                   1'504

C:\Users\Trinidad\Documents\Edge Power Meter\DemoMeterApp_PIC32CXMTx-DB_v2.1.3\thirdparty\metrology\demo_meter\pic32cx2051mtc128_pic32cxmtc_db\iar\Debug\Obj\rtcproc_3244680199167186646.dir: [36]
    rtcproc.o                1'168                80       32
    ---------------------------------------------------------
    Total:                   1'168                80       32

C:\Users\Trinidad\Documents\Edge Power Meter\DemoMeterApp_PIC32CXMTx-DB_v2.1.3\thirdparty\metrology\demo_meter\pic32cx2051mtc128_pic32cxmtc_db\iar\Debug\Obj\rtt_16311937672687947566.dir: [37]
    ---------------------------------------------------------
    Total:

C:\Users\Trinidad\Documents\Edge Power Meter\DemoMeterApp_PIC32CXMTx-DB_v2.1.3\thirdparty\metrology\demo_meter\pic32cx2051mtc128_pic32cxmtc_db\iar\Debug\Obj\sam_12540497443070241048.dir: [38]
    cycle_counter.o                      10        6
    ---------------------------------------------------------
    Total:                               10        6

C:\Users\Trinidad\Documents\Edge Power Meter\DemoMeterApp_PIC32CXMTx-DB_v2.1.3\thirdparty\metrology\demo_meter\pic32cx2051mtc128_pic32cxmtc_db\iar\Debug\Obj\sam_3596523682536596269.dir: [39]
    sleepmgr.o                                              8
    ---------------------------------------------------------
    Total:                                                  8

C:\Users\Trinidad\Documents\Edge Power Meter\DemoMeterApp_PIC32CXMTx-DB_v2.1.3\thirdparty\metrology\demo_meter\pic32cx2051mtc128_pic32cxmtc_db\iar\Debug\Obj\serial_1807546217111395596.dir: [40]
    ---------------------------------------------------------
    Total:

C:\Users\Trinidad\Documents\Edge Power Meter\DemoMeterApp_PIC32CXMTx-DB_v2.1.3\thirdparty\metrology\demo_meter\pic32cx2051mtc128_pic32cxmtc_db\iar\Debug\Obj\sfr_7047017103419163853.dir: [41]
    ---------------------------------------------------------
    Total:

C:\Users\Trinidad\Documents\Edge Power Meter\DemoMeterApp_PIC32CXMTx-DB_v2.1.3\thirdparty\metrology\demo_meter\pic32cx2051mtc128_pic32cxmtc_db\iar\Debug\Obj\slcdc_873949449722968577.dir: [42]
    slcdc.o                    232                          4
    ---------------------------------------------------------
    Total:                     232                          4

C:\Users\Trinidad\Documents\Edge Power Meter\DemoMeterApp_PIC32CXMTx-DB_v2.1.3\thirdparty\metrology\demo_meter\pic32cx2051mtc128_pic32cxmtc_db\iar\Debug\Obj\sst26vfxxx_5837435984781979122.dir: [43]
    sst26vfxxx.o               832                          8
    ---------------------------------------------------------
    Total:                     832                          8

C:\Users\Trinidad\Documents\Edge Power Meter\DemoMeterApp_PIC32CXMTx-DB_v2.1.3\thirdparty\metrology\demo_meter\pic32cx2051mtc128_pic32cxmtc_db\iar\Debug\Obj\stdio_5455814441982807288.dir: [44]
    write.o                     80                          8
    ---------------------------------------------------------
    Total:                      80                          8

C:\Users\Trinidad\Documents\Edge Power Meter\DemoMeterApp_PIC32CXMTx-DB_v2.1.3\thirdparty\metrology\demo_meter\pic32cx2051mtc128_pic32cxmtc_db\iar\Debug\Obj\templates_16553508189581584325.dir: [45]
    system_pic32cxmt.o         792                 2        8
    ---------------------------------------------------------
    Total:                     792                 2        8

C:\Users\Trinidad\Documents\Edge Power Meter\DemoMeterApp_PIC32CXMTx-DB_v2.1.3\thirdparty\metrology\demo_meter\pic32cx2051mtc128_pic32cxmtc_db\iar\Debug\Obj\tou_17325662007959550489.dir: [46]
    tou.o                      184                         28
    ---------------------------------------------------------
    Total:                     184                         28

C:\Users\Trinidad\Documents\Edge Power Meter\DemoMeterApp_PIC32CXMTx-DB_v2.1.3\thirdparty\metrology\demo_meter\pic32cx2051mtc128_pic32cxmtc_db\iar\Debug\Obj\uart_9721864324678920132.dir: [47]
    uart.o                      92
    ---------------------------------------------------------
    Total:                      92

C:\Users\Trinidad\Documents\Edge Power Meter\DemoMeterApp_PIC32CXMTx-DB_v2.1.3\thirdparty\metrology\demo_meter\pic32cx2051mtc128_pic32cxmtc_db\iar\Debug\Obj\usart_8294822555315349871.dir: [48]
    usart.o                    394                          4
    ---------------------------------------------------------
    Total:                     394                          4

C:\Users\Trinidad\Documents\Edge Power Meter\DemoMeterApp_PIC32CXMTx-DB_v2.1.3\thirdparty\metrology\demo_meter\pic32cx2051mtc128_pic32cxmtc_db\iar\Debug\Obj\utils_14378979707904112178.dir: [49]
    utils.o                    184
    ---------------------------------------------------------
    Total:                     184

dl7M_tlf.a: [50]
    abort.o                      6
    abs.o                        8
    exit.o                       4
    printf.o                    40
    putchar.o                   68
    sprintf.o                   64
    strstr.o                    42
    xencoding_8859_1.o          12
    xfail_s.o                   64                          4
    xfiles.o                                      46      152
    xlocale_c.o                112                87      128
    xprintflarge.o           3'382
    xprout.o                    22
    xsprout.o                   10
    ---------------------------------------------------------
    Total:                   3'834               133      284

m7M_tls.a: [51]
    DblAddSub.o                606
    DblCmpEq.o                  32
    DblCmpGe.o                  52
    DblCmpLe.o                  52
    DblDiv.o                   582
    DblMul.o                   426
    DblToS32.o                  54
    DblToU32.o                  34
    FltToDbl.o                  72
    S32ToDbl.o                  34
    S64ToDbl.o                  84
    U32ToDbl.o                  28
    U64ToDbl.o                  70
    U64ToFlt.o                  72
    atan2_64.o                 368
    fpinit_M.o                  34
    frexp.o                    112
    iar_Atan64.o               456                64
    iar_Exp64.o                840
    ldexp.o                    314
    math_wrappers64.o           38
    pow64.o                  1'676             1'056
    sqrt.o                     258
    ---------------------------------------------------------
    Total:                   6'294             1'120

rt7M_tl.a: [52]
    ABImemcpy_unaligned.o      118
    ABImemset.o                102
    I64DivMod.o                628
    I64DivZer.o                  2
    XXexit.o                    12
    cexit.o                     10
    cmain.o                     30
    cstartup_M.o                28
    data_init.o                 42
    lz77_init_single.o         126
    memchr.o                    88
    memcmp_unaligned.o          98
    strchr.o                    22
    strlen.o                    54
    zero_init3.o                56
    ---------------------------------------------------------
    Total:                   1'416

    Gaps                        34        2        4      116
    Linker created              16                32    8'192
-------------------------------------------------------------
    Grand Total:            57'874       20   27'000   63'285


*******************************************************************************
*** ENTRY LIST
***

Entry                       Address    Size  Type      Object
-----                       -------    ----  ----      ------
.iar.init_table$$Base    0x101'3688           --   Gb  - Linker created -
.iar.init_table$$Limit   0x101'36a8           --   Gb  - Linker created -
.intvec$$Base            0x100'0000           --   Gb  - Linker created -
.intvec$$Limit           0x100'01c4           --   Gb  - Linker created -
?main                    0x101'3435          Code  Gb  cmain.o [52]
ACC_Handler              0x101'33f1     0x2  Code  Wk  startup_pic32cxmt.o [19]
ADC_Handler              0x101'33f1     0x2  Code  Wk  startup_pic32cxmt.o [19]
AESB_AESBSEC_Handler     0x101'33f1     0x2  Code  Wk  startup_pic32cxmt.o [19]
AESB_Handler             0x101'33f1     0x2  Code  Wk  startup_pic32cxmt.o [19]
AES_AESSEC_Handler       0x101'33f1     0x2  Code  Wk  startup_pic32cxmt.o [19]
AES_Handler              0x101'33f1     0x2  Code  Wk  startup_pic32cxmt.o [19]
ARM0_FPU_Handler         0x101'33f1     0x2  Code  Wk  startup_pic32cxmt.o [19]
ARM0_IXC_Handler         0x101'33f1     0x2  Code  Wk  startup_pic32cxmt.o [19]
ARM1_FPU_Handler         0x101'33f1     0x2  Code  Wk  startup_pic32cxmt.o [19]
ARM1_IXC_Handler         0x101'33f1     0x2  Code  Wk  startup_pic32cxmt.o [19]
BaseTimerInit            0x101'22ff    0x12  Code  Gb  basetime.o [2]
BaseTimerProcess         0x101'2311    0x2c  Code  Gb  basetime.o [2]
BusFault_Handler         0x101'33f1     0x2  Code  Wk  startup_pic32cxmt.o [19]
CPKCC_Handler            0x101'33f1     0x2  Code  Wk  startup_pic32cxmt.o [19]
CSTACK$$Base            0x2000'd750           --   Gb  - Linker created -
CSTACK$$Limit           0x2000'f750           --   Gb  - Linker created -
CacheMore                0x101'00d1    0x28  Code  Lc  xlocale_c.o [50]
CommandConsoleProcess    0x100'819d   0x21e  Code  Gb  command.o [6]
CommandEspProcess        0x100'83cd    0x92  Code  Gb  command.o [6]
CommandInit              0x100'80cb    0xbe  Code  Gb  command.o [6]
CommandOptoProcess       0x100'8199     0x2  Code  Gb  command.o [6]
CommandSendEspMsg        0x100'8465    0x22  Code  Gb  command.o [6]
CoprocInit               0x100'bf65    0xe8  Code  Gb  coproc.o [7]
DWDT0_Handler            0x101'33f1     0x2  Code  Wk  startup_pic32cxmt.o [19]
DWDT1_Handler            0x101'33f1     0x2  Code  Wk  startup_pic32cxmt.o [19]
DebugMon_Handler         0x101'33f1     0x2  Code  Wk  startup_pic32cxmt.o [19]
DemandClear              0x100'c6a1    0x20  Code  Gb  demand.o [8]
DisplayChangeInfo        0x101'074d    0x6c  Code  Gb  display.o [10]
DisplayProcess           0x101'07b9   0xaa2  Code  Gb  display.o [10]
Dummy_Handler            0x101'33f1     0x2  Code  Gb  startup_pic32cxmt.o [19]
EnergyClear              0x100'c18d    0x1e  Code  Gb  energy.o [13]
EventClear               0x100'c4ab    0x30  Code  Gb  event.o [14]
EventGetData             0x100'c4db    0xe8  Code  Gb  event.o [14]
ExtMemWrite              0x100'c61f    0x78  Code  Gb  extmem.o [15]
FLEXCOM0_Handler         0x100'806d    0x20  Code  Gb  command.o [6]
FLEXCOM1_Handler         0x100'808d    0x20  Code  Gb  command.o [6]
FLEXCOM2_Handler         0x101'33f1     0x2  Code  Wk  startup_pic32cxmt.o [19]
FLEXCOM3_Handler         0x101'33f1     0x2  Code  Wk  startup_pic32cxmt.o [19]
FLEXCOM4_Handler         0x101'33f1     0x2  Code  Wk  startup_pic32cxmt.o [19]
FLEXCOM5_Handler         0x101'33f1     0x2  Code  Wk  startup_pic32cxmt.o [19]
FLEXCOM6_Handler         0x101'33f1     0x2  Code  Wk  startup_pic32cxmt.o [19]
FLEXCOM7_Handler         0x101'33f1     0x2  Code  Wk  startup_pic32cxmt.o [19]
HardFault_Handler        0x101'33f1     0x2  Code  Wk  startup_pic32cxmt.o [19]
HistoryClearAll          0x100'c1b1    0x20  Code  Gb  history.o [18]
HistoryGetEnergyMonth    0x100'c1d1    0xe2  Code  Gb  history.o [18]
ICM_Handler              0x100'efc7    0x74  Code  Gb  icm.o [20]
ICM_ICMSEC_Handler       0x101'33f1     0x2  Code  Wk  startup_pic32cxmt.o [19]
IPC0_Handler             0x100'f187     0xa  Code  Gb  ipc.o [22]
IPC1_FULL_CYCLE_INT_Handler
                         0x100'bba9    0x10  Code  Lc  coproc.o [7]
IPC1_HALF_CYCLE_INT_Handler
                         0x100'bb99    0x10  Code  Lc  coproc.o [7]
IPC1_Handler             0x100'f191     0xa  Code  Gb  ipc.o [22]
IPC1_INIT_INT_Handler    0x100'bb69    0x1a  Code  Lc  coproc.o [7]
IPC1_INTEGRATION_INT_Handler
                         0x100'bbb9    0x6a  Code  Lc  coproc.o [7]
IPC1_RZC_INT_Handler     0x100'bb83    0x16  Code  Lc  coproc.o [7]
MATRIX0_Handler          0x101'33f1     0x2  Code  Wk  startup_pic32cxmt.o [19]
MATRIX1_Handler          0x101'33f1     0x2  Code  Wk  startup_pic32cxmt.o [19]
MATRIX2_Handler          0x101'33f1     0x2  Code  Wk  startup_pic32cxmt.o [19]
MATRIX3_Handler          0x101'33f1     0x2  Code  Wk  startup_pic32cxmt.o [19]
MCSPI_Handler            0x101'33f1     0x2  Code  Wk  startup_pic32cxmt.o [19]
MEM2MEM0_Handler         0x101'33f1     0x2  Code  Wk  startup_pic32cxmt.o [19]
MEM2MEM1_Handler         0x101'33f1     0x2  Code  Wk  startup_pic32cxmt.o [19]
MemManage_Handler        0x101'33f1     0x2  Code  Wk  startup_pic32cxmt.o [19]
[...]
                         0x100'bb55    0x14  Code  Lc  coproc.o [7]
rstc_config_backup_area_supplied_vddio
                         0x100'b53b     0xe  Code  Gb  rstc.o [34]
rstc_deassert_reset_of_coprocessor
                         0x100'bb49     0xc  Code  Lc  coproc.o [7]
rstc_disable_pmc_reset_on_watchdog_0_reset
                         0x100'b52d     0xe  Code  Gb  rstc.o [34]
rstc_get_reset_cause     0x100'b55d     0x8  Code  Gb  rstc.o [34]
rstc_start_software_reset
                         0x100'b549     0x6  Code  Gb  rstc.o [34]
rtc_clear_status         0x100'f789     0xa  Code  Gb  rtc.o [35]
rtc_disable_interrupt    0x100'f505     0x4  Code  Gb  rtc.o [35]
rtc_enable_interrupt     0x100'f501     0x4  Code  Gb  rtc.o [35]
rtc_enable_tamper_clear
                         0x100'f8f3    0x20  Code  Gb  rtc.o [35]
rtc_enable_tamper_input
                         0x100'f8eb     0x8  Code  Gb  rtc.o [35]
rtc_get_date             0x100'f617    0xa2  Code  Gb  rtc.o [35]
rtc_get_status           0x100'f785     0x4  Code  Gb  rtc.o [35]
rtc_get_tamper_date      0x100'f9e3    0xd8  Code  Gb  rtc.o [35]
rtc_get_tamper_event_counter
                         0x100'fabb     0xe  Code  Gb  rtc.o [35]
rtc_get_tamper_time      0x100'f913    0xd0  Code  Gb  rtc.o [35]
rtc_get_time             0x100'f509    0x78  Code  Gb  rtc.o [35]
rtc_set_date             0x100'f6b9    0xcc  Code  Gb  rtc.o [35]
rtc_set_hour_mode        0x100'f4e9    0x18  Code  Gb  rtc.o [35]
rtc_set_time             0x100'f581    0x96  Code  Gb  rtc.o [35]
rtc_set_waveform         0x100'f793   0x158  Code  Gb  rtc.o [35]
s_qspid                 0x2000'0004    0x1c  Data  Lc  extmem.o [15]
sb_scramble_en          0x2000'd74a     0x1  Data  Lc  qspi.o [28]
scalbln                  0x101'0601          Code  Gb  ldexp.o [51]
scalblnl                 0x101'0601          Code  Gb  ldexp.o [51]
scalbn                   0x101'0601          Code  Gb  ldexp.o [51]
scalbnl                  0x101'0601          Code  Gb  ldexp.o [51]
scale                    0x100'e3f1    0x46  Code  Lc  xprintflarge.o [50]
sec_hand                0x2000'd740     0x4  Data  Lc  xfail_s.o [50]
slcdc_callback_pointer  0x2000'd720     0x4  Data  Gb  slcdc.o [42]
slcdc_clear_display_memory
                         0x101'15f7    0x22  Code  Gb  slcdc.o [42]
slcdc_clear_lsb_memory   0x101'12e5    0x18  Code  Lc  cl010_slcdc.o [4]
slcdc_clear_lsb_memory   0x101'15a1    0x18  Code  Lc  slcdc.o [42]
slcdc_disable            0x101'15e7    0x10  Code  Gb  slcdc.o [42]
slcdc_set_lsb_memory     0x101'12cd    0x18  Code  Lc  cl010_slcdc.o [4]
sleepmgr_enter_sleep     0x101'196f    0x34  Code  Lc  main.o [9]
sleepmgr_get_sleep_mode
                         0x101'1959    0x16  Code  Lc  main.o [9]
sleepmgr_init            0x101'1905    0x24  Code  Lc  main.o [9]
sleepmgr_is_lock         0x100'ee79    0x16  Code  Lc  icm.o [20]
sleepmgr_lock_mode       0x101'2197    0x2e  Code  Lc  flexcom.o [16]
sleepmgr_lock_mode       0x100'ee1d    0x2e  Code  Lc  icm.o [20]
sleepmgr_lock_mode       0x101'1929    0x30  Code  Lc  main.o [9]
sleepmgr_locks          0x2000'd6e0     0x8  Data  Gb  sleepmgr.o [39]
sleepmgr_sleep           0x101'18e9    0x1c  Code  Lc  main.o [9]
sleepmgr_unlock_mode     0x100'ee4b    0x2e  Code  Lc  icm.o [20]
sleepmgr_unlock_mode     0x101'15b9    0x2e  Code  Lc  slcdc.o [42]
sprintf                  0x100'9015    0x40  Code  Gb  sprintf.o [50]
spuc_app_info           0x2000'd6cc     0x8  Data  Lc  display.o [10]
spuc_app_loop_idx       0x2000'd748     0x1  Data  Lc  display.o [10]
spuc_app_loop_info      0x2000'd644    0x18  Data  Lc  display.o [10]
spuc_app_loop_max       0x2000'd747     0x1  Data  Lc  display.o [10]
spuc_pdc_buff           0x2000'd068   0x100  Data  Lc  command.o [6]
sqrt                     0x100'e7a5          Code  Gb  sqrt.o [51]
sqrtl                    0x100'e7a5          Code  Gb  sqrt.o [51]
sst26vfxxx_erase_sector
                         0x100'f3c5    0x82  Code  Gb  sst26vfxxx.o [43]
sst26vfxxx_exec_command
                         0x100'f1fb    0xe2  Code  Lc  sst26vfxxx.o [43]
sst26vfxxx_memory_access
                         0x100'f2dd    0x9e  Code  Lc  sst26vfxxx.o [43]
sst26vfxxx_read_status   0x100'f37b    0x20  Code  Gb  sst26vfxxx.o [43]
sst26vfxxx_write_enable
                         0x100'f39b    0x2a  Code  Gb  sst26vfxxx.o [43]
sst26vfxxx_write_quad    0x100'f447    0x9a  Code  Gb  sst26vfxxx.o [43]
stdio_base              0x2000'd738     0x4  Data  Gb  write.o [44]
strchr                   0x100'd799          Code  Gb  strchr.o [52]
strlen                   0x101'0181          Code  Gb  strlen.o [52]
strstr                   0x100'8feb    0x2a  Code  Gb  strstr.o [50]
sulAppTimer             0x2000'd6e8     0x4  Data  Lc  basetime.o [2]
sulMetUpdTimer          0x2000'd6d4     0x4  Data  Lc  basetime.o [2]
supc_disable_core_monitor
                         0x100'cc3d     0xe  Code  Gb  supc.o [29]
supc_get_interrupt_status
                         0x100'cc35     0x4  Code  Gb  supc.o [29]
supc_get_status          0x100'cc65     0x4  Code  Gb  supc.o [29]
supc_get_wkup_status     0x100'cc39     0x4  Code  Gb  supc.o [29]
supc_monitor_voltage_is_invalid
                         0x100'cc69     0xa  Code  Gb  supc.o [29]
supc_set_backup_mode     0x100'cc73     0x8  Code  Gb  supc.o [29]
supc_set_wakeup_inputs   0x100'cc5d     0x8  Code  Gb  supc.o [29]
supc_set_wakeup_mode     0x100'cc59     0x4  Code  Gb  supc.o [29]
supc_switch_sclk_to_32kxtal
                         0x100'cc0d    0x28  Code  Gb  supc.o [29]
sus_mem_reg_size        0x2000'd6a0    0x10  Data  Lc  extmem.o [15]
symbol_down              0x101'3358    0x34  Data  Gb  cl010_slcdc.o [4]
symbol_units             0x101'2b94    0x6c  Data  Gb  cl010_slcdc.o [4]
symbol_up                0x101'32b0    0x38  Data  Gb  cl010_slcdc.o [4]
sysclk_configure_cpclk   0x100'85c1    0xaa  Code  Lc  sysclk.o [30]
sysclk_disable_peripheral_clock
                         0x100'c0eb     0xc  Code  Lc  utils.o [49]
sysclk_enable_peripheral_clock
                         0x101'2181    0x16  Code  Lc  flexcom.o [16]
sysclk_enable_peripheral_clock
                         0x100'ee07    0x16  Code  Lc  icm.o [20]
sysclk_enable_peripheral_clock
                         0x101'2365    0x16  Code  Lc  init.o [32]
sysclk_enable_peripheral_clock
                         0x100'f09d    0x16  Code  Lc  ipc.o [22]
sysclk_enable_peripheral_clock
                         0x101'174d    0x16  Code  Lc  main.o [9]
sysclk_enable_peripheral_clock
                         0x100'c0d5    0x16  Code  Lc  utils.o [49]
sysclk_get_coproc_peripheral_hz
                         0x101'170b    0x1a  Code  Lc  main.o [9]
sysclk_get_cpu_hz        0x100'4bb1     0xe  Code  Lc  command.o [6]
sysclk_get_cpu_hz        0x101'16e3     0xe  Code  Lc  main.o [9]
sysclk_get_cpu_hz        0x100'905d     0xe  Code  Lc  metrology.o [24]
sysclk_get_cpu_hz        0x100'c765     0xe  Code  Lc  rtcproc.o [36]
sysclk_get_cpu_hz        0x100'f1b1     0xe  Code  Lc  sst26vfxxx.o [43]
sysclk_get_cpu_hz        0x100'85b3     0xe  Code  Lc  sysclk.o [30]
sysclk_get_main_hz       0x100'4ba9     0x8  Code  Lc  command.o [6]
sysclk_get_main_hz       0x101'16db     0x8  Code  Lc  main.o [9]
sysclk_get_main_hz       0x100'9055     0x8  Code  Lc  metrology.o [24]
sysclk_get_main_hz       0x100'c75d     0x8  Code  Lc  rtcproc.o [36]
sysclk_get_main_hz       0x100'f1a9     0x8  Code  Lc  sst26vfxxx.o [43]
sysclk_get_main_hz       0x100'85ab     0x8  Code  Lc  sysclk.o [30]
sysclk_get_main_hz_core0
                         0x100'87dd   0x1ba  Code  Gb  sysclk.o [30]
sysclk_get_main_hz_core1
                         0x100'8997   0x236  Code  Gb  sysclk.o [30]
sysclk_get_peripheral_bus_hz
                         0x101'1725    0x28  Code  Lc  main.o [9]
sysclk_get_peripheral_hz
                         0x101'16f1    0x1a  Code  Lc  main.o [9]
sysclk_init              0x100'866b    0xda  Code  Gb  sysclk.o [30]
sysclk_restart_core0     0x100'8745    0x98  Code  Gb  sysclk.o [30]
system_init_flash        0x100'cecd    0x82  Code  Gb  system_pic32cxmt.o [45]
tamper_date             0x2000'd6b0    0x10  Data  Lc  main.o [9]
tamper_time             0x2000'd6c0     0xc  Data  Lc  main.o [9]
tcm_empty_init           0x101'33c1     0x4  Code  Lc  startup_pic32cxmt.o [19]
uart_get_pdc_base        0x100'8e4d    0x10  Code  Gb  uart.o [47]
uart_init                0x100'8e09    0x3a  Code  Gb  uart.o [47]
uart_is_tx_empty         0x100'8e43     0xa  Code  Gb  uart.o [47]
ul_cnt                  0x2000'd6fc     0x4  Data  Gb  command.o [6]
ul_flash_in_wait_mode   0x2000'0690     0x4  Data  Lc  pmc.o [31]
usart_disable_writeprotect_all_regs
                         0x100'8c01     0x8  Code  Lc  usart.o [48]
usart_drive_RTS_pin_high
                         0x100'8d0f     0x8  Code  Gb  usart.o [48]
usart_enable_interrupt   0x100'8d03     0x4  Code  Gb  usart.o [48]
usart_enable_rx          0x100'8cf7     0x6  Code  Gb  usart.o [48]
usart_enable_tx          0x100'8ceb     0x6  Code  Gb  usart.o [48]
usart_get_pdc_base       0x100'8d81     0xa  Code  Gb  usart.o [48]
usart_init_rs232         0x100'8c89    0x4e  Code  Gb  usart.o [48]
usart_init_rs232::ul_reg_val
                        0x2000'd734     0x4  Data  Lc  usart.o [48]
usart_is_tx_buf_empty    0x100'8ce1     0xa  Code  Gb  usart.o [48]
usart_putchar            0x100'8d2d    0x22  Code  Gb  usart.o [48]
usart_read               0x100'8d69    0x18  Code  Gb  usart.o [48]
usart_reset              0x100'8c59    0x30  Code  Gb  usart.o [48]
usart_reset_rx           0x100'8cfd     0x6  Code  Gb  usart.o [48]
usart_reset_status       0x100'8d07     0x8  Code  Gb  usart.o [48]
usart_reset_tx           0x100'8cf1     0x6  Code  Gb  usart.o [48]
usart_serial_init        0x101'19a3   0x1f4  Code  Lc  main.o [9]
usart_set_async_baudrate
                         0x100'8c09    0x50  Code  Gb  usart.o [48]
usart_write              0x100'8d17    0x16  Code  Gb  usart.o [48]
usart_write_line         0x100'8d4f    0x1a  Code  Gb  usart.o [48]
wait_mode                0x101'1ca7     0x2  Code  Lc  main.o [9]


[1] = C:\Users\Trinidad\Documents\Edge Power Meter\DemoMeterApp_PIC32CXMTx-DB_v2.1.3\thirdparty\metrology\demo_meter\pic32cx2051mtc128_pic32cxmtc_db\iar\..\..\..\metrology_lib
[2] = C:\Users\Trinidad\Documents\Edge Power Meter\DemoMeterApp_PIC32CXMTx-DB_v2.1.3\thirdparty\metrology\demo_meter\pic32cx2051mtc128_pic32cxmtc_db\iar\Debug\Obj\basetimer_4936673974756582190.dir
[3] = C:\Users\Trinidad\Documents\Edge Power Meter\DemoMeterApp_PIC32CXMTx-DB_v2.1.3\thirdparty\metrology\demo_meter\pic32cx2051mtc128_pic32cxmtc_db\iar\Debug\Obj\chipid_13066561950281449856.dir
[4] = C:\Users\Trinidad\Documents\Edge Power Meter\DemoMeterApp_PIC32CXMTx-DB_v2.1.3\thirdparty\metrology\demo_meter\pic32cx2051mtc128_pic32cxmtc_db\iar\Debug\Obj\cl010_11579800423161132974.dir
[5] = C:\Users\Trinidad\Documents\Edge Power Meter\DemoMeterApp_PIC32CXMTx-DB_v2.1.3\thirdparty\metrology\demo_meter\pic32cx2051mtc128_pic32cxmtc_db\iar\Debug\Obj\cmcc_7489387026569200248.dir
[6] = C:\Users\Trinidad\Documents\Edge Power Meter\DemoMeterApp_PIC32CXMTx-DB_v2.1.3\thirdparty\metrology\demo_meter\pic32cx2051mtc128_pic32cxmtc_db\iar\Debug\Obj\command_8906228788617416980.dir
[7] = C:\Users\Trinidad\Documents\Edge Power Meter\DemoMeterApp_PIC32CXMTx-DB_v2.1.3\thirdparty\metrology\demo_meter\pic32cx2051mtc128_pic32cxmtc_db\iar\Debug\Obj\coproc_9749331468082316160.dir
[8] = C:\Users\Trinidad\Documents\Edge Power Meter\DemoMeterApp_PIC32CXMTx-DB_v2.1.3\thirdparty\metrology\demo_meter\pic32cx2051mtc128_pic32cxmtc_db\iar\Debug\Obj\demand_17355641823859620046.dir
[9] = C:\Users\Trinidad\Documents\Edge Power Meter\DemoMeterApp_PIC32CXMTx-DB_v2.1.3\thirdparty\metrology\demo_meter\pic32cx2051mtc128_pic32cxmtc_db\iar\Debug\Obj\demo_meter_5572793459405541382.dir
[10] = C:\Users\Trinidad\Documents\Edge Power Meter\DemoMeterApp_PIC32CXMTx-DB_v2.1.3\thirdparty\metrology\demo_meter\pic32cx2051mtc128_pic32cxmtc_db\iar\Debug\Obj\display_17728295051085714797.dir
[11] = C:\Users\Trinidad\Documents\Edge Power Meter\DemoMeterApp_PIC32CXMTx-DB_v2.1.3\thirdparty\metrology\demo_meter\pic32cx2051mtc128_pic32cxmtc_db\iar\Debug\Obj\dwdt_12470398042489126074.dir
[12] = C:\Users\Trinidad\Documents\Edge Power Meter\DemoMeterApp_PIC32CXMTx-DB_v2.1.3\thirdparty\metrology\demo_meter\pic32cx2051mtc128_pic32cxmtc_db\iar\Debug\Obj\efc_6270090437959664630.dir
[13] = C:\Users\Trinidad\Documents\Edge Power Meter\DemoMeterApp_PIC32CXMTx-DB_v2.1.3\thirdparty\metrology\demo_meter\pic32cx2051mtc128_pic32cxmtc_db\iar\Debug\Obj\energy_17222462974655821958.dir
[14] = C:\Users\Trinidad\Documents\Edge Power Meter\DemoMeterApp_PIC32CXMTx-DB_v2.1.3\thirdparty\metrology\demo_meter\pic32cx2051mtc128_pic32cxmtc_db\iar\Debug\Obj\event_11943493266707601799.dir
[15] = C:\Users\Trinidad\Documents\Edge Power Meter\DemoMeterApp_PIC32CXMTx-DB_v2.1.3\thirdparty\metrology\demo_meter\pic32cx2051mtc128_pic32cxmtc_db\iar\Debug\Obj\extmem_6959264042228827857.dir
[16] = C:\Users\Trinidad\Documents\Edge Power Meter\DemoMeterApp_PIC32CXMTx-DB_v2.1.3\thirdparty\metrology\demo_meter\pic32cx2051mtc128_pic32cxmtc_db\iar\Debug\Obj\flexcom_6888569455888393767.dir
[17] = C:\Users\Trinidad\Documents\Edge Power Meter\DemoMeterApp_PIC32CXMTx-DB_v2.1.3\thirdparty\metrology\demo_meter\pic32cx2051mtc128_pic32cxmtc_db\iar\Debug\Obj\gpbr_6572994327841527292.dir
[18] = C:\Users\Trinidad\Documents\Edge Power Meter\DemoMeterApp_PIC32CXMTx-DB_v2.1.3\thirdparty\metrology\demo_meter\pic32cx2051mtc128_pic32cxmtc_db\iar\Debug\Obj\history_6017328472732847341.dir
[19] = C:\Users\Trinidad\Documents\Edge Power Meter\DemoMeterApp_PIC32CXMTx-DB_v2.1.3\thirdparty\metrology\demo_meter\pic32cx2051mtc128_pic32cxmtc_db\iar\Debug\Obj\iar_4832482394000501318.dir
[20] = C:\Users\Trinidad\Documents\Edge Power Meter\DemoMeterApp_PIC32CXMTx-DB_v2.1.3\thirdparty\metrology\demo_meter\pic32cx2051mtc128_pic32cxmtc_db\iar\Debug\Obj\icm_15745070383992474706.dir
[21] = C:\Users\Trinidad\Documents\Edge Power Meter\DemoMeterApp_PIC32CXMTx-DB_v2.1.3\thirdparty\metrology\demo_meter\pic32cx2051mtc128_pic32cxmtc_db\iar\Debug\Obj\interrupt_17014432481494778935.dir
[22] = C:\Users\Trinidad\Documents\Edge Power Meter\DemoMeterApp_PIC32CXMTx-DB_v2.1.3\thirdparty\metrology\demo_meter\pic32cx2051mtc128_pic32cxmtc_db\iar\Debug\Obj\ipc_5619749694703802938.dir
[23] = C:\Users\Trinidad\Documents\Edge Power Meter\DemoMeterApp_PIC32CXMTx-DB_v2.1.3\thirdparty\metrology\demo_meter\pic32cx2051mtc128_pic32cxmtc_db\iar\Debug\Obj\kenerl_17057865948722818158.dir
[24] = C:\Users\Trinidad\Documents\Edge Power Meter\DemoMeterApp_PIC32CXMTx-DB_v2.1.3\thirdparty\metrology\demo_meter\pic32cx2051mtc128_pic32cxmtc_db\iar\Debug\Obj\metrology_8079378378844777797.dir
[25] = C:\Users\Trinidad\Documents\Edge Power Meter\DemoMeterApp_PIC32CXMTx-DB_v2.1.3\thirdparty\metrology\demo_meter\pic32cx2051mtc128_pic32cxmtc_db\iar\Debug\Obj\pdc_9659333879650592204.dir
[26] = C:\Users\Trinidad\Documents\Edge Power Meter\DemoMeterApp_PIC32CXMTx-DB_v2.1.3\thirdparty\metrology\demo_meter\pic32cx2051mtc128_pic32cxmtc_db\iar\Debug\Obj\pic32cx_10721819307376783235.dir
[27] = C:\Users\Trinidad\Documents\Edge Power Meter\DemoMeterApp_PIC32CXMTx-DB_v2.1.3\thirdparty\metrology\demo_meter\pic32cx2051mtc128_pic32cxmtc_db\iar\Debug\Obj\pic32cx_11649012628071203076.dir
[28] = C:\Users\Trinidad\Documents\Edge Power Meter\DemoMeterApp_PIC32CXMTx-DB_v2.1.3\thirdparty\metrology\demo_meter\pic32cx2051mtc128_pic32cxmtc_db\iar\Debug\Obj\pic32cx_13603347718158513638.dir
[29] = C:\Users\Trinidad\Documents\Edge Power Meter\DemoMeterApp_PIC32CXMTx-DB_v2.1.3\thirdparty\metrology\demo_meter\pic32cx2051mtc128_pic32cxmtc_db\iar\Debug\Obj\pic32cx_15128000982733294162.dir
[30] = C:\Users\Trinidad\Documents\Edge Power Meter\DemoMeterApp_PIC32CXMTx-DB_v2.1.3\thirdparty\metrology\demo_meter\pic32cx2051mtc128_pic32cxmtc_db\iar\Debug\Obj\pic32cx_17052947085646343767.dir
[31] = C:\Users\Trinidad\Documents\Edge Power Meter\DemoMeterApp_PIC32CXMTx-DB_v2.1.3\thirdparty\metrology\demo_meter\pic32cx2051mtc128_pic32cxmtc_db\iar\Debug\Obj\pic32cx_634910764530157841.dir
[32] = C:\Users\Trinidad\Documents\Edge Power Meter\DemoMeterApp_PIC32CXMTx-DB_v2.1.3\thirdparty\metrology\demo_meter\pic32cx2051mtc128_pic32cxmtc_db\iar\Debug\Obj\pic32cxmtc_db_15326935369949177419.dir
[33] = C:\Users\Trinidad\Documents\Edge Power Meter\DemoMeterApp_PIC32CXMTx-DB_v2.1.3\thirdparty\metrology\demo_meter\pic32cx2051mtc128_pic32cxmtc_db\iar\Debug\Obj\presskey_10794399148976416360.dir
[34] = C:\Users\Trinidad\Documents\Edge Power Meter\DemoMeterApp_PIC32CXMTx-DB_v2.1.3\thirdparty\metrology\demo_meter\pic32cx2051mtc128_pic32cxmtc_db\iar\Debug\Obj\rstc_15885853018164111619.dir
[35] = C:\Users\Trinidad\Documents\Edge Power Meter\DemoMeterApp_PIC32CXMTx-DB_v2.1.3\thirdparty\metrology\demo_meter\pic32cx2051mtc128_pic32cxmtc_db\iar\Debug\Obj\rtc_8534214779885698296.dir
[36] = C:\Users\Trinidad\Documents\Edge Power Meter\DemoMeterApp_PIC32CXMTx-DB_v2.1.3\thirdparty\metrology\demo_meter\pic32cx2051mtc128_pic32cxmtc_db\iar\Debug\Obj\rtcproc_3244680199167186646.dir
[37] = C:\Users\Trinidad\Documents\Edge Power Meter\DemoMeterApp_PIC32CXMTx-DB_v2.1.3\thirdparty\metrology\demo_meter\pic32cx2051mtc128_pic32cxmtc_db\iar\Debug\Obj\rtt_16311937672687947566.dir
[38] = C:\Users\Trinidad\Documents\Edge Power Meter\DemoMeterApp_PIC32CXMTx-DB_v2.1.3\thirdparty\metrology\demo_meter\pic32cx2051mtc128_pic32cxmtc_db\iar\Debug\Obj\sam_12540497443070241048.dir
[39] = C:\Users\Trinidad\Documents\Edge Power Meter\DemoMeterApp_PIC32CXMTx-DB_v2.1.3\thirdparty\metrology\demo_meter\pic32cx2051mtc128_pic32cxmtc_db\iar\Debug\Obj\sam_3596523682536596269.dir
[40] = C:\Users\Trinidad\Documents\Edge Power Meter\DemoMeterApp_PIC32CXMTx-DB_v2.1.3\thirdparty\metrology\demo_meter\pic32cx2051mtc128_pic32cxmtc_db\iar\Debug\Obj\serial_1807546217111395596.dir
[41] = C:\Users\Trinidad\Documents\Edge Power Meter\DemoMeterApp_PIC32CXMTx-DB_v2.1.3\thirdparty\metrology\demo_meter\pic32cx2051mtc128_pic32cxmtc_db\iar\Debug\Obj\sfr_7047017103419163853.dir
[42] = C:\Users\Trinidad\Documents\Edge Power Meter\DemoMeterApp_PIC32CXMTx-DB_v2.1.3\thirdparty\metrology\demo_meter\pic32cx2051mtc128_pic32cxmtc_db\iar\Debug\Obj\slcdc_873949449722968577.dir
[43] = C:\Users\Trinidad\Documents\Edge Power Meter\DemoMeterApp_PIC32CXMTx-DB_v2.1.3\thirdparty\metrology\demo_meter\pic32cx2051mtc128_pic32cxmtc_db\iar\Debug\Obj\sst26vfxxx_5837435984781979122.dir
[44] = C:\Users\Trinidad\Documents\Edge Power Meter\DemoMeterApp_PIC32CXMTx-DB_v2.1.3\thirdparty\metrology\demo_meter\pic32cx2051mtc128_pic32cxmtc_db\iar\Debug\Obj\stdio_5455814441982807288.dir
[45] = C:\Users\Trinidad\Documents\Edge Power Meter\DemoMeterApp_PIC32CXMTx-DB_v2.1.3\thirdparty\metrology\demo_meter\pic32cx2051mtc128_pic32cxmtc_db\iar\Debug\Obj\templates_16553508189581584325.dir
[46] = C:\Users\Trinidad\Documents\Edge Power Meter\DemoMeterApp_PIC32CXMTx-DB_v2.1.3\thirdparty\metrology\demo_meter\pic32cx2051mtc128_pic32cxmtc_db\iar\Debug\Obj\tou_17325662007959550489.dir
[47] = C:\Users\Trinidad\Documents\Edge Power Meter\DemoMeterApp_PIC32CXMTx-DB_v2.1.3\thirdparty\metrology\demo_meter\pic32cx2051mtc128_pic32cxmtc_db\iar\Debug\Obj\uart_9721864324678920132.dir
[48] = C:\Users\Trinidad\Documents\Edge Power Meter\DemoMeterApp_PIC32CXMTx-DB_v2.1.3\thirdparty\metrology\demo_meter\pic32cx2051mtc128_pic32cxmtc_db\iar\Debug\Obj\usart_8294822555315349871.dir
[49] = C:\Users\Trinidad\Documents\Edge Power Meter\DemoMeterApp_PIC32CXMTx-DB_v2.1.3\thirdparty\metrology\demo_meter\pic32cx2051mtc128_pic32cxmtc_db\iar\Debug\Obj\utils_14378979707904112178.dir
[50] = dl7M_tlf.a
[51] = m7M_tls.a
[52] = rt7M_tl.a

  57'874 bytes of readonly  code memory
      20 bytes of readwrite code memory
  27'000 bytes of readonly  data memory
  63'285 bytes of readwrite data memory

Errors: none
Warnings: none
